07-14 21:06:02.006  3117  3266 D dasx    : Starting download: https://c.tenor.com/CJ3KdbbsPSoAAAAk/spinning-heart-love.gif
07-14 21:06:02.007  3117  3266 V dasx    : Is http uri, downloading (uri: https://c.tenor.com/CJ3KdbbsPSoAAAAk/spinning-heart-love.gif)
07-14 21:06:02.020  3117  3291 E MDD     : DownloadProgressMonitor: Can't find file group for uri: android://com.google.android.apps.messaging/files/datadownload/shared/public/datadownloadfile_1784077547826
07-14 21:06:02.022  3117  3249 D dasx    : Starting download: https://c.tenor.com/r-w47JuhZuQAAAAk/cute-hi.gif
07-14 21:06:02.022  3117  3249 V dasx    : Is http uri, downloading (uri: https://c.tenor.com/r-w47JuhZuQAAAAk/cute-hi.gif)
07-14 21:06:02.027  3117  3266 E MDD     : DownloadProgressMonitor: Can't find file group for uri: android://com.google.android.apps.messaging/files/datadownload/shared/public/datadownloadfile_1784077547827
07-14 21:06:02.031  3117  3291 D dasx    : Starting download: https://c.tenor.com/xHv3NBAOV1IAAAAk/cute-hey.gif
07-14 21:06:02.031  3117  3291 V dasx    : Is http uri, downloading (uri: https://c.tenor.com/xHv3NBAOV1IAAAAk/cute-hey.gif)
07-14 21:06:02.042  3117  3249 E MDD     : DownloadProgressMonitor: Can't find file group for uri: android://com.google.android.apps.messaging/files/datadownload/shared/public/datadownloadfile_1784077547828
07-14 21:06:02.045  3117  3266 D dasx    : Starting download: https://c.tenor.com/kVWoYlv1kPYAAAAk/lethargic-bliss-tired.gif
07-14 21:06:02.045  3117  3266 V dasx    : Is http uri, downloading (uri: https://c.tenor.com/kVWoYlv1kPYAAAAk/lethargic-bliss-tired.gif)
07-14 21:06:02.051  3117  3291 E MDD     : DownloadProgressMonitor: Can't find file group for uri: android://com.google.android.apps.messaging/files/datadownload/shared/public/datadownloadfile_1784077547829
07-14 21:06:02.055  3117  3249 D dasx    : Starting download: https://c.tenor.com/7tI0p2Uo11cAAAAk/funder-the-sea-octopus.gif
07-14 21:06:02.055  3117  3249 V dasx    : Is http uri, downloading (uri: https://c.tenor.com/7tI0p2Uo11cAAAAk/funder-the-sea-octopus.gif)
07-14 21:06:02.064  3117  3266 E MDD     : DownloadProgressMonitor: Can't find file group for uri: android://com.google.android.apps.messaging/files/datadownload/shared/public/datadownloadfile_1784077547830
07-14 21:06:02.065  3117  3291 D dasx    : Starting download: https://c.tenor.com/ZeC0V4k9eucAAAAk/funder-the-sea-octopus.gif
07-14 21:06:02.065  3117  3291 V dasx    : Is http uri, downloading (uri: https://c.tenor.com/ZeC0V4k9eucAAAAk/funder-the-sea-octopus.gif)
07-14 21:06:02.076  3117  3249 E MDD     : DownloadProgressMonitor: Can't find file group for uri: android://com.google.android.apps.messaging/files/datadownload/shared/public/datadownloadfile_1784077547831
07-14 21:06:02.080  3117  3266 D dasx    : Starting download: https://c.tenor.com/aP7j56oroaQAAAAk/long-livethe-blob-upset.gif
07-14 21:06:02.080  3117  3266 V dasx    : Is http uri, downloading (uri: https://c.tenor.com/aP7j56oroaQAAAAk/long-livethe-blob-upset.gif)
07-14 21:06:02.082  3117  3291 E MDD     : DownloadProgressMonitor: Can't find file group for uri: android://com.google.android.apps.messaging/files/datadownload/shared/public/datadownloadfile_1784077547832
07-14 21:06:02.088  3117  3249 D dasx    : Starting download: https://c.tenor.com/IGc3S86eosAAAAAk/long-livethe-blob-hearts.gif
07-14 21:06:02.088  3117  3249 V dasx    : Is http uri, downloading (uri: https://c.tenor.com/IGc3S86eosAAAAAk/long-livethe-blob-hearts.gif)
07-14 21:06:02.107  3117  3266 E MDD     : DownloadProgressMonitor: Can't find file group for uri: android://com.google.android.apps.messaging/files/datadownload/shared/public/datadownloadfile_1784077547833
07-14 21:06:02.109  3117  3249 E MDD     : DownloadProgressMonitor: Can't find file group for uri: android://com.google.android.apps.messaging/files/datadownload/shared/public/datadownloadfile_1784077547834
07-14 21:06:02.110  3117  3291 D dasx    : Starting download: https://c.tenor.com/t5avTE3f1r8AAAAk/toofiothe-cat-yawning.gif
07-14 21:06:02.110  3117  3291 V dasx    : Is http uri, downloading (uri: https://c.tenor.com/t5avTE3f1r8AAAAk/toofiothe-cat-yawning.gif)
07-14 21:06:02.111  3117  3266 D dasx    : Starting download: https://c.tenor.com/Ve3I2L0RNVAAAAAk/caffeine-rush-tea.gif
07-14 21:06:02.111  3117  3266 V dasx    : Is http uri, downloading (uri: https://c.tenor.com/Ve3I2L0RNVAAAAAk/caffeine-rush-tea.gif)
07-14 21:06:02.342  3117  3291 E MDD     : DownloadProgressMonitor: Can't find file group for uri: android://com.google.android.apps.messaging/files/datadownload/shared/public/datadownloadfile_1784077547835
07-14 21:06:02.345  3117  3266 E MDD     : DownloadProgressMonitor: Can't find file group for uri: android://com.google.android.apps.messaging/files/datadownload/shared/public/datadownloadfile_1784077547836
07-14 21:06:02.346  3117  3249 D dasx    : Starting download: https://c.tenor.com/3NOpdxGv84YAAAAk/caffeine-rush-going-to-work.gif
07-14 21:06:02.346  3117  3249 V dasx    : Is http uri, downloading (uri: https://c.tenor.com/3NOpdxGv84YAAAAk/caffeine-rush-going-to-work.gif)
07-14 21:06:02.352  3117  3291 D dasx    : Starting download: https://c.tenor.com/YBFUWZWkyDcAAAAk/caffeine-rush-cup.gif
07-14 21:06:02.352  3117  3291 V dasx    : Is http uri, downloading (uri: https://c.tenor.com/YBFUWZWkyDcAAAAk/caffeine-rush-cup.gif)
07-14 21:06:02.365  3117  3249 E MDD     : DownloadProgressMonitor: Can't find file group for uri: android://com.google.android.apps.messaging/files/datadownload/shared/public/datadownloadfile_1784077547837
07-14 21:06:02.368  3117  3291 E MDD     : DownloadProgressMonitor: Can't find file group for uri: android://com.google.android.apps.messaging/files/datadownload/shared/public/datadownloadfile_1784077547838
07-14 21:06:02.369  3117  3266 D dasx    : Starting download: https://c.tenor.com/K4wSmZcDw5gAAAAk/caffeine-rush-blowing-kisses.gif
07-14 21:06:02.369  3117  3266 V dasx    : Is http uri, downloading (uri: https://c.tenor.com/K4wSmZcDw5gAAAAk/caffeine-rush-blowing-kisses.gif)
07-14 21:06:02.375  3117  3249 D dasx    : Starting download: https://c.tenor.com/CkABLmkTTRUAAAAk/caffeine-rush-coffee.gif
07-14 21:06:02.375  3117  3249 V dasx    : Is http uri, downloading (uri: https://c.tenor.com/CkABLmkTTRUAAAAk/caffeine-rush-coffee.gif)
07-14 21:06:02.382   584  1919 D OomAdjuster: Not killing cached processes
07-14 21:06:02.392  3117  3266 E MDD     : DownloadProgressMonitor: Can't find file group for uri: android://com.google.android.apps.messaging/files/datadownload/shared/public/datadownloadfile_1784077547839
07-14 21:06:02.399  3117  3291 D dasx    : Starting download: https://c.tenor.com/07i0UR0NHLsAAAAk/because-baby-animals-cute.gif
07-14 21:06:02.399  3117  3291 V dasx    : Is http uri, downloading (uri: https://c.tenor.com/07i0UR0NHLsAAAAk/because-baby-animals-cute.gif)
07-14 21:06:02.407  3117  3249 E MDD     : DownloadProgressMonitor: Can't find file group for uri: android://com.google.android.apps.messaging/files/datadownload/shared/public/datadownloadfile_1784077547840
07-14 21:06:02.417  3117  3266 D dasx    : Starting download: https://c.tenor.com/8c-uPnUtmrYAAAAk/buniboo-and-bearuloo-hearts.gif
07-14 21:06:02.417  3117  3266 V dasx    : Is http uri, downloading (uri: https://c.tenor.com/8c-uPnUtmrYAAAAk/buniboo-and-bearuloo-hearts.gif)
07-14 21:06:02.423  3117  3291 E MDD     : DownloadProgressMonitor: Can't find file group for uri: android://com.google.android.apps.messaging/files/datadownload/shared/public/datadownloadfile_1784077547841
07-14 21:06:02.426  3117  3249 D dasx    : Starting download: https://c.tenor.com/iHinE-JIzQgAAAAk/imy-i-miss-you.gif
07-14 21:06:02.426  3117  3249 V dasx    : Is http uri, downloading (uri: https://c.tenor.com/iHinE-JIzQgAAAAk/imy-i-miss-you.gif)
07-14 21:06:02.435  3117  3266 E MDD     : DownloadProgressMonitor: Can't find file group for uri: android://com.google.android.apps.messaging/files/datadownload/shared/public/datadownloadfile_1784077547842
07-14 21:06:02.439  3117  3291 D dasx    : Starting download: https://c.tenor.com/2SJy0kWsL4wAAAAk/heart-love.gif
07-14 21:06:02.439  3117  3291 V dasx    : Is http uri, downloading (uri: https://c.tenor.com/2SJy0kWsL4wAAAAk/heart-love.gif)
07-14 21:06:02.441  3117  3249 E MDD     : DownloadProgressMonitor: Can't find file group for uri: android://com.google.android.apps.messaging/files/datadownload/shared/public/datadownloadfile_1784077547843
07-14 21:06:02.442  3117  3266 D dasx    : Starting download: https://c.tenor.com/R5e-lMOrczcAAAAk/kstr-kochstrasse.gif
07-14 21:06:02.442  3117  3266 V dasx    : Is http uri, downloading (uri: https://c.tenor.com/R5e-lMOrczcAAAAk/kstr-kochstrasse.gif)
07-14 21:06:02.457  3117  3291 E MDD     : DownloadProgressMonitor: Can't find file group for uri: android://com.google.android.apps.messaging/files/datadownload/shared/public/datadownloadfile_1784077547844
07-14 21:06:02.458  3117  3266 E MDD     : DownloadProgressMonitor: Can't find file group for uri: android://com.google.android.apps.messaging/files/datadownload/shared/public/datadownloadfile_1784077547845
07-14 21:06:02.459  3117  3249 D dasx    : Starting download: https://c.tenor.com/KsZWbm9FPFAAAAAk/cat-meowed.gif
07-14 21:06:02.459  3117  3249 V dasx    : Is http uri, downloading (uri: https://c.tenor.com/KsZWbm9FPFAAAAAk/cat-meowed.gif)
07-14 21:06:02.460  3117  3291 D dasx    : Starting download: https://c.tenor.com/m-bLuGd1pwwAAAAk/tonton-friends-tonton.gif
07-14 21:06:02.460  3117  3291 V dasx    : Is http uri, downloading (uri: https://c.tenor.com/m-bLuGd1pwwAAAAk/tonton-friends-tonton.gif)
07-14 21:06:02.576  1472  1472 D BoundBrokerSvc: onUnbind: Intent { act=com.google.android.gms.constellation.service.START pkg=com.google.android.gms }
07-14 21:06:02.716  3117  3249 E MDD     : DownloadProgressMonitor: Can't find file group for uri: android://com.google.android.apps.messaging/files/datadownload/shared/public/datadownloadfile_1784077547846
07-14 21:06:02.717  3117  3291 E MDD     : DownloadProgressMonitor: Can't find file group for uri: android://com.google.android.apps.messaging/files/datadownload/shared/public/datadownloadfile_1784077547847
07-14 21:06:02.720  3117  3266 D dasx    : Starting download: https://c.tenor.com/Ez5hrhPD7dwAAAAk/happy-love.gif
07-14 21:06:02.720  3117  3266 V dasx    : Is http uri, downloading (uri: https://c.tenor.com/Ez5hrhPD7dwAAAAk/happy-love.gif)
07-14 21:06:02.726  3117  3249 D dasx    : Starting download: https://c.tenor.com/0ycIhWK7ZxYAAAAk/love-love-you.gif
07-14 21:06:02.726  3117  3249 V dasx    : Is http uri, downloading (uri: https://c.tenor.com/0ycIhWK7ZxYAAAAk/love-love-you.gif)
07-14 21:06:02.742  3117  3266 E MDD     : DownloadProgressMonitor: Can't find file group for uri: android://com.google.android.apps.messaging/files/datadownload/shared/public/datadownloadfile_1784077547848
07-14 21:06:02.746  3117  3291 D dasx    : Starting download: https://c.tenor.com/2woIrmsWTMcAAAAk/heart-hearts.gif
07-14 21:06:02.746  3117  3291 V dasx    : Is http uri, downloading (uri: https://c.tenor.com/2woIrmsWTMcAAAAk/heart-hearts.gif)
07-14 21:06:02.749  3117  3249 E MDD     : DownloadProgressMonitor: Can't find file group for uri: android://com.google.android.apps.messaging/files/datadownload/shared/public/datadownloadfile_1784077547849
07-14 21:06:02.753  3117  3266 D dasx    : Starting download: https://c.tenor.com/O3M7eh2ZLX0AAAAk/lobster-studio-winter.gif
07-14 21:06:02.753  3117  3266 V dasx    : Is http uri, downloading (uri: https://c.tenor.com/O3M7eh2ZLX0AAAAk/lobster-studio-winter.gif)
07-14 21:06:02.766  3117  3291 E MDD     : DownloadProgressMonitor: Can't find file group for uri: android://com.google.android.apps.messaging/files/datadownload/shared/public/datadownloadfile_1784077547850
07-14 21:06:02.767  3117  3266 E MDD     : DownloadProgressMonitor: Can't find file group for uri: android://com.google.android.apps.messaging/files/datadownload/shared/public/datadownloadfile_1784077547851
07-14 21:06:02.768  3117  3249 D dasx    : Starting download: https://c.tenor.com/xw-0keKZc8sAAAAk/heart-in-love.gif
07-14 21:06:02.768  3117  3249 V dasx    : Is http uri, downloading (uri: https://c.tenor.com/xw-0keKZc8sAAAAk/heart-in-love.gif)
07-14 21:06:02.768  3117  3291 D dasx    : Starting download: https://c.tenor.com/ja6y9r51cHAAAAAk/tegan-teganiversen.gif
07-14 21:06:02.769  3117  3291 V dasx    : Is http uri, downloading (uri: https://c.tenor.com/ja6y9r51cHAAAAAk/tegan-teganiversen.gif)
07-14 21:06:02.848   385   385 I netd    : setProcSysNet(4, 2, wlan0, retrans_time_ms, 750) <0.28ms>
07-14 21:06:02.850   385   385 I netd    : setProcSysNet(4, 2, wlan0, ucast_solicit, 10) <0.39ms>
07-14 21:06:02.850   385   385 I netd    : setProcSysNet(6, 2, wlan0, retrans_time_ms, 750) <0.34ms>
07-14 21:06:02.851  3117  3249 E MDD     : DownloadProgressMonitor: Can't find file group for uri: android://com.google.android.apps.messaging/files/datadownload/shared/public/datadownloadfile_1784077547852
07-14 21:06:02.852   385   486 I netd    : setProcSysNet(6, 2, wlan0, ucast_solicit, 10) <0.08ms>
07-14 21:06:02.853  3117  3266 D dasx    : Starting download: https://c.tenor.com/3h6aJe0ZgcEAAAAk/full-big-stomach.gif
07-14 21:06:02.853  3117  3266 V dasx    : Is http uri, downloading (uri: https://c.tenor.com/3h6aJe0ZgcEAAAAk/full-big-stomach.gif)
07-14 21:06:02.864  3117  3291 E MDD     : DownloadProgressMonitor: Can't find file group for uri: android://com.google.android.apps.messaging/files/datadownload/shared/public/datadownloadfile_1784077547853
07-14 21:06:02.866  3117  3249 D dasx    : Starting download: https://c.tenor.com/7Vzmnv2UZWcAAAAk/love-lovely.gif
07-14 21:06:02.866  3117  3249 V dasx    : Is http uri, downloading (uri: https://c.tenor.com/7Vzmnv2UZWcAAAAk/love-lovely.gif)
07-14 21:06:02.881  3117  3266 E MDD     : DownloadProgressMonitor: Can't find file group for uri: android://com.google.android.apps.messaging/files/datadownload/shared/public/datadownloadfile_1784077547854
07-14 21:06:02.885  3117  3291 D dasx    : Starting download: https://c.tenor.com/JcOoy6xtsxwAAAAk/puglie-puglie-pug.gif
07-14 21:06:02.885  3117  3291 V dasx    : Is http uri, downloading (uri: https://c.tenor.com/JcOoy6xtsxwAAAAk/puglie-puglie-pug.gif)
07-14 21:06:02.903  3117  3249 E MDD     : DownloadProgressMonitor: Can't find file group for uri: android://com.google.android.apps.messaging/files/datadownload/shared/public/datadownloadfile_1784077547855
07-14 21:06:02.907  3117  3291 E MDD     : DownloadProgressMonitor: Can't find file group for uri: android://com.google.android.apps.messaging/files/datadownload/shared/public/datadownloadfile_1784077547856
07-14 21:06:02.908  3117  3266 D dasx    : Starting download: https://c.tenor.com/bQbtTfHAbkoAAAAk/kstr-kochstrasse.gif
07-14 21:06:02.908  3117  3266 V dasx    : Is http uri, downloading (uri: https://c.tenor.com/bQbtTfHAbkoAAAAk/kstr-kochstrasse.gif)
07-14 21:06:02.909  3117  3249 D dasx    : Starting download: https://c.tenor.com/AFf0sKHqXmoAAAAk/tasty-yummy.gif
07-14 21:06:02.909  3117  3249 V dasx    : Is http uri, downloading (uri: https://c.tenor.com/AFf0sKHqXmoAAAAk/tasty-yummy.gif)
07-14 21:06:02.910  3117  3122 W .apps.messaging: Missing inline cache for com.google.common.util.concurrent.ListenableFuture cxto.a(java.lang.Object)
07-14 21:06:02.922  1182  1182 D BatteryUsageBroadcastReceiver: onReceive:android.intent.action.BATTERY_LEVEL_CHANGED
07-14 21:06:03.153  3117  3249 E MDD     : DownloadProgressMonitor: Can't find file group for uri: android://com.google.android.apps.messaging/files/datadownload/shared/public/datadownloadfile_1784077547858
07-14 21:06:03.157  3117  3291 D dasx    : Starting download: https://c.tenor.com/ognz8SNu__QAAAAk/piffle-pumpkin-pie.gif
07-14 21:06:03.157  3117  3291 V dasx    : Is http uri, downloading (uri: https://c.tenor.com/ognz8SNu__QAAAAk/piffle-pumpkin-pie.gif)
07-14 21:06:03.171  3117  3266 E MDD     : DownloadProgressMonitor: Can't find file group for uri: android://com.google.android.apps.messaging/files/datadownload/shared/public/datadownloadfile_1784077547857
07-14 21:06:03.173  3117  3249 D dasx    : Starting download: https://c.tenor.com/Muy5iqWr9lYAAAAk/santa-claus-santa.gif
07-14 21:06:03.173  3117  3249 V dasx    : Is http uri, downloading (uri: https://c.tenor.com/Muy5iqWr9lYAAAAk/santa-claus-santa.gif)
07-14 21:06:03.189  3117  3291 E MDD     : DownloadProgressMonitor: Can't find file group for uri: android://com.google.android.apps.messaging/files/datadownload/shared/public/datadownloadfile_1784077547859
07-14 21:06:03.193  3117  3266 D dasx    : Starting download: https://c.tenor.com/a1VADuLpJLQAAAAk/%E3%81%8A%E3%82%81%E3%81%A7%E3%81%A8%E3%81%86-%E3%81%8A%E7%A5%9D%E3%81%84.gif
07-14 21:06:03.193  3117  3266 V dasx    : Is http uri, downloading (uri: https://c.tenor.com/a1VADuLpJLQAAAAk/%E3%81%8A%E3%82%81%E3%81%A7%E3%81%A8%E3%81%86-%E3%81%8A%E7%A5%9D%E3%81%84.gif)
07-14 21:06:03.207  3117  3249 E MDD     : DownloadProgressMonitor: Can't find file group for uri: android://com.google.android.apps.messaging/files/datadownload/shared/public/datadownloadfile_1784077547860
07-14 21:06:03.209  3117  3291 D dasx    : Starting download: https://c.tenor.com/bSS9RT1taOoAAAAk/pies-pie-time.gif
07-14 21:06:03.209  3117  3291 V dasx    : Is http uri, downloading (uri: https://c.tenor.com/bSS9RT1taOoAAAAk/pies-pie-time.gif)
07-14 21:06:03.225  3117  3266 E MDD     : DownloadProgressMonitor: Can't find file group for uri: android://com.google.android.apps.messaging/files/datadownload/shared/public/datadownloadfile_1784077547861
07-14 21:06:03.227  3117  3249 D dasx    : Starting download: https://c.tenor.com/01dmrbKZwnoAAAAk/angkukuehgirl-angkukueh-girl-and-friends.gif
07-14 21:06:03.227  3117  3249 V dasx    : Is http uri, downloading (uri: https://c.tenor.com/01dmrbKZwnoAAAAk/angkukuehgirl-angkukueh-girl-and-friends.gif)
07-14 21:06:03.228  3117  3291 E MDD     : DownloadProgressMonitor: Can't find file group for uri: android://com.google.android.apps.messaging/files/datadownload/shared/public/datadownloadfile_1784077547862
07-14 21:06:03.229  3117  3266 D dasx    : Starting download: https://c.tenor.com/6CuZBvb9jV8AAAAk/happy-cocoa-day-hot-cocoa.gif
07-14 21:06:03.229  3117  3266 V dasx    : Is http uri, downloading (uri: https://c.tenor.com/6CuZBvb9jV8AAAAk/happy-cocoa-day-hot-cocoa.gif)
07-14 21:06:03.239  3117  3249 E MDD     : DownloadProgressMonitor: Can't find file group for uri: android://com.google.android.apps.messaging/files/datadownload/shared/public/datadownloadfile_1784077547863
07-14 21:06:03.242  3117  3266 E MDD     : DownloadProgressMonitor: Can't find file group for uri: android://com.google.android.apps.messaging/files/datadownload/shared/public/datadownloadfile_1784077547864
07-14 21:06:03.243  3117  3291 D dasx    : Starting download: https://c.tenor.com/WNp649LKQOcAAAAk/xmas-christmas.gif
07-14 21:06:03.243  3117  3291 V dasx    : Is http uri, downloading (uri: https://c.tenor.com/WNp649LKQOcAAAAk/xmas-christmas.gif)
07-14 21:06:03.243  3117  3249 D dasx    : Starting download: https://c.tenor.com/MuTg3bOCAk8AAAAk/rafsdesign-rafs84.gif
07-14 21:06:03.243  3117  3249 V dasx    : Is http uri, downloading (uri: https://c.tenor.com/MuTg3bOCAk8AAAAk/rafsdesign-rafs84.gif)
07-14 21:06:03.471  3117  3291 E MDD     : DownloadProgressMonitor: Can't find file group for uri: android://com.google.android.apps.messaging/files/datadownload/shared/public/datadownloadfile_1784077547865
07-14 21:06:03.473  3117  3249 E MDD     : DownloadProgressMonitor: Can't find file group for uri: android://com.google.android.apps.messaging/files/datadownload/shared/public/datadownloadfile_1784077547866
07-14 21:06:03.473  3117  3266 D dasx    : Starting download: https://c.tenor.com/Qg7wcK_PJqIAAAAk/puglie-puglie-pug.gif
07-14 21:06:03.473  3117  3266 V dasx    : Is http uri, downloading (uri: https://c.tenor.com/Qg7wcK_PJqIAAAAk/puglie-puglie-pug.gif)
07-14 21:06:03.475  3117  3249 D dasx    : Starting download: https://c.tenor.com/bj5T0D2ctVwAAAAk/animation-cat.gif
07-14 21:06:03.475  3117  3249 V dasx    : Is http uri, downloading (uri: https://c.tenor.com/bj5T0D2ctVwAAAAk/animation-cat.gif)
07-14 21:06:03.488  3117  3266 E MDD     : DownloadProgressMonitor: Can't find file group for uri: android://com.google.android.apps.messaging/files/datadownload/shared/public/datadownloadfile_1784077547867
07-14 21:06:03.488  3117  3291 D dasx    : Starting download: https://c.tenor.com/xJeX4JTwKc0AAAAk/christmas-snow.gif
07-14 21:06:03.488  3117  3291 V dasx    : Is http uri, downloading (uri: https://c.tenor.com/xJeX4JTwKc0AAAAk/christmas-snow.gif)
07-14 21:06:03.505  3117  3249 E MDD     : DownloadProgressMonitor: Can't find file group for uri: android://com.google.android.apps.messaging/files/datadownload/shared/public/datadownloadfile_1784077547868
07-14 21:06:03.506  3117  3266 D dasx    : Starting download: https://c.tenor.com/dLjU23NeMnkAAAAk/coffee-dancing-mug.gif
07-14 21:06:03.506  3117  3266 V dasx    : Is http uri, downloading (uri: https://c.tenor.com/dLjU23NeMnkAAAAk/coffee-dancing-mug.gif)
07-14 21:06:03.520  3117  3291 E MDD     : DownloadProgressMonitor: Can't find file group for uri: android://com.google.android.apps.messaging/files/datadownload/shared/public/datadownloadfile_1784077547869
07-14 21:06:03.526  3117  3266 E MDD     : DownloadProgressMonitor: Can't find file group for uri: android://com.google.android.apps.messaging/files/datadownload/shared/public/datadownloadfile_1784077547870
07-14 21:06:03.527  3117  3249 D dasx    : Starting download: https://c.tenor.com/pzciJVwhnJkAAAAk/funny-happy.gif
07-14 21:06:03.527  3117  3249 V dasx    : Is http uri, downloading (uri: https://c.tenor.com/pzciJVwhnJkAAAAk/funny-happy.gif)
07-14 21:06:03.529  3117  3291 D dasx    : Starting download: https://c.tenor.com/_UiJbxHvSikAAAAk/love-amor.gif
07-14 21:06:03.529  3117  3291 V dasx    : Is http uri, downloading (uri: https://c.tenor.com/_UiJbxHvSikAAAAk/love-amor.gif)
07-14 21:06:03.546  3117  3249 E MDD     : DownloadProgressMonitor: Can't find file group for uri: android://com.google.android.apps.messaging/files/datadownload/shared/public/datadownloadfile_1784077547871
07-14 21:06:03.562  3117  3291 E MDD     : DownloadProgressMonitor: Can't find file group for uri: android://com.google.android.apps.messaging/files/datadownload/shared/public/datadownloadfile_1784077547872
07-14 21:06:03.563  3117  3266 D dasx    : Starting download: https://c.tenor.com/-Jw-bc85bggAAAAk/world-sleep-day-sleeping.gif
07-14 21:06:03.563  3117  3266 V dasx    : Is http uri, downloading (uri: https://c.tenor.com/-Jw-bc85bggAAAAk/world-sleep-day-sleeping.gif)
07-14 21:06:03.569  3117  3291 D dasx    : Starting download: https://c.tenor.com/DUrT6vaLHuYAAAAk/sad-crying.gif
07-14 21:06:03.569  3117  3291 V dasx    : Is http uri, downloading (uri: https://c.tenor.com/DUrT6vaLHuYAAAAk/sad-crying.gif)
07-14 21:06:03.576  3117  3266 E MDD     : DownloadProgressMonitor: Can't find file group for uri: android://com.google.android.apps.messaging/files/datadownload/shared/public/datadownloadfile_1784077547873
07-14 21:06:03.593  3117  3291 E MDD     : DownloadProgressMonitor: Can't find file group for uri: android://com.google.android.apps.messaging/files/datadownload/shared/public/datadownloadfile_1784077547874
07-14 21:06:03.593  3117  3249 D dasx    : Starting download: https://c.tenor.com/j51eWQxcvYgAAAAk/kiss-muah.gif
07-14 21:06:03.593  3117  3249 V dasx    : Is http uri, downloading (uri: https://c.tenor.com/j51eWQxcvYgAAAAk/kiss-muah.gif)
07-14 21:06:03.606  3117  3266 D dasx    : Starting download: https://c.tenor.com/wmCNSigPu0oAAAAk/crying-sobbing.gif
07-14 21:06:03.606  3117  3266 V dasx    : Is http uri, downloading (uri: https://c.tenor.com/wmCNSigPu0oAAAAk/crying-sobbing.gif)
07-14 21:06:03.612  3117  3249 E MDD     : DownloadProgressMonitor: Can't find file group for uri: android://com.google.android.apps.messaging/files/datadownload/shared/public/datadownloadfile_1784077547875
07-14 21:06:03.613  3117  3291 D dasx    : Starting download: https://c.tenor.com/aV6WH87Q80AAAAAk/grim-sad.gif
07-14 21:06:03.613  3117  3291 V dasx    : Is http uri, downloading (uri: https://c.tenor.com/aV6WH87Q80AAAAAk/grim-sad.gif)
07-14 21:06:03.624  3117  3266 E MDD     : DownloadProgressMonitor: Can't find file group for uri: android://com.google.android.apps.messaging/files/datadownload/shared/public/datadownloadfile_1784077547876
07-14 21:06:03.624  3117  3249 D dasx    : Starting download: https://c.tenor.com/9bXcn-vZ28UAAAAk/happy-party.gif
07-14 21:06:03.624  3117  3249 V dasx    : Is http uri, downloading (uri: https://c.tenor.com/9bXcn-vZ28UAAAAk/happy-party.gif)
07-14 21:06:03.629  3117  3291 E MDD     : DownloadProgressMonitor: Can't find file group for uri: android://com.google.android.apps.messaging/files/datadownload/shared/public/datadownloadfile_1784077547877
07-14 21:06:03.630  3117  3266 D dasx    : Starting download: https://c.tenor.com/NMeS27y8gQIAAAAk/lauilustra-cuchi.gif
07-14 21:06:03.630  3117  3266 V dasx    : Is http uri, downloading (uri: https://c.tenor.com/NMeS27y8gQIAAAAk/lauilustra-cuchi.gif)
07-14 21:06:03.659  3117  3266 E MDD     : DownloadProgressMonitor: Can't find file group for uri: android://com.google.android.apps.messaging/files/datadownload/shared/public/datadownloadfile_1784077547879
07-14 21:06:03.659  3117  3249 E MDD     : DownloadProgressMonitor: Can't find file group for uri: android://com.google.android.apps.messaging/files/datadownload/shared/public/datadownloadfile_1784077547878
07-14 21:06:03.659  3117  3291 D dasx    : Starting download: https://c.tenor.com/gwSzzjV-lkYAAAAk/%E0%A4%B8%E0%A5%8B%E0%A4%AF%E0%A4%BE%E0%A4%B9%E0%A5%81%E0%A4%86-%E0%A4%B8%E0%A5%8B%E0%A4%A8%E0%A5%87%E0%A4%95%E0%A4%BE%E0%A4%B8%E0%A4%AE%E0%A4%AF.gif
07-14 21:06:03.659  3117  3291 V dasx    : Is http uri, downloading (uri: https://c.tenor.com/gwSzzjV-lkYAAAAk/%E0%A4%B8%E0%A5%8B%E0%A4%AF%E0%A4%BE%E0%A4%B9%E0%A5%81%E0%A4%86-%E0%A4%B8%E0%A5%8B%E0%A4%A8%E0%A5%87%E0%A4%95%E0%A4%BE%E0%A4%B8%E0%A4%AE%E0%A4%AF.gif)
07-14 21:06:03.660  3117  3266 D dasx    : Starting download: https://c.tenor.com/zS4jcQ90picAAAAk/roses-heart-heart.gif
07-14 21:06:03.660  3117  3266 V dasx    : Is http uri, downloading (uri: https://c.tenor.com/zS4jcQ90picAAAAk/roses-heart-heart.gif)
07-14 21:06:03.675  3117  3266 E MDD     : DownloadProgressMonitor: Can't find file group for uri: android://com.google.android.apps.messaging/files/datadownload/shared/public/datadownloadfile_1784077547881
07-14 21:06:03.675  3117  3291 E MDD     : DownloadProgressMonitor: Can't find file group for uri: android://com.google.android.apps.messaging/files/datadownload/shared/public/datadownloadfile_1784077547880
07-14 21:06:03.675  3117  3249 D dasx    : Starting download: https://c.tenor.com/j1bSL89nmtQAAAAk/heart-outline-heart.gif
07-14 21:06:03.675  3117  3249 V dasx    : Is http uri, downloading (uri: https://c.tenor.com/j1bSL89nmtQAAAAk/heart-outline-heart.gif)
07-14 21:06:03.725   385   486 I netd    : tetherGetStats() -> {[]} <0.26ms>
07-14 21:06:03.728  3117  3249 E MDD     : DownloadProgressMonitor: Can't find file group for uri: android://com.google.android.apps.messaging/files/datadownload/shared/public/datadownloadfile_1784077547882
07-14 21:06:03.729  3117  3266 D dasx    : Starting download: https://c.tenor.com/6PGRP_LBimEAAAAk/heart-made-of-hearts-heart.gif
07-14 21:06:03.729  3117  3266 V dasx    : Is http uri, downloading (uri: https://c.tenor.com/6PGRP_LBimEAAAAk/heart-made-of-hearts-heart.gif)
07-14 21:06:03.730  3117  3249 D dasx    : Starting download: https://c.tenor.com/40JrkApuxQcAAAAk/sad-moneky-monkey.gif
07-14 21:06:03.730  3117  3249 V dasx    : Is http uri, downloading (uri: https://c.tenor.com/40JrkApuxQcAAAAk/sad-moneky-monkey.gif)
07-14 21:06:03.749  3117  3249 E MDD     : DownloadProgressMonitor: Can't find file group for uri: android://com.google.android.apps.messaging/files/datadownload/shared/public/datadownloadfile_1784077547884
07-14 21:06:03.751  3117  3291 D dasx    : Starting download: https://c.tenor.com/WZJgc1yrDv0AAAAk/zzzz-smiley-guy.gif
07-14 21:06:03.751  3117  3291 V dasx    : Is http uri, downloading (uri: https://c.tenor.com/WZJgc1yrDv0AAAAk/zzzz-smiley-guy.gif)
07-14 21:06:03.754  3117  3266 E MDD     : DownloadProgressMonitor: Can't find file group for uri: android://com.google.android.apps.messaging/files/datadownload/shared/public/datadownloadfile_1784077547883
07-14 21:06:03.757  3117  3249 D dasx    : Starting download: https://c.tenor.com/kL--4XNSQboAAAAk/good-morning-smiley-guy.gif
07-14 21:06:03.757  3117  3249 V dasx    : Is http uri, downloading (uri: https://c.tenor.com/kL--4XNSQboAAAAk/good-morning-smiley-guy.gif)
07-14 21:06:03.766  3117  3291 E MDD     : DownloadProgressMonitor: Can't find file group for uri: android://com.google.android.apps.messaging/files/datadownload/shared/public/datadownloadfile_1784077547885
07-14 21:06:03.766  3117  3266 D dasx    : Starting download: https://c.tenor.com/We-LJKpRRuQAAAAk/sweet-dream-sweet-n-sassy.gif
07-14 21:06:03.766  3117  3266 V dasx    : Is http uri, downloading (uri: https://c.tenor.com/We-LJKpRRuQAAAAk/sweet-dream-sweet-n-sassy.gif)
07-14 21:06:03.781  3117  3249 E MDD     : DownloadProgressMonitor: Can't find file group for uri: android://com.google.android.apps.messaging/files/datadownload/shared/public/datadownloadfile_1784077547886
07-14 21:06:03.782  3117  3291 D dasx    : Starting download: https://c.tenor.com/zF0I0F08nL0AAAAk/miss-you-unicorn-life.gif
07-14 21:06:03.782  3117  3291 V dasx    : Is http uri, downloading (uri: https://c.tenor.com/zF0I0F08nL0AAAAk/miss-you-unicorn-life.gif)
07-14 21:06:03.799  3117  3266 E MDD     : DownloadProgressMonitor: Can't find file group for uri: android://com.google.android.apps.messaging/files/datadownload/shared/public/datadownloadfile_1784077547887
07-14 21:06:03.800  3117  3249 D dasx    : Starting download: https://c.tenor.com/S5d_GAEzYf4AAAAk/need-coffee-unicorn-life.gif
07-14 21:06:03.800  3117  3249 V dasx    : Is http uri, downloading (uri: https://c.tenor.com/S5d_GAEzYf4AAAAk/need-coffee-unicorn-life.gif)
07-14 21:06:03.818  3117  3291 E MDD     : DownloadProgressMonitor: Can't find file group for uri: android://com.google.android.apps.messaging/files/datadownload/shared/public/datadownloadfile_1784077547888
07-14 21:06:03.820  3117  3266 D dasx    : Starting download: https://c.tenor.com/6ur0xxTwWhQAAAAk/winter-joy-joypixels.gif
07-14 21:06:03.820  3117  3266 V dasx    : Is http uri, downloading (uri: https://c.tenor.com/6ur0xxTwWhQAAAAk/winter-joy-joypixels.gif)
07-14 21:06:03.840  3117  3249 E MDD     : DownloadProgressMonitor: Can't find file group for uri: android://com.google.android.apps.messaging/files/datadownload/shared/public/datadownloadfile_1784077547889
07-14 21:06:03.842  3117  3291 D dasx    : Starting download: https://c.tenor.com/W4NDYUEF33YAAAAk/so-cold-winter-joy.gif
07-14 21:06:03.842  3117  3291 V dasx    : Is http uri, downloading (uri: https://c.tenor.com/W4NDYUEF33YAAAAk/so-cold-winter-joy.gif)
07-14 21:06:03.852  3117  3266 E MDD     : DownloadProgressMonitor: Can't find file group for uri: android://com.google.android.apps.messaging/files/datadownload/shared/public/datadownloadfile_1784077547890
07-14 21:06:03.854  3117  3249 D dasx    : Starting download: https://c.tenor.com/BU6Id0dkth0AAAAk/plate-of-cookies-winter-joy.gif
07-14 21:06:03.854  3117  3249 V dasx    : Is http uri, downloading (uri: https://c.tenor.com/BU6Id0dkth0AAAAk/plate-of-cookies-winter-joy.gif)
07-14 21:06:03.869  1810  1810 I wpa_supplicant: wlan0: CTRL-EVENT-BEACON-LOSS 
07-14 21:06:04.085  3117  3249 E MDD     : DownloadProgressMonitor: Can't find file group for uri: android://com.google.android.apps.messaging/files/datadownload/shared/public/datadownloadfile_1784077547892
07-14 21:06:04.087  3117  3266 D dasx    : Starting download: https://c.tenor.com/swimboPmdCwAAAAk/pine-tree-winter-joy.gif
07-14 21:06:04.087  3117  3266 V dasx    : Is http uri, downloading (uri: https://c.tenor.com/swimboPmdCwAAAAk/pine-tree-winter-joy.gif)
07-14 21:06:04.091  3117  3291 E MDD     : DownloadProgressMonitor: Can't find file group for uri: android://com.google.android.apps.messaging/files/datadownload/shared/public/datadownloadfile_1784077547891
07-14 21:06:04.093  3117  3249 D dasx    : Starting download: https://c.tenor.com/yDVW5CG7J4wAAAAk/snowflakes-winter-joy.gif
07-14 21:06:04.093  3117  3249 V dasx    : Is http uri, downloading (uri: https://c.tenor.com/yDVW5CG7J4wAAAAk/snowflakes-winter-joy.gif)
07-14 21:06:04.106  3117  3266 E MDD     : DownloadProgressMonitor: Can't find file group for uri: android://com.google.android.apps.messaging/files/datadownload/shared/public/datadownloadfile_1784077547893
07-14 21:06:04.107  3117  3291 D dasx    : Starting download: https://c.tenor.com/WQE-dtf0wYMAAAAk/snowman-winter-joy.gif
07-14 21:06:04.107  3117  3291 V dasx    : Is http uri, downloading (uri: https://c.tenor.com/WQE-dtf0wYMAAAAk/snowman-winter-joy.gif)
07-14 21:06:04.109  3117  3249 E MDD     : DownloadProgressMonitor: Can't find file group for uri: android://com.google.android.apps.messaging/files/datadownload/shared/public/datadownloadfile_1784077547894
07-14 21:06:04.111  3117  3266 D dasx    : Starting download: https://c.tenor.com/z31du6dLEKAAAAAk/happy-holidays-winter-joy.gif
07-14 21:06:04.111  3117  3266 V dasx    : Is http uri, downloading (uri: https://c.tenor.com/z31du6dLEKAAAAAk/happy-holidays-winter-joy.gif)
07-14 21:06:04.124  3117  3291 E MDD     : DownloadProgressMonitor: Can't find file group for uri: android://com.google.android.apps.messaging/files/datadownload/shared/public/datadownloadfile_1784077547895
07-14 21:06:04.126  3117  3249 D dasx    : Starting download: https://c.tenor.com/ejNjGg6pPOUAAAAk/hit-the-slopes-winter-joy.gif
07-14 21:06:04.126  3117  3249 V dasx    : Is http uri, downloading (uri: https://c.tenor.com/ejNjGg6pPOUAAAAk/hit-the-slopes-winter-joy.gif)
07-14 21:06:04.131  3117  3266 E MDD     : DownloadProgressMonitor: Can't find file group for uri: android://com.google.android.apps.messaging/files/datadownload/shared/public/datadownloadfile_1784077547896
07-14 21:06:04.133  3117  3291 D dasx    : Starting download: https://c.tenor.com/w4uWwZ9iX2wAAAAk/gift-winter-joy.gif
07-14 21:06:04.133  3117  3291 V dasx    : Is http uri, downloading (uri: https://c.tenor.com/w4uWwZ9iX2wAAAAk/gift-winter-joy.gif)
07-14 21:06:04.137  1297  1297 D BoundBrokerSvc: onUnbind: Intent { act=com.google.android.gms.pseudonymous.service.START dat=chimera-action:/... cmp=com.google.android.gms/.chimera.PersistentApiService }
07-14 21:06:04.137   584   709 D ActivityManager: freezing 2277 com.google.android.gms.unstable
07-14 21:06:04.145  3117  3249 E MDD     : DownloadProgressMonitor: Can't find file group for uri: android://com.google.android.apps.messaging/files/datadownload/shared/public/datadownloadfile_1784077547897
07-14 21:06:04.151  3117  3266 D dasx    : Starting download: https://c.tenor.com/m22-T3y9dfAAAAAk/happy-new-year-winter-joy.gif
07-14 21:06:04.151  3117  3266 V dasx    : Is http uri, downloading (uri: https://c.tenor.com/m22-T3y9dfAAAAAk/happy-new-year-winter-joy.gif)
07-14 21:06:04.249  3117  3291 E MDD     : DownloadProgressMonitor: Can't find file group for uri: android://com.google.android.apps.messaging/files/datadownload/shared/public/datadownloadfile_1784077547898
07-14 21:06:04.253  3117  3249 D dasx    : Starting download: https://c.tenor.com/OS4Huujkfe4AAAAk/skiing-activity.gif
07-14 21:06:04.253  3117  3249 V dasx    : Is http uri, downloading (uri: https://c.tenor.com/OS4Huujkfe4AAAAk/skiing-activity.gif)
07-14 21:06:04.262  3117  3266 E MDD     : DownloadProgressMonitor: Can't find file group for uri: android://com.google.android.apps.messaging/files/datadownload/shared/public/datadownloadfile_1784077547899
07-14 21:06:04.265  3117  3291 D dasx    : Starting download: https://c.tenor.com/nxVJkH5xu50AAAAk/snowman-mattjoyceillustrator.gif
07-14 21:06:04.265  3117  3291 V dasx    : Is http uri, downloading (uri: https://c.tenor.com/nxVJkH5xu50AAAAk/snowman-mattjoyceillustrator.gif)
07-14 21:06:04.279  3117  3249 E MDD     : DownloadProgressMonitor: Can't find file group for uri: android://com.google.android.apps.messaging/files/datadownload/shared/public/datadownloadfile_1784077547900
07-14 21:06:04.283  3117  3266 D dasx    : Starting download: https://c.tenor.com/DVE1UIx6yCsAAAAk/snowboarder-joypixels.gif
07-14 21:06:04.283  3117  3266 V dasx    : Is http uri, downloading (uri: https://c.tenor.com/DVE1UIx6yCsAAAAk/snowboarder-joypixels.gif)
07-14 21:06:04.294  3117  3291 E MDD     : DownloadProgressMonitor: Can't find file group for uri: android://com.google.android.apps.messaging/files/datadownload/shared/public/datadownloadfile_1784077547901
07-14 21:06:04.307  3117  3249 D dasx    : Starting download: https://c.tenor.com/W79Cr0btM78AAAAk/poultry-leg-food.gif
07-14 21:06:04.307  3117  3249 V dasx    : Is http uri, downloading (uri: https://c.tenor.com/W79Cr0btM78AAAAk/poultry-leg-food.gif)
07-14 21:06:04.307  3117  3266 E MDD     : DownloadProgressMonitor: Can't find file group for uri: android://com.google.android.apps.messaging/files/datadownload/shared/public/datadownloadfile_1784077547902
07-14 21:06:04.309  3117  3291 D dasx    : Starting download: https://c.tenor.com/yOLHzyXqVJEAAAAk/pie-food.gif
07-14 21:06:04.310  3117  3291 V dasx    : Is http uri, downloading (uri: https://c.tenor.com/yOLHzyXqVJEAAAAk/pie-food.gif)
07-14 21:06:04.326  3117  3249 E MDD     : DownloadProgressMonitor: Can't find file group for uri: android://com.google.android.apps.messaging/files/datadownload/shared/public/datadownloadfile_1784077547903
07-14 21:06:04.328  3117  3291 E MDD     : DownloadProgressMonitor: Can't find file group for uri: android://com.google.android.apps.messaging/files/datadownload/shared/public/datadownloadfile_1784077547904
07-14 21:06:04.328  3117  3266 D dasx    : Starting download: https://c.tenor.com/DxCC30FfRJsAAAAk/turkey-nature.gif
07-14 21:06:04.328  3117  3266 V dasx    : Is http uri, downloading (uri: https://c.tenor.com/DxCC30FfRJsAAAAk/turkey-nature.gif)
07-14 21:06:04.328  3117  3249 D dasx    : Starting download: https://c.tenor.com/EY4ovS3SJ44AAAAk/crying-face-people.gif
07-14 21:06:04.328  3117  3249 V dasx    : Is http uri, downloading (uri: https://c.tenor.com/EY4ovS3SJ44AAAAk/crying-face-people.gif)
07-14 21:06:04.347  3117  3266 E MDD     : DownloadProgressMonitor: Can't find file group for uri: android://com.google.android.apps.messaging/files/datadownload/shared/public/datadownloadfile_1784077547905
07-14 21:06:04.347  3117  3249 E MDD     : DownloadProgressMonitor: Can't find file group for uri: android://com.google.android.apps.messaging/files/datadownload/shared/public/datadownloadfile_1784077547906
07-14 21:06:04.348  3117  3266 D dasx    : Starting download: https://c.tenor.com/GX5FqVE4-YQAAAAk/miss-you-i-miss-you-so-much.gif
07-14 21:06:04.348  3117  3266 V dasx    : Is http uri, downloading (uri: https://c.tenor.com/GX5FqVE4-YQAAAAk/miss-you-i-miss-you-so-much.gif)
07-14 21:06:04.348  3117  3291 D dasx    : Starting download: https://c.tenor.com/R5zMKrraD7sAAAAk/sleeping-face-people.gif
07-14 21:06:04.348  3117  3291 V dasx    : Is http uri, downloading (uri: https://c.tenor.com/R5zMKrraD7sAAAAk/sleeping-face-people.gif)
07-14 21:06:04.576  3117  3291 E MDD     : DownloadProgressMonitor: Can't find file group for uri: android://com.google.android.apps.messaging/files/datadownload/shared/public/datadownloadfile_1784077547907
07-14 21:06:04.576  3117  3266 E MDD     : DownloadProgressMonitor: Can't find file group for uri: android://com.google.android.apps.messaging/files/datadownload/shared/public/datadownloadfile_1784077547908
07-14 21:06:04.576  3117  3249 D dasx    : Starting download: https://c.tenor.com/3ZzzUmZFXxkAAAAk/cold-face-joypixels.gif
07-14 21:06:04.576  3117  3249 V dasx    : Is http uri, downloading (uri: https://c.tenor.com/3ZzzUmZFXxkAAAAk/cold-face-joypixels.gif)
07-14 21:06:04.576  3117  3266 D dasx    : Starting download: https://c.tenor.com/K4Z_wFK-R9cAAAAk/christmas-tree-joypixels.gif
07-14 21:06:04.576  3117  3266 V dasx    : Is http uri, downloading (uri: https://c.tenor.com/K4Z_wFK-R9cAAAAk/christmas-tree-joypixels.gif)
07-14 21:06:04.596  3117  3249 E MDD     : DownloadProgressMonitor: Can't find file group for uri: android://com.google.android.apps.messaging/files/datadownload/shared/public/datadownloadfile_1784077547909
07-14 21:06:04.599  3117  3266 E MDD     : DownloadProgressMonitor: Can't find file group for uri: android://com.google.android.apps.messaging/files/datadownload/shared/public/datadownloadfile_1784077547910
07-14 21:06:04.599  3117  3291 D dasx    : Starting download: https://c.tenor.com/VgCDirag6VcAAAAk/party-popper-joypixels.gif
07-14 21:06:04.599  3117  3291 V dasx    : Is http uri, downloading (uri: https://c.tenor.com/VgCDirag6VcAAAAk/party-popper-joypixels.gif)
07-14 21:06:04.599  3117  3249 D dasx    : Starting download: https://c.tenor.com/E5IKLPPHqG8AAAAk/partying-face-joypixels.gif
07-14 21:06:04.599  3117  3249 V dasx    : Is http uri, downloading (uri: https://c.tenor.com/E5IKLPPHqG8AAAAk/partying-face-joypixels.gif)
07-14 21:06:04.612  1472  4110 I GmscoreIpa: Starting mediastore instant index [CONTEXT service_id=255 ]
07-14 21:06:04.617  3117  3291 E MDD     : DownloadProgressMonitor: Can't find file group for uri: android://com.google.android.apps.messaging/files/datadownload/shared/public/datadownloadfile_1784077547911
07-14 21:06:04.621  3117  3266 D dasx    : Starting download: https://c.tenor.com/KUV-lrktMvcAAAAk/snowman-joypixels.gif
07-14 21:06:04.621  3117  3266 V dasx    : Is http uri, downloading (uri: https://c.tenor.com/KUV-lrktMvcAAAAk/snowman-joypixels.gif)
07-14 21:06:04.637  3117  3266 E MDD     : DownloadProgressMonitor: Can't find file group for uri: android://com.google.android.apps.messaging/files/datadownload/shared/public/datadownloadfile_1784077547913
07-14 21:06:04.637   385   486 I netd    : tetherGetStats() -> {[]} <0.35ms>
07-14 21:06:04.640   385   486 I netd    : bandwidthSetGlobalAlert(2097152) <0.06ms>
07-14 21:06:04.641   385   486 I netd    : bandwidthRemoveInterfaceQuota(eth0) <0.44ms>
07-14 21:06:04.642   385   486 I netd    : bandwidthSetInterfaceQuota(eth0, 9223372036854775807) <0.55ms>
07-14 21:06:04.645   584   914 D InetDiagMessage: Destroyed 0 sockets, proto=IPPROTO_TCP, family=AF_INET, states=14
07-14 21:06:04.646   584   914 D InetDiagMessage: Destroyed 0 sockets, proto=IPPROTO_TCP, family=AF_INET6, states=14
07-14 21:06:04.646   584   914 D InetDiagMessage: Destroyed live tcp sockets for uids={10140} in 1ms
07-14 21:06:04.646   584   914 D InetDiagMessage: Destroyed 0 sockets, proto=IPPROTO_TCP, family=AF_INET, states=14
07-14 21:06:04.647   584   914 D InetDiagMessage: Destroyed 0 sockets, proto=IPPROTO_TCP, family=AF_INET6, states=14
07-14 21:06:04.647   584   914 D InetDiagMessage: Destroyed live tcp sockets for uids={20140} in 0ms
07-14 21:06:04.647  3117  3291 D dasx    : Starting download: https://c.tenor.com/Xi3spI3b5JYAAAAk/good-night.gif
07-14 21:06:04.647  3117  3291 V dasx    : Is http uri, downloading (uri: https://c.tenor.com/Xi3spI3b5JYAAAAk/good-night.gif)
07-14 21:06:04.647  3117  3249 E MDD     : DownloadProgressMonitor: Can't find file group for uri: android://com.google.android.apps.messaging/files/datadownload/shared/public/datadownloadfile_1784077547912
07-14 21:06:04.659  3117  3266 D dasx    : Starting download: https://c.tenor.com/sZqx1Zp7zr0AAAAk/good-night.gif
07-14 21:06:04.659  3117  3266 V dasx    : Is http uri, downloading (uri: https://c.tenor.com/sZqx1Zp7zr0AAAAk/good-night.gif)
07-14 21:06:04.670  3117  3291 E MDD     : DownloadProgressMonitor: Can't find file group for uri: android://com.google.android.apps.messaging/files/datadownload/shared/public/datadownloadfile_1784077547914
07-14 21:06:04.671  3117  3249 D dasx    : Starting download: https://c.tenor.com/NTOANzmVRsMAAAAk/hello-hi.gif
07-14 21:06:04.671  3117  3249 V dasx    : Is http uri, downloading (uri: https://c.tenor.com/NTOANzmVRsMAAAAk/hello-hi.gif)
07-14 21:06:04.672  1297  1297 D BoundBrokerSvc: onUnbind: Intent { act=com.google.android.gms.gmscompliance.service.START dat=chimera-action:/... cmp=com.google.android.gms/.chimera.PersistentBoundBrokerService }
07-14 21:06:04.677  3117  3266 E MDD     : DownloadProgressMonitor: Can't find file group for uri: android://com.google.android.apps.messaging/files/datadownload/shared/public/datadownloadfile_1784077547915
07-14 21:06:04.678  3117  3291 D dasx    : Starting download: https://c.tenor.com/MJRm596V0iYAAAAk/hello-hi.gif
07-14 21:06:04.678  3117  3291 V dasx    : Is http uri, downloading (uri: https://c.tenor.com/MJRm596V0iYAAAAk/hello-hi.gif)
07-14 21:06:04.680   584   709 D ActivityManager: freezing 1578 com.android.providers.calendar
07-14 21:06:04.681   584   914 D InetDiagMessage: Destroyed 0 sockets, proto=IPPROTO_TCP, family=AF_INET, states=14
07-14 21:06:04.681   584   914 D InetDiagMessage: Destroyed 0 sockets, proto=IPPROTO_TCP, family=AF_INET6, states=14
07-14 21:06:04.681   584   914 D InetDiagMessage: Destroyed live tcp sockets for uids={10101} in 1ms
07-14 21:06:04.690  3117  3249 E MDD     : DownloadProgressMonitor: Can't find file group for uri: android://com.google.android.apps.messaging/files/datadownload/shared/public/datadownloadfile_1784077547916
07-14 21:06:04.692  3117  3266 D dasx    : Starting download: https://c.tenor.com/6lqu7MQzVsUAAAAk/hello-hi.gif
07-14 21:06:04.692  3117  3266 V dasx    : Is http uri, downloading (uri: https://c.tenor.com/6lqu7MQzVsUAAAAk/hello-hi.gif)
07-14 21:06:04.695  3117  3291 E MDD     : DownloadProgressMonitor: Can't find file group for uri: android://com.google.android.apps.messaging/files/datadownload/shared/public/datadownloadfile_1784077547917
07-14 21:06:04.698  3117  3249 D dasx    : Starting download: https://c.tenor.com/t_zIg_K72JgAAAAk/happy-smile.gif
07-14 21:06:04.698  3117  3249 V dasx    : Is http uri, downloading (uri: https://c.tenor.com/t_zIg_K72JgAAAAk/happy-smile.gif)
07-14 21:06:04.711  3117  3266 E MDD     : DownloadProgressMonitor: Can't find file group for uri: android://com.google.android.apps.messaging/files/datadownload/shared/public/datadownloadfile_1784077547918
07-14 21:06:04.713  3117  3291 D dasx    : Starting download: https://c.tenor.com/ZG6-t5u8DDgAAAAk/hey-hello.gif
07-14 21:06:04.713  3117  3291 V dasx    : Is http uri, downloading (uri: https://c.tenor.com/ZG6-t5u8DDgAAAAk/hey-hello.gif)
07-14 21:06:04.715  3117  3249 E MDD     : DownloadProgressMonitor: Can't find file group for uri: android://com.google.android.apps.messaging/files/datadownload/shared/public/datadownloadfile_1784077547919
07-14 21:06:04.716  3117  3266 D dasx    : Starting download: https://c.tenor.com/Zz5yHlMacSAAAAAk/hey-hello.gif
07-14 21:06:04.716  3117  3266 V dasx    : Is http uri, downloading (uri: https://c.tenor.com/Zz5yHlMacSAAAAAk/hey-hello.gif)
07-14 21:06:04.733  3117  3291 E MDD     : DownloadProgressMonitor: Can't find file group for uri: android://com.google.android.apps.messaging/files/datadownload/shared/public/datadownloadfile_1784077547920
07-14 21:06:04.735  3117  3249 D dasx    : Starting download: https://c.tenor.com/3jT6INWMG9IAAAAk/sweet-dreams-goodnight.gif
07-14 21:06:04.735  3117  3249 V dasx    : Is http uri, downloading (uri: https://c.tenor.com/3jT6INWMG9IAAAAk/sweet-dreams-goodnight.gif)
07-14 21:06:04.751  3117  3266 E MDD     : DownloadProgressMonitor: Can't find file group for uri: android://com.google.android.apps.messaging/files/datadownload/shared/public/datadownloadfile_1784077547921
07-14 21:06:04.754  3117  3291 D dasx    : Starting download: https://c.tenor.com/4_JoGgHyajMAAAAk/sweet-dreams-goodnight.gif
07-14 21:06:04.755  3117  3291 V dasx    : Is http uri, downloading (uri: https://c.tenor.com/4_JoGgHyajMAAAAk/sweet-dreams-goodnight.gif)
07-14 21:06:04.768  3117  3249 E MDD     : DownloadProgressMonitor: Can't find file group for uri: android://com.google.android.apps.messaging/files/datadownload/shared/public/datadownloadfile_1784077547922
07-14 21:06:04.770  3117  3266 D dasx    : Starting download: https://c.tenor.com/uP5K0bDKVmQAAAAk/night-night-goodnight.gif
07-14 21:06:04.770  3117  3266 V dasx    : Is http uri, downloading (uri: https://c.tenor.com/uP5K0bDKVmQAAAAk/night-night-goodnight.gif)
07-14 21:06:04.784  3117  3291 E MDD     : DownloadProgressMonitor: Can't find file group for uri: android://com.google.android.apps.messaging/files/datadownload/shared/public/datadownloadfile_1784077547923
07-14 21:06:04.786  3117  3249 D dasx    : Starting download: https://c.tenor.com/TNJpGq2142QAAAAk/snow-globe-travel.gif
07-14 21:06:04.786  3117  3249 V dasx    : Is http uri, downloading (uri: https://c.tenor.com/TNJpGq2142QAAAAk/snow-globe-travel.gif)
07-14 21:06:04.795  3117  3266 E MDD     : DownloadProgressMonitor: Can't find file group for uri: android://com.google.android.apps.messaging/files/datadownload/shared/public/datadownloadfile_1784077547924
07-14 21:06:04.797  3117  3291 D dasx    : Starting download: https://c.tenor.com/_rP7fvDOV2AAAAAk/the-sims-the-sims4.gif
07-14 21:06:04.797  3117  3291 V dasx    : Is http uri, downloading (uri: https://c.tenor.com/_rP7fvDOV2AAAAAk/the-sims-the-sims4.gif)
07-14 21:06:04.814  3117  3291 E MDD     : DownloadProgressMonitor: Can't find file group for uri: android://com.google.android.apps.messaging/files/datadownload/shared/public/datadownloadfile_1784077547926
07-14 21:06:04.827  3117  3266 D dasx    : Starting download: https://c.tenor.com/OLs6cg5675cAAAAk/im-thankful-for-happy-thanksgiving.gif
