07-14 21:06:09.093  4136  4136 D AndroidRuntime: Shutting down VM
07-14 21:06:09.096  1297  4130 I NetworkScheduler.Stats: Task com.google.android.gms/com.google.android.gms.ipa.base.IpaGcmTaskService started execution. cause:9 exec_start_elapsed_seconds: 66 [CONTEXT service_id=218 ]
07-14 21:06:09.097  1650  1882 I A       : NGA enabled in interactor.
07-14 21:06:09.097  1297  4130 I NetworkScheduler.Stats: Task com.google.android.gms/com.google.android.gms.ipa.base.IpaGcmTaskService finished executing. cause:9 result: 1 elapsed_millis: 6 uptime_millis: 6 exec_start_elapsed_seconds: 66 [CONTEXT service_id=218 ]
07-14 21:06:09.098  1650  1882 I A       : (REDACTED) Nga state changed to %s
07-14 21:06:09.098  1650  1882 I A       : (REDACTED) isTngActive=%s
07-14 21:06:09.099  1561  1575 I A       : Initializing all components
07-14 21:06:09.100  1561  1938 I A       : (REDACTED) Nga on-device enabled based on TNG:MA active state: %b
07-14 21:06:09.100  1561  1936 I A       : (REDACTED) onIsEnabledChanged, isEnabled: %s
07-14 21:06:09.100  1561  1936 W A       : Disposing empty manager. Did you forgot to subscribe observables?
07-14 21:06:09.100  1561  1936 W A       : Disposing empty manager. Did you forgot to subscribe observables?
07-14 21:06:09.100  1561  1936 W A       : Disposing empty manager. Did you forgot to subscribe observables?
07-14 21:06:09.100  1561  1936 W A       : Disposing empty manager. Did you forgot to subscribe observables?
07-14 21:06:09.101  1561  1936 W A       : Disposing empty manager. Did you forgot to subscribe observables?
07-14 21:06:09.101  1561  1936 W A       : Disposing empty manager. Did you forgot to subscribe observables?
07-14 21:06:09.101  1561  1936 W A       : Disposing empty manager. Did you forgot to subscribe observables?
07-14 21:06:09.101  1561  1936 W A       : Disposing empty manager. Did you forgot to subscribe observables?
07-14 21:06:09.101  1561  1936 W A       : Disposing empty manager. Did you forgot to subscribe observables?
07-14 21:06:09.101  1561  1936 W A       : Disposing empty manager. Did you forgot to subscribe observables?
07-14 21:06:09.101  1561  1936 W A       : Disposing empty manager. Did you forgot to subscribe observables?
07-14 21:06:09.101  1561  1936 I A       : (REDACTED) Setting session to type: %s
07-14 21:06:09.101  1561  1936 W A       : Disposing empty manager. Did you forgot to subscribe observables?
07-14 21:06:09.101  1561  1936 W A       : Disposing empty manager. Did you forgot to subscribe observables?
07-14 21:06:09.101  1561  1938 I A       : (REDACTED) on opa visibility changed %s
07-14 21:06:09.101  1561  1936 W A       : Disposing empty manager. Did you forgot to subscribe observables?
07-14 21:06:09.101  1561  1936 W A       : Disposing empty manager. Did you forgot to subscribe observables?
07-14 21:06:09.101  1561  1936 W A       : Disposing empty manager. Did you forgot to subscribe observables?
07-14 21:06:09.101  1561  1936 W A       : Disposing empty manager. Did you forgot to subscribe observables?
07-14 21:06:09.101  1561  1938 I A       : (REDACTED) on opa visibility changed %s
07-14 21:06:09.101  1561  1936 I A       : (REDACTED) setNavBarVisible: %s
07-14 21:06:09.101  1561  1938 I A       : (REDACTED) Nga on-device enabled based on TNG:MA active state: %b
07-14 21:06:09.102  1561  1936 W A       : Disposing empty manager. Did you forgot to subscribe observables?
07-14 21:06:09.102  1561  1936 W A       : Disposing empty manager. Did you forgot to subscribe observables?
07-14 21:06:09.102  1561  1936 W A       : Disposing empty manager. Did you forgot to subscribe observables?
07-14 21:06:09.102  1561  1936 W A       : Disposing empty manager. Did you forgot to subscribe observables?
07-14 21:06:09.103  1561  1936 W A       : Disposing empty manager. Did you forgot to subscribe observables?
07-14 21:06:09.103  1561  1936 W A       : Disposing empty manager. Did you forgot to subscribe observables?
07-14 21:06:09.104  1561  1938 I A       : Initialize
07-14 21:06:09.104  1561  1938 I A       : (REDACTED) stopListening(%s, %s)
07-14 21:06:09.105  1561  1938 I NgaEntryPointEventSendr: setupConnection
07-14 21:06:09.107  3117  3285 E MDD     : DownloadProgressMonitor: Can't find file group for uri: android://com.google.android.apps.messaging/files/datadownload/shared/public/datadownloadfile_1784077547575
07-14 21:06:09.109  3117  3857 D dasx    : Starting download: https://www.gstatic.com/messages/smarts/smart_actions_grammars/assistant_templates.pb_1565913559556
07-14 21:06:09.109  3117  3857 V dasx    : Is http uri, downloading (uri: https://www.gstatic.com/messages/smarts/smart_actions_grammars/assistant_templates.pb_1565913559556)
07-14 21:06:09.115  3962  3998 D EGL_emulation: app_time_stats: avg=834.48ms min=1.06ms max=11838.43ms count=15
07-14 21:06:09.117  1561  1938 I NgaEntryPointEventSendr: (REDACTED) State changed: %s => %s
07-14 21:06:09.119  1561  1936 I ALT.ARCProvider: (REDACTED) #audio# activating audio request client(%s)
07-14 21:06:09.119  1561  1936 I ALT.ClientsRegy: (REDACTED) #audio# activating audio client(token(%d), %s)
07-14 21:06:09.120  1561  1936 I ALT.ClientsRegy: (REDACTED) #audio# enforcing concurrency state on a new client(%s, token(%d))
07-14 21:06:09.120  1561  1936 I ALT.AudioRoutesRegy: (REDACTED) #audio# initializing the default route(%d) for %s
07-14 21:06:09.121  1561  1938 I NgaEntryPointEventSendr: onServiceConnected
07-14 21:06:09.121  1650  3738 I A       : Calling beginBinderSession().
07-14 21:06:09.122  1561  1936 I ALT.ARClient: (REDACTED) #audio# routing audio request client(token(%d)) to(%s)
07-14 21:06:09.122  1561  1936 I ALT.HotwordRoutesRegy: (REDACTED) #audio# initializing the default route(%s) for hotword
07-14 21:06:09.122  1561  1936 I ALT.AudioRoutesRegy: (REDACTED) #audio# updating to audio route(token(%d), %s) for %s
07-14 21:06:09.123  1561  1936 I ALT.AudioRoutesRegy: (REDACTED) #audio# audio route(token(%d), %s) OK to update
07-14 21:06:09.123  1561  1936 I ALT.AudioRoutesRegy: (REDACTED) #audio# enforcing concurrency state on a new audio route of %s
07-14 21:06:09.123  1561  1936 I ALT.AudioRoutesRegy: (REDACTED) #audio# disconnecting(%s) audio %s for %s
07-14 21:06:09.124  1561  1936 I ALT.AudioRoutesRegy: (REDACTED) #audio# starting connection to audio route(token(%d), %s) for %s
07-14 21:06:09.125  1561  1936 I A       : (REDACTED) State changed: %s => %s by %s and %s with %s
07-14 21:06:09.126  1561  1936 I A       : (REDACTED) Recognizer choice: (recognizer_type: %s, recognizer_mode: %s, choice_reason: %s)
07-14 21:06:09.126  1561  1936 I A       : (REDACTED) onActiveStateChangeEvent: %s => %s
07-14 21:06:09.127  1650  3738 I A       : beginBinderSession(): calling binder
07-14 21:06:09.127  1561  1938 I NgaEntryPointEventSendr: (REDACTED) State changed: %s => %s
07-14 21:06:09.129  1561  1938 I INV.SystemUI: showGestureNav
07-14 21:06:09.129  1561  1938 I INV.SystemUI: (REDACTED) setUiHints(hints = %s)
07-14 21:06:09.130  1561  1936 W A       : (REDACTED) Missing generator mapping for generator %s
07-14 21:06:09.130  1561  1936 W A       : (REDACTED) Missing generator mapping for generator %s
07-14 21:06:09.130  1561  1936 W A       : (REDACTED) Missing generator mapping for generator %s
07-14 21:06:09.131  1561  1938 I A       : (REDACTED) Nga on-device enabled based on TNG:MA active state: %b
07-14 21:06:09.133  1561  1936 I A       : (REDACTED) #onActiveStateChangeEvent, newState: %s, previousState: %s.
07-14 21:06:09.133   584   689 W ActivityManager: Unable to start service Intent { cmp=com.google.android.apps.tachyon/.clientapi.ClientApiService } U=0: not found
07-14 21:06:09.133  1561  1938 I ALT.RefManager: (REDACTED) #audio# referencing(%s) to(%s), (%s)
07-14 21:06:09.133  1561  1938 I A       : Successfully initialized all components
07-14 21:06:09.134  1561  1938 I A       : (REDACTED) #audio# audio routing(%s) took %d(ms)
07-14 21:06:09.134  1561  1938 I ALT.AudioEventsHolder: (REDACTED) #audio# route(%s) for audio request client(token(%d)) updated with status(%s)
07-14 21:06:09.139  1561  1575 V ClearcutMetricXmitter: Transmission is done.
07-14 21:06:09.139  1561  1938 I INV.SystemUI: setUiHints: finished successfully
07-14 21:06:09.141   994  1001 W ndroid.systemui: Missing inline cache for void com.google.android.systemui.assist.uihints.NgaMessageHandler.processBundle(android.os.Bundle, java.lang.Runnable)
07-14 21:06:09.141   994  1001 W ndroid.systemui: Missing inline cache for void com.google.android.systemui.assist.uihints.NgaMessageHandler.processBundle(android.os.Bundle, java.lang.Runnable)
07-14 21:06:09.146  1650  2209 W A       : (REDACTED) %s task was not run. Callback from Service received after client was disposed.
07-14 21:06:09.147  1561  1938 I NgaEntryPointEventSendr: (REDACTED) State changed: %s => %s (%s)
07-14 21:06:09.147  1650  2209 W SearchServiceCore: Abort, client detached.
07-14 21:06:09.151  1650  3352 I PBSessionCacheImpl: (REDACTED) Deleted sessionId[%d] from persistence.
07-14 21:06:09.157  1506  1506 D WM-DelayedWorkTracker: Scheduling work 34cc1c2d-0e8e-47ba-b2e1-93fa6a77ab17
07-14 21:06:09.157  1506  1506 D WM-GreedyScheduler: Starting tracking for 34cc1c2d-0e8e-47ba-b2e1-93fa6a77ab17
07-14 21:06:09.159  1506  1506 D WM-SystemJobService: onStartJob for WorkGenerationalId(workSpecId=34cc1c2d-0e8e-47ba-b2e1-93fa6a77ab17, generation=0)
07-14 21:06:09.159  1506  1703 D WM-ConstraintTracker: BatteryNotLowTracker: initial state = true
07-14 21:06:09.159  1506  1703 D WM-BrdcstRcvrCnstrntTrc: BatteryNotLowTracker: registering receiver
07-14 21:06:09.161  1506  1703 D WM-Processor: Processor: processing WorkGenerationalId(workSpecId=34cc1c2d-0e8e-47ba-b2e1-93fa6a77ab17, generation=0)
07-14 21:06:09.162  1506  1703 D WM-GreedyScheduler: Constraints met: Scheduling work ID WorkGenerationalId(workSpecId=34cc1c2d-0e8e-47ba-b2e1-93fa6a77ab17, generation=0)
07-14 21:06:09.162  1506  1506 D WM-WorkerWrapper: Starting work for com.android.providers.media.photopicker.sync.ProactiveSyncWorker
07-14 21:06:09.163  1506  4155 I PSyncWorker: Starting proactive picker sync from sync source: 1
07-14 21:06:09.163  1506  1703 D WM-Processor: Work WorkGenerationalId(workSpecId=34cc1c2d-0e8e-47ba-b2e1-93fa6a77ab17, generation=0) is already enqueued for processing
07-14 21:06:09.163  1506  4155 I PickerSyncTracker: Created new sync future java.util.concurrent.CompletableFuture@c474c34[Not completed, 1 dependents]. Future map: {34cc1c2d-0e8e-47ba-b2e1-93fa6a77ab17=java.util.concurrent.CompletableFuture@c474c34[Not completed, 1 dependents]}
07-14 21:06:09.164  1506  4155 D PickerSyncController: syncAllMediaFromProvider() LOCAL, auth=com.android.providers.media.photopicker, retry=true
07-14 21:06:09.164  1506  4155 D PickerSyncController: getSyncRequestParams() LOCAL, auth=com.android.providers.media.photopicker
07-14 21:06:09.168  1506  4155 D PickerSyncController:    Latest ID/Gen=1409:275c5fef-95cf-4572-8231-9ab03d39a68a:external_primary/6
07-14 21:06:09.168  1506  4155 D PickerSyncController:    Cached ID/Gen=null/-1
07-14 21:06:09.168  1506  4155 D PickerSyncController:    RESULT=SyncRequestParams{type=MEDIA_FULL_WITH_RESET, gen=0, latest=Bundle[{last_media_sync_generation=6, media_collection_id=1409:275c5fef-95cf-4572-8231-9ab03d39a68a:external_primary}], pageSize=1000}
07-14 21:06:09.168  1506  4155 I PickerSyncController: Executing SyncReset. isLocal: true. authority: com.android.providers.media.photopicker
07-14 21:06:09.170  1506  4155 D PickerNotificationSender: Sending a notification for media update
07-14 21:06:09.170  1506  4155 D PickerNotificationSender: Sending a notification for merged album media update Favorites
07-14 21:06:09.170  1506  4155 D PickerNotificationSender: Sending a notification for album media update Favorites
07-14 21:06:09.170  1506  4155 D PickerNotificationSender: Sending a notification for merged album media update Videos
07-14 21:06:09.170  1506  4155 D PickerNotificationSender: Sending a notification for album media update Videos
07-14 21:06:09.170  1506  4155 I PickerSyncController: SyncReset. isLocal:true. authority: com.android.providers.media.photopicker. result count: 0
07-14 21:06:09.170  1506  4155 I PickerSyncController: Executing SyncAdd. isLocal: true. authority: com.android.providers.media.photopicker
07-14 21:06:09.170  1506  4155 D PickerSyncLockManager: Trying to acquire lock com.android.providers.media.photopicker.sync.CloseableReentrantLock@88b994c[Unlocked]. Lock Name = CLOUD_PROVIDER_LOCK. Threads that may be waiting to acquire this lock = [] with timeout.
07-14 21:06:09.170  1506  4155 D CloseableReentrantLock: Successfully acquired lock com.android.providers.media.photopicker.sync.CloseableReentrantLock@88b994c[Locked by thread pool-3-thread-1]. Lock Name = CLOUD_PROVIDER_LOCK. Threads that may be waiting to acquire this lock = []
07-14 21:06:09.170  1506  4155 D CloseableReentrantLock: Successfully released lock com.android.providers.media.photopicker.sync.CloseableReentrantLock@88b994c[Unlocked]. Lock Name = CLOUD_PROVIDER_LOCK. Threads that may be waiting to acquire this lock = []
07-14 21:06:09.170  1506  4155 D ExternalDbFacade: Token received for queryMedia = null
07-14 21:06:09.172  1506  4155 V PickerDbFacade: Failed to insert picker db media. ContentValues: standard_mime_type_extension=0 size_bytes=0 orientation=0 height=640 date_taken_ms=1784077567000 duration_ms=0 sync_generation=6 mime_type=image/png width=320 is_favorite=0 local_id=1000000018 is_visible=1
07-14 21:06:09.172  1506  4155 V PickerDbFacade: android.database.sqlite.SQLiteConstraintException: CHECK constraint failed: size_bytes > 0 (code 275 SQLITE_CONSTRAINT_CHECK)
07-14 21:06:09.172  1506  4155 V PickerDbFacade: 	at android.database.sqlite.SQLiteConnection.nativeExecuteForLastInsertedRowId(Native Method)
07-14 21:06:09.172  1506  4155 V PickerDbFacade: 	at android.database.sqlite.SQLiteConnection.executeForLastInsertedRowId(SQLiteConnection.java:974)
07-14 21:06:09.172  1506  4155 V PickerDbFacade: 	at android.database.sqlite.SQLiteSession.executeForLastInsertedRowId(SQLiteSession.java:814)
07-14 21:06:09.172  1506  4155 V PickerDbFacade: 	at android.database.sqlite.SQLiteStatement.executeInsert(SQLiteStatement.java:89)
07-14 21:06:09.172  1506  4155 V PickerDbFacade: 	at android.database.DatabaseUtils.executeInsert(DatabaseUtils.java:212)
07-14 21:06:09.172  1506  4155 V PickerDbFacade: 	at android.database.sqlite.SQLiteQueryBuilder.insert(SQLiteQueryBuilder.java:638)
07-14 21:06:09.172  1506  4155 V PickerDbFacade: 	at com.android.providers.media.photopicker.data.PickerDbFacade$AddMediaOperation.insertMedia(PickerDbFacade.java:520)
07-14 21:06:09.172  1506  4155 V PickerDbFacade: 	at com.android.providers.media.photopicker.data.PickerDbFacade$AddMediaOperation.upsertMedia(PickerDbFacade.java:534)
07-14 21:06:09.172  1506  4155 V PickerDbFacade: 	at com.android.providers.media.photopicker.data.PickerDbFacade$AddMediaOperation.executeInternal(PickerDbFacade.java:492)
07-14 21:06:09.172  1506  4155 V PickerDbFacade: 	at com.android.providers.media.photopicker.data.PickerDbFacade$DbWriteOperation.execute(PickerDbFacade.java:360)
07-14 21:06:09.172  1506  4155 V PickerDbFacade: 	at com.android.providers.media.photopicker.PickerSyncController.executePagedSync(PickerSyncController.java:1493)
07-14 21:06:09.172  1506  4155 V PickerDbFacade: 	at com.android.providers.media.photopicker.PickerSyncController.executePagedSync(PickerSyncController.java:1412)
07-14 21:06:09.172  1506  4155 V PickerDbFacade: 	at com.android.providers.media.photopicker.PickerSyncController.executeSyncAdd(PickerSyncController.java:941)
07-14 21:06:09.172  1506  4155 V PickerDbFacade: 	at com.android.providers.media.photopicker.PickerSyncController.syncAllMediaFromProvider(PickerSyncController.java:773)
07-14 21:06:09.172  1506  4155 V PickerDbFacade: 	at com.android.providers.media.photopicker.PickerSyncController.syncAllMediaFromLocalProvider(PickerSyncController.java:299)
07-14 21:06:09.172  1506  4155 V PickerDbFacade: 	at com.android.providers.media.photopicker.sync.ProactiveSyncWorker.doWork(ProactiveSyncWorker.java:89)
07-14 21:06:09.172  1506  4155 V PickerDbFacade: 	at androidx.work.Worker$startWork$1.invoke(Worker.kt:64)
07-14 21:06:09.172  1506  4155 V PickerDbFacade: 	at androidx.work.Worker$startWork$1.invoke(Worker.kt:64)
07-14 21:06:09.172  1506  4155 V PickerDbFacade: 	at androidx.work.WorkerKt.future$lambda$2$lambda$1(Worker.kt:100)
07-14 21:06:09.172  1506  4155 V PickerDbFacade: 	at androidx.work.WorkerKt.$r8$lambda$06LNzu7McnKR6G06fSbfQ2BCegc(Worker.kt:0)
07-14 21:06:09.172  1506  4155 V PickerDbFacade: 	at androidx.work.WorkerKt$$ExternalSyntheticLambda2.run(R8$$SyntheticClass:0)
07-14 21:06:09.172  1506  4155 V PickerDbFacade: 	at java.util.concurrent.ThreadPoolExecutor.runWorker(ThreadPoolExecutor.java:1145)
07-14 21:06:09.172  1506  4155 V PickerDbFacade: 	at java.util.concurrent.ThreadPoolExecutor$Worker.run(ThreadPoolExecutor.java:644)
07-14 21:06:09.172  1506  4155 V PickerDbFacade: 	at java.lang.Thread.run(Thread.java:1012)
07-14 21:06:09.172  1506  4155 V PickerDbFacade: Retrying failed insert as update. ContentValues: standard_mime_type_extension=0 size_bytes=0 orientation=0 height=640 date_taken_ms=1784077567000 duration_ms=0 sync_generation=6 mime_type=image/png width=320 is_favorite=0 local_id=1000000018 is_visible=1
07-14 21:06:09.172  1506  4155 V PickerDbFacade: Failed to update picker db media. ContentValues: standard_mime_type_extension=0 size_bytes=0 orientation=0 height=640 date_taken_ms=1784077567000 duration_ms=0 sync_generation=6 mime_type=image/png width=320 is_favorite=0 local_id=1000000018 is_visible=1
07-14 21:06:09.172  1506  4155 V PickerDbFacade: Failed to insert picker db media. ContentValues: standard_mime_type_extension=0 size_bytes=0 orientation=0 height=640 date_taken_ms=1784077567000 duration_ms=0 sync_generation=6 mime_type=image/png width=320 is_favorite=0 local_id=1000000018 is_visible=1
07-14 21:06:09.172  1506  4155 V PickerDbFacade: android.database.sqlite.SQLiteConstraintException: CHECK constraint failed: size_bytes > 0 (code 275 SQLITE_CONSTRAINT_CHECK)
07-14 21:06:09.172  1506  4155 V PickerDbFacade: 	at android.database.sqlite.SQLiteConnection.nativeExecuteForLastInsertedRowId(Native Method)
07-14 21:06:09.172  1506  4155 V PickerDbFacade: 	at android.database.sqlite.SQLiteConnection.executeForLastInsertedRowId(SQLiteConnection.java:974)
07-14 21:06:09.172  1506  4155 V PickerDbFacade: 	at android.database.sqlite.SQLiteSession.executeForLastInsertedRowId(SQLiteSession.java:814)
07-14 21:06:09.172  1506  4155 V PickerDbFacade: 	at android.database.sqlite.SQLiteStatement.executeInsert(SQLiteStatement.java:89)
07-14 21:06:09.172  1506  4155 V PickerDbFacade: 	at android.database.DatabaseUtils.executeInsert(DatabaseUtils.java:212)
07-14 21:06:09.172  1506  4155 V PickerDbFacade: 	at android.database.sqlite.SQLiteQueryBuilder.insert(SQLiteQueryBuilder.java:638)
07-14 21:06:09.172  1506  4155 V PickerDbFacade: 	at com.android.providers.media.photopicker.data.PickerDbFacade$AddMediaOperation.insertMedia(PickerDbFacade.java:520)
07-14 21:06:09.172  1506  4155 V PickerDbFacade: 	at com.android.providers.media.photopicker.data.PickerDbFacade$AddMediaOperation.upsertMedia(PickerDbFacade.java:534)
07-14 21:06:09.172  1506  4155 V PickerDbFacade: 	at com.android.providers.media.photopicker.data.PickerDbFacade$AddMediaOperation.executeInternal(PickerDbFacade.java:509)
07-14 21:06:09.172  1506  4155 V PickerDbFacade: 	at com.android.providers.media.photopicker.data.PickerDbFacade$DbWriteOperation.execute(PickerDbFacade.java:360)
07-14 21:06:09.172  1506  4155 V PickerDbFacade: 	at com.android.providers.media.photopicker.PickerSyncController.executePagedSync(PickerSyncController.java:1493)
07-14 21:06:09.172  1506  4155 V PickerDbFacade: 	at com.android.providers.media.photopicker.PickerSyncController.executePagedSync(PickerSyncController.java:1412)
07-14 21:06:09.172  1506  4155 V PickerDbFacade: 	at com.android.providers.media.photopicker.PickerSyncController.executeSyncAdd(PickerSyncController.java:941)
07-14 21:06:09.172  1506  4155 V PickerDbFacade: 	at com.android.providers.media.photopicker.PickerSyncController.syncAllMediaFromProvider(PickerSyncController.java:773)
07-14 21:06:09.172  1506  4155 V PickerDbFacade: 	at com.android.providers.media.photopicker.PickerSyncController.syncAllMediaFromLocalProvider(PickerSyncController.java:299)
07-14 21:06:09.172  1506  4155 V PickerDbFacade: 	at com.android.providers.media.photopicker.sync.ProactiveSyncWorker.doWork(ProactiveSyncWorker.java:89)
07-14 21:06:09.172  1506  4155 V PickerDbFacade: 	at androidx.work.Worker$startWork$1.invoke(Worker.kt:64)
07-14 21:06:09.172  1506  4155 V PickerDbFacade: 	at androidx.work.Worker$startWork$1.invoke(Worker.kt:64)
07-14 21:06:09.172  1506  4155 V PickerDbFacade: 	at androidx.work.WorkerKt.future$lambda$2$lambda$1(Worker.kt:100)
07-14 21:06:09.172  1506  4155 V PickerDbFacade: 	at androidx.work.WorkerKt.$r8$lambda$06LNzu7McnKR6G06fSbfQ2BCegc(Worker.kt:0)
07-14 21:06:09.172  1506  4155 V PickerDbFacade: 	at androidx.work.WorkerKt$$ExternalSyntheticLambda2.run(R8$$SyntheticClass:0)
07-14 21:06:09.172  1506  4155 V PickerDbFacade: 	at java.util.concurrent.ThreadPoolExecutor.runWorker(ThreadPoolExecutor.java:1145)
07-14 21:06:09.172  1506  4155 V PickerDbFacade: 	at java.util.concurrent.ThreadPoolExecutor$Worker.run(ThreadPoolExecutor.java:644)
07-14 21:06:09.172  1506  4155 V PickerDbFacade: 	at java.lang.Thread.run(Thread.java:1012)
07-14 21:06:09.172  1506  4155 V PickerDbFacade: Retrying failed insert as update. ContentValues: standard_mime_type_extension=0 size_bytes=0 orientation=0 height=640 date_taken_ms=1784077567000 duration_ms=0 sync_generation=6 mime_type=image/png width=320 is_favorite=0 local_id=1000000018 is_visible=1
07-14 21:06:09.172  1506  4155 V PickerDbFacade: Failed to update picker db media. ContentValues: standard_mime_type_extension=0 size_bytes=0 orientation=0 height=640 date_taken_ms=1784077567000 duration_ms=0 sync_generation=6 mime_type=image/png width=320 is_favorite=0 local_id=1000000018 is_visible=1
07-14 21:06:09.172  1506  4155 D PickerSyncLockManager: Trying to acquire lock com.android.providers.media.photopicker.sync.CloseableReentrantLock@88b994c[Unlocked]. Lock Name = CLOUD_PROVIDER_LOCK. Threads that may be waiting to acquire this lock = [] with timeout.
07-14 21:06:09.172  1506  4155 D CloseableReentrantLock: Successfully acquired lock com.android.providers.media.photopicker.sync.CloseableReentrantLock@88b994c[Locked by thread pool-3-thread-1]. Lock Name = CLOUD_PROVIDER_LOCK. Threads that may be waiting to acquire this lock = []
07-14 21:06:09.172  1506  4155 D PickerSyncController: Saving next page token: 1784077567000|1000000018 for key: local_provider:media_add:resume
07-14 21:06:09.172  1506  4155 D CloseableReentrantLock: Successfully released lock com.android.providers.media.photopicker.sync.CloseableReentrantLock@88b994c[Unlocked]. Lock Name = CLOUD_PROVIDER_LOCK. Threads that may be waiting to acquire this lock = []
07-14 21:06:09.172  1506  4155 D PickerNotificationSender: Sending a notification for media update
07-14 21:06:09.172  1506  4155 D PickerNotificationSender: Sending a notification for merged album media update Favorites
07-14 21:06:09.172  1506  4155 D PickerNotificationSender: Sending a notification for album media update Favorites
07-14 21:06:09.172  1506  4155 D PickerNotificationSender: Sending a notification for merged album media update Videos
07-14 21:06:09.172  1506  4155 D PickerNotificationSender: Sending a notification for album media update Videos
07-14 21:06:09.173  1506  4155 D ExternalDbFacade: Token received for queryMedia = 1784077567000|1000000018
07-14 21:06:09.173  1506  4155 D PickerSyncLockManager: Trying to acquire lock com.android.providers.media.photopicker.sync.CloseableReentrantLock@88b994c[Unlocked]. Lock Name = CLOUD_PROVIDER_LOCK. Threads that may be waiting to acquire this lock = [] with timeout.
07-14 21:06:09.173  1506  4155 D CloseableReentrantLock: Successfully acquired lock com.android.providers.media.photopicker.sync.CloseableReentrantLock@88b994c[Locked by thread pool-3-thread-1]. Lock Name = CLOUD_PROVIDER_LOCK. Threads that may be waiting to acquire this lock = []
07-14 21:06:09.173  1506  4155 D PickerSyncController: Clearing next page token for key: local_provider:media_add:resume
07-14 21:06:09.173  1506  4155 D CloseableReentrantLock: Successfully released lock com.android.providers.media.photopicker.sync.CloseableReentrantLock@88b994c[Unlocked]. Lock Name = CLOUD_PROVIDER_LOCK. Threads that may be waiting to acquire this lock = []
07-14 21:06:09.173  1506  4155 D PickerNotificationSender: Sending a notification for media update
07-14 21:06:09.173  1506  4155 D PickerNotificationSender: Sending a notification for merged album media update Favorites
07-14 21:06:09.173  1506  4155 D PickerNotificationSender: Sending a notification for album media update Favorites
07-14 21:06:09.173  1506  4155 D PickerNotificationSender: Sending a notification for merged album media update Videos
07-14 21:06:09.173  1506  4155 D PickerNotificationSender: Sending a notification for album media update Videos
07-14 21:06:09.173  1506  4155 I PickerSyncController: Paged sync successful. QueryArgs: Bundle[{android.provider.extra.PAGE_TOKEN=1784077567000|1000000018, android.provider.extra.PAGE_SIZE=1000}] Total Rows: 0
07-14 21:06:09.173  1506  4155 I PickerSyncTracker: Marked sync future complete for work id: 34cc1c2d-0e8e-47ba-b2e1-93fa6a77ab17. Future map: {}
07-14 21:06:09.173  1506  4155 I PSyncWorker: Completed picker proactive sync complete from local provider.
07-14 21:06:09.174  1506  1703 I WM-WorkerWrapper: Worker result SUCCESS for Work [ id=34cc1c2d-0e8e-47ba-b2e1-93fa6a77ab17, tags={ com.android.providers.media.photopicker.sync.ProactiveSyncWorker } ]
07-14 21:06:09.174  1506  1506 D WM-Processor: Processor 34cc1c2d-0e8e-47ba-b2e1-93fa6a77ab17 executed; reschedule = false
07-14 21:06:09.174  1506  1506 D WM-GreedyScheduler: Stopping tracking for WorkGenerationalId(workSpecId=34cc1c2d-0e8e-47ba-b2e1-93fa6a77ab17, generation=0)
07-14 21:06:09.174  1506  1506 D WM-SystemJobService: 34cc1c2d-0e8e-47ba-b2e1-93fa6a77ab17 executed on JobScheduler
07-14 21:06:09.175  1506  1703 D WM-GreedyScheduler: Cancelling work ID 34cc1c2d-0e8e-47ba-b2e1-93fa6a77ab17
07-14 21:06:09.175  1506  1703 D WM-GreedyScheduler: Ignoring {WorkSpec: 4bc4a68c-9e82-4a1a-8cbf-5d30bc6e2273}. Requires device idle.
07-14 21:06:09.175  1506  1703 D WM-GreedyScheduler: Ignoring {WorkSpec: 62bab043-3c2a-4935-9170-5252339c1034}. Requires device idle.
07-14 21:06:09.175  1506  1790 D WM-BrdcstRcvrCnstrntTrc: BatteryNotLowTracker: unregistering receiver
07-14 21:06:09.179  3117  3249 E MDD     : DownloadProgressMonitor: Can't find file group for uri: android://com.google.android.apps.messaging/files/datadownload/shared/public/datadownloadfile_1784077547576
07-14 21:06:09.180  3117  3285 D dasx    : Starting download: https://www.gstatic.com/messages/smarts/smart_actions_grammars/AboutRestaurant_android.far_1565913559556
07-14 21:06:09.180  3117  3285 V dasx    : Is http uri, downloading (uri: https://www.gstatic.com/messages/smarts/smart_actions_grammars/AboutRestaurant_android.far_1565913559556)
07-14 21:06:09.220  3117  3857 E MDD     : DownloadProgressMonitor: Can't find file group for uri: android://com.google.android.apps.messaging/files/datadownload/shared/public/datadownloadfile_1784077547577
07-14 21:06:09.223  3117  3249 D dasx    : Starting download: https://www.gstatic.com/messages/smarts/smart_actions_grammars/model_based_provider_configs_pumpkin_model_config_no_about_movie_grammar_2019060600.pb_1565913559556
07-14 21:06:09.223  3117  3249 V dasx    : Is http uri, downloading (uri: https://www.gstatic.com/messages/smarts/smart_actions_grammars/model_based_provider_configs_pumpkin_model_config_no_about_movie_grammar_2019060600.pb_1565913559556)
07-14 21:06:09.265  3117  3285 E MDD     : DownloadProgressMonitor: Can't find file group for uri: android://com.google.android.apps.messaging/files/datadownload/shared/public/datadownloadfile_1784077547578
07-14 21:06:09.269  3117  3857 D dasx    : Starting download: https://www.gstatic.com/messages/smarts/smart_actions_grammars/Gif_android.far_1660064605222
07-14 21:06:09.269  3117  3857 V dasx    : Is http uri, downloading (uri: https://www.gstatic.com/messages/smarts/smart_actions_grammars/Gif_android.far_1660064605222)
07-14 21:06:09.304  3117  3249 E MDD     : DownloadProgressMonitor: Can't find file group for uri: android://com.google.android.apps.messaging/files/datadownload/shared/public/datadownloadfile_1784077547579
07-14 21:06:09.306  3117  3285 D dasx    : Starting download: https://www.gstatic.com/messages/smarts/smart_actions_grammars/AboutMovie_android.far_1565913559556
07-14 21:06:09.306  3117  3285 V dasx    : Is http uri, downloading (uri: https://www.gstatic.com/messages/smarts/smart_actions_grammars/AboutMovie_android.far_1565913559556)
07-14 21:06:09.344  3117  3857 E MDD     : DownloadProgressMonitor: Can't find file group for uri: android://com.google.android.apps.messaging/files/datadownload/shared/public/datadownloadfile_1784077547580
07-14 21:06:09.360  3117  3249 D dasx    : Starting download: https://www.gstatic.com/messages/smarts/smart_actions_grammars/UpdateContact_android.far_1565913559556
07-14 21:06:09.360  3117  3249 V dasx    : Is http uri, downloading (uri: https://www.gstatic.com/messages/smarts/smart_actions_grammars/UpdateContact_android.far_1565913559556)
07-14 21:06:09.385  3117  3285 E MDD     : DownloadProgressMonitor: Can't find file group for uri: android://com.google.android.apps.messaging/files/datadownload/shared/public/datadownloadfile_1784077547581
07-14 21:06:09.386  3117  3857 D dasx    : Starting download: https://www.gstatic.com/messages/smarts/smart_actions_grammars/suggestion_templates_delivery_dining_no_movies_20200317.pb_1584744512700
07-14 21:06:09.386  3117  3857 V dasx    : Is http uri, downloading (uri: https://www.gstatic.com/messages/smarts/smart_actions_grammars/suggestion_templates_delivery_dining_no_movies_20200317.pb_1584744512700)
07-14 21:06:09.423  3117  3249 E MDD     : DownloadProgressMonitor: Can't find file group for uri: android://com.google.android.apps.messaging/files/datadownload/shared/public/datadownloadfile_1784077547582
07-14 21:06:09.426  3117  3285 D dasx    : Starting download: https://www.gstatic.com/messages/smarts/smart_actions_grammars/suggestion_templates_wolfgang_20220601.pb_1654197847332
07-14 21:06:09.426  3117  3285 V dasx    : Is http uri, downloading (uri: https://www.gstatic.com/messages/smarts/smart_actions_grammars/suggestion_templates_wolfgang_20220601.pb_1654197847332)
07-14 21:06:09.461  3117  3857 E MDD     : DownloadProgressMonitor: Can't find file group for uri: android://com.google.android.apps.messaging/files/datadownload/shared/public/datadownloadfile_1784077547583
07-14 21:06:09.462  3117  3249 D dasx    : Starting download: https://www.gstatic.com/messages/smarts/smart_actions_grammars/suggestion_templates.pb_1629397752516
07-14 21:06:09.462  3117  3249 V dasx    : Is http uri, downloading (uri: https://www.gstatic.com/messages/smarts/smart_actions_grammars/suggestion_templates.pb_1629397752516)
07-14 21:06:09.522  3117  3285 E MDD     : DownloadProgressMonitor: Can't find file group for uri: android://com.google.android.apps.messaging/files/datadownload/shared/public/datadownloadfile_1784077547584
07-14 21:06:09.526  3117  3857 D dasx    : Starting download: https://www.gstatic.com/messages/smarts/smart_actions_grammars/suggestion_templates_no_dining_movies_20200317.pb_1629482891038
07-14 21:06:09.526  3117  3857 V dasx    : Is http uri, downloading (uri: https://www.gstatic.com/messages/smarts/smart_actions_grammars/suggestion_templates_no_dining_movies_20200317.pb_1629482891038)
07-14 21:06:09.569  3117  3249 E MDD     : DownloadProgressMonitor: Can't find file group for uri: android://com.google.android.apps.messaging/files/datadownload/shared/public/datadownloadfile_1784077547585
07-14 21:06:09.572  3117  3285 D dasx    : Starting download: https://www.gstatic.com/messages/smarts/smart_actions_grammars/ShareLocationContinuation_android.far_1635555498975
07-14 21:06:09.572  3117  3285 V dasx    : Is http uri, downloading (uri: https://www.gstatic.com/messages/smarts/smart_actions_grammars/ShareLocationContinuation_android.far_1635555498975)
07-14 21:06:09.602  3117  3857 E MDD     : DownloadProgressMonitor: Can't find file group for uri: android://com.google.android.apps.messaging/files/datadownload/shared/public/datadownloadfile_1784077547586
07-14 21:06:09.606  3117  3249 D dasx    : Starting download: https://www.gstatic.com/messages/smarts/smart_actions_grammars/pumpkin_model_config_location_sharing_20210810_experiment.pb_1629397752516
07-14 21:06:09.606  3117  3249 V dasx    : Is http uri, downloading (uri: https://www.gstatic.com/messages/smarts/smart_actions_grammars/pumpkin_model_config_location_sharing_20210810_experiment.pb_1629397752516)
07-14 21:06:09.649  3117  3285 E MDD     : DownloadProgressMonitor: Can't find file group for uri: android://com.google.android.apps.messaging/files/datadownload/shared/public/datadownloadfile_1784077547587
07-14 21:06:09.654  3117  3857 D dasx    : Starting download: https://www.gstatic.com/messages/smarts/smart_actions_grammars/ShareLocationReply_android.far_1635555498975
07-14 21:06:09.654  3117  3857 V dasx    : Is http uri, downloading (uri: https://www.gstatic.com/messages/smarts/smart_actions_grammars/ShareLocationReply_android.far_1635555498975)
07-14 21:06:09.661   584   709 D ActivityManager: freezing 3974 com.google.android.settings.intelligence
07-14 21:06:09.662   584   914 D InetDiagMessage: Destroyed 0 sockets, proto=IPPROTO_TCP, family=AF_INET, states=14
07-14 21:06:09.662   584   914 D InetDiagMessage: Destroyed 0 sockets, proto=IPPROTO_TCP, family=AF_INET6, states=14
07-14 21:06:09.662   584   914 D InetDiagMessage: Destroyed live tcp sockets for uids={10140} in 1ms
07-14 21:06:09.684  3117  3249 E MDD     : DownloadProgressMonitor: Can't find file group for uri: android://com.google.android.apps.messaging/files/datadownload/shared/public/datadownloadfile_1784077547588
07-14 21:06:09.684  3117  3285 D dasx    : Starting download: https://www.gstatic.com/messages/voice/backgrounds/love_09272023.svg
07-14 21:06:09.684  3117  3285 V dasx    : Is http uri, downloading (uri: https://www.gstatic.com/messages/voice/backgrounds/love_09272023.svg)
07-14 21:06:09.715  3117  3857 E MDD     : DownloadProgressMonitor: Can't find file group for uri: android://com.google.android.apps.messaging/files/datadownload/shared/public/datadownloadfile_1784077547589
07-14 21:06:09.716  3117  3249 D dasx    : Starting download: https://www.gstatic.com/messages/voice/backgrounds/celebrate_09272023.svg
07-14 21:06:09.716  3117  3249 V dasx    : Is http uri, downloading (uri: https://www.gstatic.com/messages/voice/backgrounds/celebrate_09272023.svg)
07-14 21:06:09.734  3117  3285 E MDD     : DownloadProgressMonitor: Can't find file group for uri: android://com.google.android.apps.messaging/files/datadownload/shared/public/datadownloadfile_1784077548450
07-14 21:06:09.735  3117  3857 D dasx    : Starting download: https://www.gstatic.com/messages/voice/backgrounds/annoyed_09272023.svg
07-14 21:06:09.735  3117  3857 V dasx    : Is http uri, downloading (uri: https://www.gstatic.com/messages/voice/backgrounds/annoyed_09272023.svg)
07-14 21:06:09.750  3117  3249 E MDD     : DownloadProgressMonitor: Can't find file group for uri: android://com.google.android.apps.messaging/files/datadownload/shared/public/datadownloadfile_1784077548451
07-14 21:06:09.751  3117  3285 D dasx    : Starting download: https://www.gstatic.com/messages/voice/backgrounds/happy_09272023.svg
07-14 21:06:09.751  3117  3285 V dasx    : Is http uri, downloading (uri: https://www.gstatic.com/messages/voice/backgrounds/happy_09272023.svg)
07-14 21:06:09.767  3117  3857 E MDD     : DownloadProgressMonitor: Can't find file group for uri: android://com.google.android.apps.messaging/files/datadownload/shared/public/datadownloadfile_1784077548452
07-14 21:06:09.770  3117  3249 D dasx    : Starting download: https://www.gstatic.com/messages/voice/backgrounds/angry_10112023.svg
07-14 21:06:09.770  3117  3249 V dasx    : Is http uri, downloading (uri: https://www.gstatic.com/messages/voice/backgrounds/angry_10112023.svg)
07-14 21:06:09.783  3117  3285 E MDD     : DownloadProgressMonitor: Can't find file group for uri: android://com.google.android.apps.messaging/files/datadownload/shared/public/datadownloadfile_1784077548453
07-14 21:06:09.784  3117  3249 E MDD     : DownloadProgressMonitor: Can't find file group for uri: android://com.google.android.apps.messaging/files/datadownload/shared/public/datadownloadfile_1784077548454
07-14 21:06:09.784  3117  3857 D dasx    : Starting download: https://www.gstatic.com/android/text_classifier/s/v903/en.fb
07-14 21:06:09.784  3117  3857 V dasx    : Is http uri, downloading (uri: https://www.gstatic.com/android/text_classifier/s/v903/en.fb)
07-14 21:06:09.784  3117  3249 D dasx    : Starting download: https://www.gstatic.com/messages/smarts/calendar_appointment_grammar/combined_pumpkin_config_appointment.pb_1658943009482
07-14 21:06:09.784  3117  3249 V dasx    : Is http uri, downloading (uri: https://www.gstatic.com/messages/smarts/calendar_appointment_grammar/combined_pumpkin_config_appointment.pb_1658943009482)
07-14 21:06:09.873  3117  3117 W JobService: onNetworkChanged() not implemented in androidx.work.impl.background.systemjob.SystemJobService. Must override in a subclass.
07-14 21:06:09.874  3117  3117 W JobService: onNetworkChanged() not implemented in androidx.work.impl.background.systemjob.SystemJobService. Must override in a subclass.
07-14 21:06:09.879  3496  3540 I BugleRcsEngine: Connected state: [1], networkType: [WIFI] [CONTEXT thread_id=60 ]
07-14 21:06:09.879  3496  3755 I BugleRcsEngine: handleMessage processing message:[NOTIFY_UPTIME_IGNORE_STATE_CHANGED] with [non-null]:RcsEngineImpl reference [CONTEXT log_prefix="RcsEngineImpl[DUAL_REG]:[ed5fc70c-c9b7]>Handler" thread_id=77 ]
07-14 21:06:09.880  1297  2253 I ChimeraSrvcProxy: NullBinder for android.net.action.RECOMMEND_NETWORKS triggering remote TransactionTooLargeException due to Service without Chimera impl
07-14 21:06:09.880  1297  2253 W .gms.persistent: Large reply transaction of 1056768 bytes, interface descriptor , code 1
07-14 21:06:09.882  3496  3755 I BugleRcsEngine: No RCS Configuration was found in Bugle for simID: redacted-pii:sim_id[chars:20,last3:897] [CONTEXT log_prefix="ProvisioningEngineDataRetriever" thread_id=77 ]
07-14 21:06:10.053  3117  3249 E MDD     : DownloadProgressMonitor: Can't find file group for uri: android://com.google.android.apps.messaging/files/datadownload/shared/public/datadownloadfile_1784077548030
07-14 21:06:10.054  3117  3285 D dasx    : Starting download: https://www.gstatic.com/messages/smarts/calendar_appointment_grammar/Appointment_android.far_1658943009482
07-14 21:06:10.054  3117  3285 V dasx    : Is http uri, downloading (uri: https://www.gstatic.com/messages/smarts/calendar_appointment_grammar/Appointment_android.far_1658943009482)
07-14 21:06:10.077  3117  3857 E MDD     : DownloadProgressMonitor: Can't find file group for uri: android://com.google.android.apps.messaging/files/datadownload/shared/public/datadownloadfile_1784077547605
07-14 21:06:10.254  3117  3285 E MDD     : DownloadProgressMonitor: Can't find file group for uri: android://com.google.android.apps.messaging/files/datadownload/shared/public/datadownloadfile_1784077548031
07-14 21:06:10.259  3117  3249 D dasx    : Starting download: https://www.gstatic.com/messages/smarts/calendar_appointment_grammar/calendar_appointment_templates.pb_1658943009482
07-14 21:06:10.259  3117  3249 V dasx    : Is http uri, downloading (uri: https://www.gstatic.com/messages/smarts/calendar_appointment_grammar/calendar_appointment_templates.pb_1658943009482)
07-14 21:06:10.263  3117  3285 D dasx    : Starting download: https://www.gstatic.com/messages/smarts/birthday_grammars/SaveBirthday_android.far_1651275803119
07-14 21:06:10.263  3117  3285 V dasx    : Is http uri, downloading (uri: https://www.gstatic.com/messages/smarts/birthday_grammars/SaveBirthday_android.far_1651275803119)
07-14 21:06:10.298  3117  3249 E MDD     : DownloadProgressMonitor: Can't find file group for uri: android://com.google.android.apps.messaging/files/datadownload/shared/public/datadownloadfile_1784077548032
07-14 21:06:10.299  3117  3857 D dasx    : Starting download: https://www.gstatic.com/messages/smarts/birthday_grammars/save_birthday_template.pb_1651275803119
07-14 21:06:10.299  3117  3857 V dasx    : Is http uri, downloading (uri: https://www.gstatic.com/messages/smarts/birthday_grammars/save_birthday_template.pb_1651275803119)
07-14 21:06:10.325  3117  3285 E MDD     : DownloadProgressMonitor: Can't find file group for uri: android://com.google.android.apps.messaging/files/datadownload/shared/public/datadownloadfile_1784077548035
07-14 21:06:10.328  3117  3249 D dasx    : Starting download: https://www.gstatic.com/messages/smarts/birthday_grammars/pumpkin_model_config_save_birthday.pb_1644528477274
07-14 21:06:10.328  3117  3249 V dasx    : Is http uri, downloading (uri: https://www.gstatic.com/messages/smarts/birthday_grammars/pumpkin_model_config_save_birthday.pb_1644528477274)
07-14 21:06:10.358  3117  3857 E MDD     : DownloadProgressMonitor: Can't find file group for uri: android://com.google.android.apps.messaging/files/datadownload/shared/public/datadownloadfile_1784077548036
07-14 21:06:10.361  3117  3285 D dasx    : Starting download: https://www.gstatic.com/messages/smarts/birthday_grammars/save_birthday_model_config.pb_1644528477274
07-14 21:06:10.361  3117  3285 V dasx    : Is http uri, downloading (uri: https://www.gstatic.com/messages/smarts/birthday_grammars/save_birthday_model_config.pb_1644528477274)
07-14 21:06:10.407  3117  3249 E MDD     : DownloadProgressMonitor: Can't find file group for uri: android://com.google.android.apps.messaging/files/datadownload/shared/public/datadownloadfile_1784077548037
07-14 21:06:10.409  3117  3857 D dasx    : Starting download: https://www.gstatic.com/messages/spam/spam_verdict_enforcement_policy_config/spam_verdict_enforcement_policy_config_2026050902.pb
07-14 21:06:10.409  3117  3857 V dasx    : Is http uri, downloading (uri: https://www.gstatic.com/messages/spam/spam_verdict_enforcement_policy_config/spam_verdict_enforcement_policy_config_2026050902.pb)
07-14 21:06:10.433   385   486 I netd    : tetherGetStats() -> {[]} <0.22ms>
07-14 21:06:10.456  3117  3285 E MDD     : DownloadProgressMonitor: Can't find file group for uri: android://com.google.android.apps.messaging/files/datadownload/shared/public/datadownloadfile_1784077548038
07-14 21:06:10.457  3117  3249 D dasx    : Starting download: https://www.gstatic.com/messages/smarts/nudge/nudge_question_classifier_v2.tflite_1639164115205
07-14 21:06:10.457  3117  3249 V dasx    : Is http uri, downloading (uri: https://www.gstatic.com/messages/smarts/nudge/nudge_question_classifier_v2.tflite_1639164115205)
07-14 21:06:10.497  3117  3857 E MDD     : DownloadProgressMonitor: Can't find file group for uri: android://com.google.android.apps.messaging/files/datadownload/shared/public/datadownloadfile_1784077548014
07-14 21:06:10.499  3117  3249 E MDD     : DownloadProgressMonitor: Can't find file group for uri: android://com.google.android.apps.messaging/files/datadownload/shared/public/datadownloadfile_1784077548025
07-14 21:06:10.501  3117  3285 D dasx    : Starting download: https://www.gstatic.com/messages/smarts/nudge/templater_configs_lingua_nudge.pb_1629476577421
07-14 21:06:10.501  3117  3285 V dasx    : Is http uri, downloading (uri: https://www.gstatic.com/messages/smarts/nudge/templater_configs_lingua_nudge.pb_1629476577421)
07-14 21:06:10.591  3117  3285 E MDD     : DownloadProgressMonitor: Can't find file group for uri: android://com.google.android.apps.messaging/files/datadownload/shared/public/datadownloadfile_1784077548026_72a57f00105702f2d9d0e4080300adc41f0c2d71
07-14 21:06:10.592  3117  3857 D dasx    : Starting download: https://www.gstatic.com/messages/smarts/nudge/nudge_model_based_provider_config_09_threshold.pb_1646328111753
07-14 21:06:10.592  3117  3857 V dasx    : Is http uri, downloading (uri: https://www.gstatic.com/messages/smarts/nudge/nudge_model_based_provider_config_09_threshold.pb_1646328111753)
07-14 21:06:10.593  3117  3285 D dasx    : Starting download: https://www.gstatic.com/messages/smarts/nudge/nudge_model_based_provider_config_12_threshold.pb_1646327751669
07-14 21:06:10.593  3117  3285 V dasx    : Is http uri, downloading (uri: https://www.gstatic.com/messages/smarts/nudge/nudge_model_based_provider_config_12_threshold.pb_1646327751669)
07-14 21:06:10.639  3117  3285 E MDD     : DownloadProgressMonitor: Can't find file group for uri: android://com.google.android.apps.messaging/files/datadownload/shared/public/datadownloadfile_1784077548028
07-14 21:06:10.641  3117  3857 E MDD     : DownloadProgressMonitor: Can't find file group for uri: android://com.google.android.apps.messaging/files/datadownload/shared/public/datadownloadfile_1784077548027
07-14 21:06:10.641  3117  3249 D dasx    : Starting download: https://www.gstatic.com/messages/smarts/nudge/nudge_model_based_provider_config_15_threshold.pb_1646327339502
07-14 21:06:10.641  3117  3249 V dasx    : Is http uri, downloading (uri: https://www.gstatic.com/messages/smarts/nudge/nudge_model_based_provider_config_15_threshold.pb_1646327339502)
07-14 21:06:10.642  3117  3285 D dasx    : Starting download: https://www.gstatic.com/messages/smarts/smart_actions_ml_models/loc_spam_no_assistant_04162019_lt_065.pb_1568226528414
07-14 21:06:10.642  3117  3285 V dasx    : Is http uri, downloading (uri: https://www.gstatic.com/messages/smarts/smart_actions_ml_models/loc_spam_no_assistant_04162019_lt_065.pb_1568226528414)
07-14 21:06:10.901  3117  3249 E MDD     : DownloadProgressMonitor: Can't find file group for uri: android://com.google.android.apps.messaging/files/datadownload/shared/public/datadownloadfile_1784077548029
07-14 21:06:10.910  3117  3857 D dasx    : Starting download: https://www.gstatic.com/messages/smarts/smart_actions_ml_models/loc_spam_and_assistant_04162019.pb_1568226528414
07-14 21:06:10.910  3117  3857 V dasx    : Is http uri, downloading (uri: https://www.gstatic.com/messages/smarts/smart_actions_ml_models/loc_spam_and_assistant_04162019.pb_1568226528414)
07-14 21:06:10.924  3117  3285 E MDD     : DownloadProgressMonitor: Can't find file group for uri: android://com.google.android.apps.messaging/files/datadownload/shared/public/datadownloadfile_1784077547590_37cd062bf1aa62b44f60207f053c6e6599dcdbe3
07-14 21:06:10.926  3117  3249 D dasx    : Starting download: https://www.gstatic.com/messages/smarts/smart_actions_ml_models/multi_task_model_based_providers_config.pb_1568226528414
07-14 21:06:10.926  3117  3249 V dasx    : Is http uri, downloading (uri: https://www.gstatic.com/messages/smarts/smart_actions_ml_models/multi_task_model_based_providers_config.pb_1568226528414)
07-14 21:06:10.971  3117  3249 E MDD     : DownloadProgressMonitor: Can't find file group for uri: android://com.google.android.apps.messaging/files/datadownload/shared/public/datadownloadfile_1784077547592_8506a26cc08fb71a3c15905e2b85e8d80d140fca
07-14 21:06:10.971  3117  3857 E MDD     : DownloadProgressMonitor: Can't find file group for uri: android://com.google.android.apps.messaging/files/datadownload/shared/public/datadownloadfile_1784077547591_4f39c3014cba6e6046af596744453aeb5700c2e5
07-14 21:06:10.974  3117  3285 D dasx    : Starting download: https://www.gstatic.com/messages/smarts/smart_actions_ml_models/loc_spam_no_assistant_04162019_lt_055.pb_1568226528414
07-14 21:06:10.974  3117  3285 V dasx    : Is http uri, downloading (uri: https://www.gstatic.com/messages/smarts/smart_actions_ml_models/loc_spam_no_assistant_04162019_lt_055.pb_1568226528414)
07-14 21:06:10.975  3117  3857 D dasx    : Starting download: https://www.gstatic.com/messages/smarts/smart_actions_ml_models/loc_spam_no_assistant_04162019_lt_085.pb_1568226528414
07-14 21:06:10.975  3117  3857 V dasx    : Is http uri, downloading (uri: https://www.gstatic.com/messages/smarts/smart_actions_ml_models/loc_spam_no_assistant_04162019_lt_085.pb_1568226528414)
07-14 21:06:11.015  3117  3285 E MDD     : DownloadProgressMonitor: Can't find file group for uri: android://com.google.android.apps.messaging/files/datadownload/shared/public/datadownloadfile_1784077547593_3fbcea1a6838dc9dc8c3d72dee0761133c6047a0
07-14 21:06:11.017  3117  3249 D dasx    : Starting download: https://www.gstatic.com/messages/smarts/smart_actions_ml_models/loc_spam_no_assistant_04162019_lt_075.pb_1568226528414
07-14 21:06:11.017  3117  3249 V dasx    : Is http uri, downloading (uri: https://www.gstatic.com/messages/smarts/smart_actions_ml_models/loc_spam_no_assistant_04162019_lt_075.pb_1568226528414)
07-14 21:06:11.051  3117  3857 E MDD     : DownloadProgressMonitor: Can't find file group for uri: android://com.google.android.apps.messaging/files/datadownload/shared/public/datadownloadfile_1784077547594_e53374c841b45c1f086170c4ed65a50733530d2c
07-14 21:06:11.053  3117  3285 D dasx    : Starting download: https://www.gstatic.com/messages/smarts/smart_actions_ml_models/loc_spam_no_assistant_04162019_lt_030.pb_1568226528414
