07-14 21:05:55.410  1418  1418 I KeyboardModeManager: KeyboardModeManager.setInputViewKeyboardViewHolderProvider():625 setInputView() : supportsOneHandedMode=true supportsSplitMode=true
07-14 21:05:55.410  1418  1418 I NormalModeController: NormalModeController.getKeyboardBodyViewHolderPaddingBottom():104 currentPrimeKeyboardType:SOFT systemPaddingBottom:-1
07-14 21:05:55.410  1418  1418 I KeyboardModeManager: KeyboardModeManager.setInputViewKeyboardViewHolderProvider():613 setInputView() : supportsOneHandedMode=true, supportSplitMode=true
07-14 21:05:55.410  1418  1418 I GoogleInputMethodService: GoogleInputMethodService.initializeInputMethodServiceData():1382 initializeInputMethodServiceData for kct{languageTag=en-US, variant=qwerty, hasLocalizedResources=true, conditionCacheKey=_cache_additional_ime_defs_for_condition_change=false_cache_ime_defs_for_condition_change=false_device=phone_device_size=default_enable_flick_symbols=false_enable_more_candidates_view_for_multilingual=false_enable_number_row=false_enable_preemptive_decode=true_enable_secondary_digits=true_enable_secondary_symbols=false_enable_show_foldable_layout_on_small_tablet=true_expressions=normal_four_or_more_letter_rows=false_keyboard_mode=normal_language=en-US_orientation=portrait_physical_keyboard=qwerty_rtl_layout=false_show_secondary_digits=true_show_suggestions=true_split_with_duplicate_keys=true_variant=qwerty, imeDef.stringId=ime_english_united_states, imeDef.className=com.google.android.apps.inputmethod.libs.latin5.LatinIme, imeDef.languageTag=en-US}
07-14 21:05:55.412  1297  1615 I FontLog : Pulling font file for id = 7, cache size = 7 [CONTEXT service_id=132 ]
07-14 21:05:55.413  1418  1418 I StyledKeyboardThemeBuilder: StyledKeyboardThemeBuilder.build():132 Pref: [], themeName: [silk:], darkMode: [false], cacheKey: [overlay_builtin_dynamic_color_light_base.binarypb:dynamic-gm3-light-fffefbff-ff475d92-21eef06c8465a51eb0abebf952ba428b]
07-14 21:05:55.413  1418  1418 I KeyboardThemeProvider: KeyboardThemeProvider.applyKeyboardTheme():27 Apply keyboard theme: theme_border_stylesheet_noshadow_gsans_pillkey_silkpopup_hover_light_phone_navredesign_300_overlay_builtin_dynamic_color_light_base.binarypb:dynamic-gm3-light-fffefbff-ff475d92-21eef06c8465a51eb0abebf952ba428b_port
07-14 21:05:55.414  1418  1418 I AndroidIME: InputBundleManager.loadActiveInputBundleId():450 loadActiveInputBundleId: und-Latn-x-password, password
07-14 21:05:55.414  1418  1418 I GoogleInputMethodService: GoogleInputMethodService.onCreateInputView():1884 onCreateInputView()
07-14 21:05:55.418  1297  1615 I FontLog : Pulling font file for id = 7, cache size = 7 [CONTEXT service_id=132 ]
07-14 21:05:55.430  1418  1418 I KeyboardModeManager: KeyboardModeManager.setInputViewKeyboardViewHolderProvider():625 setInputView() : supportsOneHandedMode=true supportsSplitMode=true
07-14 21:05:55.431  1418  1418 I AndroidIME: KeyboardViewManager.updateKeyboardBackgroundFrameVisibility():314 Set background frame visibility. old:8, new:8
07-14 21:05:55.431  1418  1418 I NormalModeController: NormalModeController.getKeyboardBodyViewHolderPaddingBottom():104 currentPrimeKeyboardType:SOFT systemPaddingBottom:-1
07-14 21:05:55.431  1418  1418 I KeyboardHeightUtil: KeyboardHeightUtil.calculateMaxKeyboardBodyHeight():45 leave 82 height for app when ime window height:616, header height:38 and isFullscreenMode:false, so the max keyboard body height is:496
07-14 21:05:55.431  1418  1418 I KeyboardHeightUtil: KeyboardHeightUtil.calculateMaxKeyboardBodyHeight():45 leave 82 height for app when ime window height:616, header height:38 and isFullscreenMode:false, so the max keyboard body height is:496
07-14 21:05:55.432  3117  3292 E MDD     : DownloadProgressMonitor: Can't find file group for uri: android://com.google.android.apps.messaging/files/datadownload/shared/public/datadownloadfile_1784077547623
07-14 21:05:55.436  3117  3266 D dasx    : Starting download: https://www.gstatic.com/messages/smarts/smart_actions_ml_models/emotion_complete_individual_013_confidence.pb
07-14 21:05:55.436  3117  3266 V dasx    : Is http uri, downloading (uri: https://www.gstatic.com/messages/smarts/smart_actions_ml_models/emotion_complete_individual_013_confidence.pb)
07-14 21:05:55.437  1418  1418 I KeyboardHeightUtil: KeyboardHeightUtil.calculateMaxKeyboardBodyHeight():45 leave 82 height for app when ime window height:616, header height:38 and isFullscreenMode:false, so the max keyboard body height is:496
07-14 21:05:55.437  1418  1418 I KeyboardHeightUtil: KeyboardHeightUtil.calculateMaxKeyboardBodyHeight():45 leave 82 height for app when ime window height:616, header height:38 and isFullscreenMode:false, so the max keyboard body height is:496
07-14 21:05:55.437  1418  1418 I NormalModeController: NormalModeController.getKeyboardBodyViewHolderPaddingBottom():104 currentPrimeKeyboardType:SOFT systemPaddingBottom:-1
07-14 21:05:55.438  1418  1418 I KeyboardHeightUtil: KeyboardHeightUtil.calculateMaxKeyboardBodyHeight():45 leave 82 height for app when ime window height:616, header height:38 and isFullscreenMode:false, so the max keyboard body height is:496
07-14 21:05:55.438  1418  1418 I KeyboardHeightUtil: KeyboardHeightUtil.calculateMaxKeyboardBodyHeight():45 leave 82 height for app when ime window height:616, header height:38 and isFullscreenMode:false, so the max keyboard body height is:496
07-14 21:05:55.438  1418  1418 I KeyboardModeManager: KeyboardModeManager.setInputViewKeyboardViewHolderProvider():613 setInputView() : supportsOneHandedMode=true, supportSplitMode=true
07-14 21:05:55.438  4019  4032 W chromium: [WARNING:runtime_features.cc(694)] SharedStorage for M118+ cannot be enabled in this configuration. Use --enable-features=SharedStorageAPI,SharedStorageAPIM118 in addition.
07-14 21:05:55.438  4019  4032 W chromium: [WARNING:runtime_features.cc(730)] AttributionReportingCrossAppWeb cannot be enabled in this configuration. Use --enable-features=ConversionMeasurement,AttributionReportingCrossAppWeb in addition.
07-14 21:05:55.438  1418  1418 I KeyboardModeManager: KeyboardModeManager.setInputViewKeyboardViewHolderProvider():625 setInputView() : supportsOneHandedMode=true supportsSplitMode=true
07-14 21:05:55.438  1418  1418 I NormalModeController: NormalModeController.getKeyboardBodyViewHolderPaddingBottom():104 currentPrimeKeyboardType:SOFT systemPaddingBottom:-1
07-14 21:05:55.438  1418  1418 I KeyboardHeightUtil: KeyboardHeightUtil.calculateMaxKeyboardBodyHeight():45 leave 82 height for app when ime window height:616, header height:38 and isFullscreenMode:false, so the max keyboard body height is:496
07-14 21:05:55.438  1418  1418 I KeyboardHeightUtil: KeyboardHeightUtil.calculateMaxKeyboardBodyHeight():45 leave 82 height for app when ime window height:616, header height:38 and isFullscreenMode:false, so the max keyboard body height is:496
07-14 21:05:55.438  1418  1418 I KeyboardHeightUtil: KeyboardHeightUtil.calculateMaxKeyboardBodyHeight():45 leave 82 height for app when ime window height:616, header height:38 and isFullscreenMode:false, so the max keyboard body height is:496
07-14 21:05:55.438  1418  1418 I KeyboardHeightUtil: KeyboardHeightUtil.calculateMaxKeyboardBodyHeight():45 leave 82 height for app when ime window height:616, header height:38 and isFullscreenMode:false, so the max keyboard body height is:496
07-14 21:05:55.438  1418  1418 I NormalModeController: NormalModeController.getKeyboardBodyViewHolderPaddingBottom():104 currentPrimeKeyboardType:SOFT systemPaddingBottom:-1
07-14 21:05:55.438  1418  1418 I KeyboardHeightUtil: KeyboardHeightUtil.calculateMaxKeyboardBodyHeight():45 leave 82 height for app when ime window height:616, header height:38 and isFullscreenMode:false, so the max keyboard body height is:496
07-14 21:05:55.438  1418  1418 I KeyboardHeightUtil: KeyboardHeightUtil.calculateMaxKeyboardBodyHeight():45 leave 82 height for app when ime window height:616, header height:38 and isFullscreenMode:false, so the max keyboard body height is:496
07-14 21:05:55.438  1418  1418 I KeyboardModeManager: KeyboardModeManager.setInputViewKeyboardViewHolderProvider():613 setInputView() : supportsOneHandedMode=true, supportSplitMode=true
07-14 21:05:55.438  1418  1418 I AndroidIME: InputBundleManager.loadActiveInputBundleId():450 loadActiveInputBundleId: und-Latn-x-password, password
07-14 21:05:55.439   584  1919 W PackageConfigPersister: App-specific configuration not found for packageName: mba.robin.standroidsmissal and userId: 0
07-14 21:05:55.443  3117  3220 E MDD     : DownloadProgressMonitor: Can't find file group for uri: android://com.google.android.apps.messaging/files/datadownload/shared/public/datadownloadfile_1784077547624
07-14 21:05:55.444  1297  1615 I FontLog : Received query name=Google Sans&weight=700&besteffort=false, URI content://com.google.android.gms.fonts [CONTEXT service_id=132 ]
07-14 21:05:55.444  1297  1615 I FontLog : Query [name=Google Sans&weight=700&besteffort=false] resolved to {Google Sans, wdth 100.0, wght 700, ital 0.0, bestEffort false} [CONTEXT service_id=132 ]
07-14 21:05:55.445  1297  1615 I FontLog : Font PFD returned from cache for {Google Sans, wdth 100.0, wght 700, ital 0.0, bestEffort false} [CONTEXT service_id=132 ]
07-14 21:05:55.445  1297  1615 I FontLog : Fetch {Google Sans, wdth 100.0, wght 700, ital 0.0, bestEffort false} end status Status{statusCode=SUCCESS, resolution=null} [CONTEXT service_id=132 ]
07-14 21:05:55.445  1297  2245 I FontLog : Pulling font file for id = 8, cache size = 8 [CONTEXT service_id=132 ]
07-14 21:05:55.446  3117  3292 D dasx    : Starting download: https://www.gstatic.com/messages/smarts/smart_actions_emotive_models/emotion_complete_model_replicate.tflite_1589263783992
07-14 21:05:55.446  3117  3292 V dasx    : Is http uri, downloading (uri: https://www.gstatic.com/messages/smarts/smart_actions_emotive_models/emotion_complete_model_replicate.tflite_1589263783992)
07-14 21:05:55.447  1297  2245 I FontLog : Received query name=Noto Color Emoji Compat&weight=400&besteffort=false, URI content://com.google.android.gms.fonts [CONTEXT service_id=132 ]
07-14 21:05:55.447  1297  2245 I FontLog : Query [name=Noto Color Emoji Compat&weight=400&besteffort=false] resolved to {Noto Color Emoji Compat, wdth 100.0, wght 400, ital 0.0, bestEffort false} [CONTEXT service_id=132 ]
07-14 21:05:55.447  1297  2245 I FontLog : Fetch {Noto Color Emoji Compat, wdth 100.0, wght 400, ital 0.0, bestEffort false} end status Status{statusCode=SUCCESS, resolution=null} [CONTEXT service_id=132 ]
07-14 21:05:55.447  1297  2245 I FontLog : Pulling font file for id = 9, cache size = 9 [CONTEXT service_id=132 ]
07-14 21:05:55.448  1297  2245 I FontLog : Received query name=Google Sans&weight=400&besteffort=false, URI content://com.google.android.gms.fonts [CONTEXT service_id=132 ]
07-14 21:05:55.448  1297  2245 I FontLog : Query [name=Google Sans&weight=400&besteffort=false] resolved to {Google Sans, wdth 100.0, wght 400, ital 0.0, bestEffort false} [CONTEXT service_id=132 ]
07-14 21:05:55.448  1297  2245 I FontLog : Font PFD returned from cache for {Google Sans, wdth 100.0, wght 400, ital 0.0, bestEffort false} [CONTEXT service_id=132 ]
07-14 21:05:55.448  1297  2245 I FontLog : Fetch {Google Sans, wdth 100.0, wght 400, ital 0.0, bestEffort false} end status Status{statusCode=SUCCESS, resolution=null} [CONTEXT service_id=132 ]
07-14 21:05:55.449  1297  2245 I FontLog : Pulling font file for id = 10, cache size = 10 [CONTEXT service_id=132 ]
07-14 21:05:55.449  1297  2245 I FontLog : Received query name=Google Sans&weight=500&besteffort=false, URI content://com.google.android.gms.fonts [CONTEXT service_id=132 ]
07-14 21:05:55.449  1297  2245 I FontLog : Query [name=Google Sans&weight=500&besteffort=false] resolved to {Google Sans, wdth 100.0, wght 500, ital 0.0, bestEffort false} [CONTEXT service_id=132 ]
07-14 21:05:55.450  1297  2245 I FontLog : Font PFD returned from cache for {Google Sans, wdth 100.0, wght 500, ital 0.0, bestEffort false} [CONTEXT service_id=132 ]
07-14 21:05:55.450  1297  2245 I FontLog : Fetch {Google Sans, wdth 100.0, wght 500, ital 0.0, bestEffort false} end status Status{statusCode=SUCCESS, resolution=null} [CONTEXT service_id=132 ]
07-14 21:05:55.450  1297  2245 I FontLog : Pulling font file for id = 11, cache size = 11 [CONTEXT service_id=132 ]
07-14 21:05:55.478  3117  3266 E MDD     : DownloadProgressMonitor: Can't find file group for uri: android://com.google.android.apps.messaging/files/datadownload/shared/public/datadownloadfile_1784077547625
07-14 21:05:55.484  3117  3220 D dasx    : Starting download: https://www.gstatic.com/messages/smarts/smart_actions_emotive_models/Sticker_android.far_1693340267672
07-14 21:05:55.484  3117  3220 V dasx    : Is http uri, downloading (uri: https://www.gstatic.com/messages/smarts/smart_actions_emotive_models/Sticker_android.far_1693340267672)
07-14 21:05:55.565  3117  3292 E MDD     : DownloadProgressMonitor: Can't find file group for uri: android://com.google.android.apps.messaging/files/datadownload/shared/public/datadownloadfile_1784077547626
07-14 21:05:55.567  3962  4001 I RustStdoutStderr: s_glBindAttribLocation: bind attrib 0 name inPosition
07-14 21:05:55.567  3962  4001 I RustStdoutStderr: s_glBindAttribLocation: bind attrib 1 name inColor
07-14 21:05:55.567  3962  4001 I RustStdoutStderr: s_glBindAttribLocation: bind attrib 2 name inTextureCoords
07-14 21:05:55.599  3117  3266 D dasx    : Starting download: https://www.gstatic.com/messages/smarts/smart_actions_grammars/pumpkin_model_config_sticker.pb
07-14 21:05:55.599  3117  3266 V dasx    : Is http uri, downloading (uri: https://www.gstatic.com/messages/smarts/smart_actions_grammars/pumpkin_model_config_sticker.pb)
07-14 21:05:55.613  3117  3220 E MDD     : DownloadProgressMonitor: Can't find file group for uri: android://com.google.android.apps.messaging/files/datadownload/shared/public/datadownloadfile_1784077547627
07-14 21:05:55.615  3117  3292 D dasx    : Starting download: https://www.gstatic.com/messages/smarts/smart_actions_grammars/model_based_providers_configs_pumpkin_sticker.pb
07-14 21:05:55.615  3117  3292 V dasx    : Is http uri, downloading (uri: https://www.gstatic.com/messages/smarts/smart_actions_grammars/model_based_providers_configs_pumpkin_sticker.pb)
07-14 21:05:55.631  3962  4001 I RustStdoutStderr: s_glBindAttribLocation: bind attrib 0 name position
07-14 21:05:55.632  3962  4001 I RustStdoutStderr: s_glBindAttribLocation: bind attrib 1 name color
07-14 21:05:55.637  3117  3266 E MDD     : DownloadProgressMonitor: Can't find file group for uri: android://com.google.android.apps.messaging/files/datadownload/shared/public/datadownloadfile_1784077547628
07-14 21:05:55.640  3117  3220 D dasx    : Starting download: https://www.gstatic.com/messages/smarts/smart_actions_emotive_models/emotion_complete_model_replicate_extended.tflite
07-14 21:05:55.640  3117  3220 V dasx    : Is http uri, downloading (uri: https://www.gstatic.com/messages/smarts/smart_actions_emotive_models/emotion_complete_model_replicate_extended.tflite)
07-14 21:05:55.656  3117  3292 E MDD     : DownloadProgressMonitor: Can't find file group for uri: android://com.google.android.apps.messaging/files/datadownload/shared/public/datadownloadfile_1784077547629
07-14 21:05:55.657  3117  3266 D dasx    : Starting download: https://www.gstatic.com/messages/smarts/smart_actions_emotive_models/emotion_complete_model_replicate_winter.tflite
07-14 21:05:55.657  3117  3266 V dasx    : Is http uri, downloading (uri: https://www.gstatic.com/messages/smarts/smart_actions_emotive_models/emotion_complete_model_replicate_winter.tflite)
07-14 21:05:55.660  3962  4001 I RustStdoutStderr: s_glBindAttribLocation: bind attrib 0 name position
07-14 21:05:55.660  3962  4001 I RustStdoutStderr: s_glBindAttribLocation: bind attrib 1 name localCoord
07-14 21:05:55.694  3117  3220 E MDD     : DownloadProgressMonitor: Can't find file group for uri: android://com.google.android.apps.messaging/files/datadownload/shared/public/datadownloadfile_1784077547630
07-14 21:05:55.697  3962  4001 I RustStdoutStderr: s_glBindAttribLocation: bind attrib 0 name position
07-14 21:05:55.697  3962  4001 I RustStdoutStderr: s_glBindAttribLocation: bind attrib 1 name localCoord
07-14 21:05:55.697  3962  4001 I RustStdoutStderr: s_glBindAttribLocation: bind attrib 2 name texSubset
07-14 21:05:55.727  3117  3292 D dasx    : Starting download: https://www.gstatic.com/messages/smarts/smart_actions_ml_models//emotions_tflite_model_1579310142.tflite
07-14 21:05:55.727  3117  3292 V dasx    : Is http uri, downloading (uri: https://www.gstatic.com/messages/smarts/smart_actions_ml_models//emotions_tflite_model_1579310142.tflite)
07-14 21:05:55.735  3117  3266 E MDD     : DownloadProgressMonitor: Can't find file group for uri: android://com.google.android.apps.messaging/files/datadownload/shared/public/datadownloadfile_1784077547631
07-14 21:05:55.746  3117  3220 D dasx    : Starting download: https://www.gstatic.com/messages/smarts/smart_actions_emotive_models/halloween_templates.pb
07-14 21:05:55.746  3117  3220 V dasx    : Is http uri, downloading (uri: https://www.gstatic.com/messages/smarts/smart_actions_emotive_models/halloween_templates.pb)
07-14 21:05:55.769  3117  3292 E MDD     : DownloadProgressMonitor: Can't find file group for uri: android://com.google.android.apps.messaging/files/datadownload/shared/public/datadownloadfile_1784077547632
07-14 21:05:55.779  3117  3220 E MDD     : DownloadProgressMonitor: Can't find file group for uri: android://com.google.android.apps.messaging/files/datadownload/shared/public/datadownloadfile_1784077547633
07-14 21:05:55.780  3117  3266 D dasx    : Starting download: https://www.gstatic.com/messages/smarts/smart_actions_grammars/Halloween_android.far
07-14 21:05:55.780  3117  3266 V dasx    : Is http uri, downloading (uri: https://www.gstatic.com/messages/smarts/smart_actions_grammars/Halloween_android.far)
07-14 21:05:55.783  3117  3220 D dasx    : Starting download: https://www.gstatic.com/messages/smarts/smart_actions_grammars/pumpkin_model_config_sticker_halloween.pb
07-14 21:05:55.783  3117  3220 V dasx    : Is http uri, downloading (uri: https://www.gstatic.com/messages/smarts/smart_actions_grammars/pumpkin_model_config_sticker_halloween.pb)
07-14 21:05:55.817  3117  3266 E MDD     : DownloadProgressMonitor: Can't find file group for uri: android://com.google.android.apps.messaging/files/datadownload/shared/public/datadownloadfile_1784077547634
07-14 21:05:55.819  3117  3292 D dasx    : Starting download: https://www.gstatic.com/messages/smarts/smart_actions_grammars/model_based_providers_configs_pumpkin_sticker_halloween.pb
07-14 21:05:55.819  3117  3292 V dasx    : Is http uri, downloading (uri: https://www.gstatic.com/messages/smarts/smart_actions_grammars/model_based_providers_configs_pumpkin_sticker_halloween.pb)
07-14 21:05:55.831  3117  3220 E MDD     : DownloadProgressMonitor: Can't find file group for uri: android://com.google.android.apps.messaging/files/datadownload/shared/public/datadownloadfile_1784077547635
07-14 21:05:55.836  3117  3266 D dasx    : Starting download: https://www.gstatic.com/messages/smarts/smart_actions_grammars/Thanksgiving_android.far
07-14 21:05:55.836  3117  3266 V dasx    : Is http uri, downloading (uri: https://www.gstatic.com/messages/smarts/smart_actions_grammars/Thanksgiving_android.far)
07-14 21:05:55.859  3117  3292 E MDD     : DownloadProgressMonitor: Can't find file group for uri: android://com.google.android.apps.messaging/files/datadownload/shared/public/datadownloadfile_1784077547636
07-14 21:05:55.860  3117  3220 D dasx    : Starting download: https://www.gstatic.com/messages/smarts/smart_actions_grammars/pumpkin_model_config_sticker_thanksgiving.pb
07-14 21:05:55.860  3117  3220 V dasx    : Is http uri, downloading (uri: https://www.gstatic.com/messages/smarts/smart_actions_grammars/pumpkin_model_config_sticker_thanksgiving.pb)
07-14 21:05:55.877   584  1919 D WifiNl80211Manager: Scan result ready event
07-14 21:05:55.877   584  1919 D WifiNative: Scan result ready event
07-14 21:05:55.882   584   907 I HalDevMgr: bestIfaceCreationProposal is null, requestIface=STA, existingIface=[name=wlan0 type=STA]
07-14 21:05:55.883  3117  3266 E MDD     : DownloadProgressMonitor: Can't find file group for uri: android://com.google.android.apps.messaging/files/datadownload/shared/public/datadownloadfile_1784077547637
07-14 21:05:55.885  3117  3292 D dasx    : Starting download: https://www.gstatic.com/messages/smarts/smart_actions_grammars/model_based_providers_config_pumpkin_sticker_thanksgiving.pb
07-14 21:05:55.885  3117  3292 V dasx    : Is http uri, downloading (uri: https://www.gstatic.com/messages/smarts/smart_actions_grammars/model_based_providers_config_pumpkin_sticker_thanksgiving.pb)
07-14 21:05:55.893   191  1033 I keystore2: system/security/keystore2/watchdog/src/lib.rs:319 - Watchdog thread idle -> terminating. Have a great day.
07-14 21:05:55.901  3117  3220 E MDD     : DownloadProgressMonitor: Can't find file group for uri: android://com.google.android.apps.messaging/files/datadownload/shared/public/datadownloadfile_1784077547638
07-14 21:05:55.902  3117  3266 D dasx    : Starting download: https://www.gstatic.com/messages/smarts/smart_actions_emotive_models/thanksgiving_templates.pb
07-14 21:05:55.902  3117  3266 V dasx    : Is http uri, downloading (uri: https://www.gstatic.com/messages/smarts/smart_actions_emotive_models/thanksgiving_templates.pb)
07-14 21:05:55.937  3117  3292 E MDD     : DownloadProgressMonitor: Can't find file group for uri: android://com.google.android.apps.messaging/files/datadownload/shared/public/datadownloadfile_1784077547639
07-14 21:05:55.938  3117  3220 D dasx    : Starting download: https://www.gstatic.com/messages/smarts/smart_actions_grammars/Hanukkah_android.far
07-14 21:05:55.938  3117  3220 V dasx    : Is http uri, downloading (uri: https://www.gstatic.com/messages/smarts/smart_actions_grammars/Hanukkah_android.far)
07-14 21:05:55.945  3962  4036 I tandroidsmissal: Starting a blocking GC Alloc
07-14 21:05:55.945  3962  4036 I tandroidsmissal: Starting a blocking GC Alloc
07-14 21:05:55.955  3962  4036 I tandroidsmissal: Alloc concurrent mark compact GC freed 2896KB AllocSpace bytes, 13(2660KB) LOS objects, 49% free, 3503KB/7006KB, paused 46us,295us total 10.713ms
07-14 21:05:55.956  3962  3968 W tandroidsmissal: ApkAssets: Deleting an ApkAssets object '<empty> and /data/app/~~SE02ZpsS0L4kZW8ume0xbQ==/com.google.android.webview-6cWC_8-2mW19jC_ft8SZVw==/WebViewGoogle.apk' with 2 weak references
07-14 21:05:55.976  3117  3266 E MDD     : DownloadProgressMonitor: Can't find file group for uri: android://com.google.android.apps.messaging/files/datadownload/shared/public/datadownloadfile_1784077547640
07-14 21:05:55.978  3117  3292 D dasx    : Starting download: https://www.gstatic.com/messages/smarts/smart_actions_emotive_models/hanukkah_templates.pb
07-14 21:05:55.978  3117  3292 V dasx    : Is http uri, downloading (uri: https://www.gstatic.com/messages/smarts/smart_actions_emotive_models/hanukkah_templates.pb)
07-14 21:05:56.017  3117  3220 E MDD     : DownloadProgressMonitor: Can't find file group for uri: android://com.google.android.apps.messaging/files/datadownload/shared/public/datadownloadfile_1784077547641
07-14 21:05:56.019  3117  3266 D dasx    : Starting download: https://www.gstatic.com/messages/smarts/smart_actions_grammars/pumpkin_model_config_sticker_hanukkah.pb
07-14 21:05:56.019  3117  3266 V dasx    : Is http uri, downloading (uri: https://www.gstatic.com/messages/smarts/smart_actions_grammars/pumpkin_model_config_sticker_hanukkah.pb)
07-14 21:05:56.057  3117  3292 E MDD     : DownloadProgressMonitor: Can't find file group for uri: android://com.google.android.apps.messaging/files/datadownload/shared/public/datadownloadfile_1784077547642
07-14 21:05:56.059  3117  3220 D dasx    : Starting download: https://www.gstatic.com/messages/smarts/smart_actions_grammars/model_based_providers_config_pumpkin_sticker_hanukkah.pb
07-14 21:05:56.059  3117  3220 V dasx    : Is http uri, downloading (uri: https://www.gstatic.com/messages/smarts/smart_actions_grammars/model_based_providers_config_pumpkin_sticker_hanukkah.pb)
07-14 21:05:56.063   385   385 I netd    : tetherGetStats() -> {[]} <1.64ms>
07-14 21:05:56.083  3962  3966 I tandroidsmissal: Clamp target GC heap from 212MB to 192MB
07-14 21:05:56.083  3962  3966 I tandroidsmissal: Background concurrent mark compact GC freed 164KB AllocSpace bytes, 0(0B) LOS objects, 1% free, 188MB/192MB, paused 42us,3.575ms total 127.451ms
07-14 21:05:56.136  3117  3266 E MDD     : DownloadProgressMonitor: Can't find file group for uri: android://com.google.android.apps.messaging/files/datadownload/shared/public/datadownloadfile_1784077547643
07-14 21:05:56.139  3117  3292 D dasx    : Starting download: https://www.gstatic.com/messages/smarts/smart_actions_grammars/Winter_android.far
07-14 21:05:56.139  3117  3292 V dasx    : Is http uri, downloading (uri: https://www.gstatic.com/messages/smarts/smart_actions_grammars/Winter_android.far)
07-14 21:05:56.177  3117  3220 E MDD     : DownloadProgressMonitor: Can't find file group for uri: android://com.google.android.apps.messaging/files/datadownload/shared/public/datadownloadfile_1784077547644
07-14 21:05:56.177  3117  3266 D dasx    : Starting download: https://www.gstatic.com/messages/smarts/smart_actions_emotive_models/winter_templates.pb
07-14 21:05:56.177  3117  3266 V dasx    : Is http uri, downloading (uri: https://www.gstatic.com/messages/smarts/smart_actions_emotive_models/winter_templates.pb)
07-14 21:05:56.233  3117  3292 E MDD     : DownloadProgressMonitor: Can't find file group for uri: android://com.google.android.apps.messaging/files/datadownload/shared/public/datadownloadfile_1784077547645
07-14 21:05:56.234  3117  3220 D dasx    : Starting download: https://www.gstatic.com/messages/smarts/smart_actions_grammars/pumpkin_model_config_sticker_winter.pb
07-14 21:05:56.234  3117  3220 V dasx    : Is http uri, downloading (uri: https://www.gstatic.com/messages/smarts/smart_actions_grammars/pumpkin_model_config_sticker_winter.pb)
07-14 21:05:56.270  3117  3266 E MDD     : DownloadProgressMonitor: Can't find file group for uri: android://com.google.android.apps.messaging/files/datadownload/shared/public/datadownloadfile_1784077547646
07-14 21:05:56.272  3117  3292 D dasx    : Starting download: https://www.gstatic.com/messages/smarts/smart_actions_grammars/model_based_providers_config_pumpkin_sticker_winter.pb
07-14 21:05:56.272  3117  3292 V dasx    : Is http uri, downloading (uri: https://www.gstatic.com/messages/smarts/smart_actions_grammars/model_based_providers_config_pumpkin_sticker_winter.pb)
07-14 21:05:56.316  3117  3220 E MDD     : DownloadProgressMonitor: Can't find file group for uri: android://com.google.android.apps.messaging/files/datadownload/shared/public/datadownloadfile_1784077547647
07-14 21:05:56.318  3117  3266 D dasx    : Starting download: https://www.gstatic.com/messages/smarts/smart_actions_grammars/Valentines_android.far
07-14 21:05:56.318  3117  3266 V dasx    : Is http uri, downloading (uri: https://www.gstatic.com/messages/smarts/smart_actions_grammars/Valentines_android.far)
07-14 21:05:56.357  3117  3292 E MDD     : DownloadProgressMonitor: Can't find file group for uri: android://com.google.android.apps.messaging/files/datadownload/shared/public/datadownloadfile_1784077547648
07-14 21:05:56.359  3117  3220 D dasx    : Starting download: https://www.gstatic.com/messages/smarts/smart_actions_emotive_models/valentines_templates_1.pb
07-14 21:05:56.359  3117  3220 V dasx    : Is http uri, downloading (uri: https://www.gstatic.com/messages/smarts/smart_actions_emotive_models/valentines_templates_1.pb)
07-14 21:05:56.394  3962  3998 D EGL_emulation: app_time_stats: avg=18.51ms min=1.14ms max=398.51ms count=45
07-14 21:05:56.396  3117  3266 E MDD     : DownloadProgressMonitor: Can't find file group for uri: android://com.google.android.apps.messaging/files/datadownload/shared/public/datadownloadfile_1784077547649
07-14 21:05:56.396  3117  3292 D dasx    : Starting download: https://www.gstatic.com/messages/smarts/smart_actions_grammars/pumpkin_model_config_sticker_valentines.pb
07-14 21:05:56.396  3117  3292 V dasx    : Is http uri, downloading (uri: https://www.gstatic.com/messages/smarts/smart_actions_grammars/pumpkin_model_config_sticker_valentines.pb)
07-14 21:05:56.434  3117  3220 E MDD     : DownloadProgressMonitor: Can't find file group for uri: android://com.google.android.apps.messaging/files/datadownload/shared/public/datadownloadfile_1784077547650
07-14 21:05:56.436  3117  3266 D dasx    : Starting download: https://www.gstatic.com/messages/smarts/smart_actions_grammars/model_based_providers_config_valentines.pb
07-14 21:05:56.436  3117  3266 V dasx    : Is http uri, downloading (uri: https://www.gstatic.com/messages/smarts/smart_actions_grammars/model_based_providers_config_valentines.pb)
07-14 21:05:56.472  3117  3292 E MDD     : DownloadProgressMonitor: Can't find file group for uri: android://com.google.android.apps.messaging/files/datadownload/shared/public/datadownloadfile_1784077547651
07-14 21:05:56.473  3117  3220 D dasx    : Starting download: https://www.gstatic.com/messages/smarts/smart_actions_emotive_models/Back_To_School_android.far_1692662523829
07-14 21:05:56.473  3117  3220 V dasx    : Is http uri, downloading (uri: https://www.gstatic.com/messages/smarts/smart_actions_emotive_models/Back_To_School_android.far_1692662523829)
07-14 21:05:56.511  3117  3266 E MDD     : DownloadProgressMonitor: Can't find file group for uri: android://com.google.android.apps.messaging/files/datadownload/shared/public/datadownloadfile_1784077547652
07-14 21:05:56.513  3117  3292 D dasx    : Starting download: https://www.gstatic.com/messages/smarts/smart_actions_emotive_models/back_to_school_templates.pb_1692146826909
07-14 21:05:56.513  3117  3292 V dasx    : Is http uri, downloading (uri: https://www.gstatic.com/messages/smarts/smart_actions_emotive_models/back_to_school_templates.pb_1692146826909)
07-14 21:05:56.554  3117  3220 E MDD     : DownloadProgressMonitor: Can't find file group for uri: android://com.google.android.apps.messaging/files/datadownload/shared/public/datadownloadfile_1784077547653
07-14 21:05:56.556  3117  3266 D dasx    : Starting download: https://www.gstatic.com/messages/smarts/smart_actions_emotive_models/pumpkin_model_config_sticker_back_to_school.pb_1691774075224
07-14 21:05:56.556  3117  3266 V dasx    : Is http uri, downloading (uri: https://www.gstatic.com/messages/smarts/smart_actions_emotive_models/pumpkin_model_config_sticker_back_to_school.pb_1691774075224)
07-14 21:05:56.586  3962  4001 I RustStdoutStderr: s_glBindAttribLocation: bind attrib 0 name inPosition
07-14 21:05:56.586  3962  4001 I RustStdoutStderr: s_glBindAttribLocation: bind attrib 1 name inColor
07-14 21:05:56.586  3962  4001 I RustStdoutStderr: s_glBindAttribLocation: bind attrib 2 name inCircleEdge
07-14 21:05:56.592  3117  3292 E MDD     : DownloadProgressMonitor: Can't find file group for uri: android://com.google.android.apps.messaging/files/datadownload/shared/public/datadownloadfile_1784077547654
07-14 21:05:56.597  3117  3220 D dasx    : Starting download: https://www.gstatic.com/messages/smarts/smart_actions_emotive_models/model_based_provider_configs_pumpkin_sticker_back_to_school.pb_1691530161128
07-14 21:05:56.597  3117  3220 V dasx    : Is http uri, downloading (uri: https://www.gstatic.com/messages/smarts/smart_actions_emotive_models/model_based_provider_configs_pumpkin_sticker_back_to_school.pb_1691530161128)
07-14 21:05:56.609   385   385 I netd    : tetherGetStats() -> {[]} <0.31ms>
07-14 21:05:56.622   385   385 I netd    : bandwidthSetGlobalAlert(2097152) <1.45ms>
07-14 21:05:56.624  3962  4001 I RustStdoutStderr: s_glBindAttribLocation: bind attrib 0 name position
07-14 21:05:56.624  3962  4001 I RustStdoutStderr: s_glBindAttribLocation: bind attrib 1 name color
07-14 21:05:56.631  3117  3266 E MDD     : DownloadProgressMonitor: Can't find file group for uri: android://com.google.android.apps.messaging/files/datadownload/shared/public/datadownloadfile_1784077547655
07-14 21:05:56.633  3117  3292 D dasx    : Starting download: https://c.tenor.com/7w6B3fFBeFMAAAAk/tenor.gif
07-14 21:05:56.633  3117  3292 V dasx    : Is http uri, downloading (uri: https://c.tenor.com/7w6B3fFBeFMAAAAk/tenor.gif)
07-14 21:05:56.638   385   385 I netd    : bandwidthRemoveInterfaceQuota(eth0) <0.93ms>
07-14 21:05:56.639   385   385 I netd    : bandwidthSetInterfaceQuota(eth0, 9223372036854775807) <0.28ms>
07-14 21:05:56.643   385  4077 I resolv  : GetAddrInfoHandler::run: {100 786532 100 983140 10135 0}
07-14 21:05:56.644   385  4079 I resolv  : res_nmkquery: (QUERY, IN, A)
07-14 21:05:56.644   385  4078 I resolv  : res_nmkquery: (QUERY, IN, AAAA)
07-14 21:05:56.652  3962  4001 I RustStdoutStderr: s_glBindAttribLocation: bind attrib 0 name inPosition
07-14 21:05:56.652  3962  4001 I RustStdoutStderr: s_glBindAttribLocation: bind attrib 1 name inColor
07-14 21:05:56.652  3962  4001 I RustStdoutStderr: s_glBindAttribLocation: bind attrib 2 name inCircleEdge
07-14 21:05:56.658   584   701 D OomAdjuster: Not killing cached processes
07-14 21:05:56.665   584   914 D InetDiagMessage: Destroyed 0 sockets, proto=IPPROTO_TCP, family=AF_INET, states=14
07-14 21:05:56.665   584   914 D InetDiagMessage: Destroyed 0 sockets, proto=IPPROTO_TCP, family=AF_INET6, states=14
07-14 21:05:56.665   584   914 D InetDiagMessage: Destroyed live tcp sockets for uids={10142} in 1ms
07-14 21:05:56.665   584   914 D InetDiagMessage: Destroyed 0 sockets, proto=IPPROTO_TCP, family=AF_INET, states=14
07-14 21:05:56.665   584   914 D InetDiagMessage: Destroyed 0 sockets, proto=IPPROTO_TCP, family=AF_INET6, states=14
07-14 21:05:56.665   584   914 D InetDiagMessage: Destroyed live tcp sockets for uids={20142} in 0ms
07-14 21:05:56.670   385  4079 I resolv  : res_nsend: used send_dg 92 terrno: 0
07-14 21:05:56.670   385  4079 I resolv  : doQuery: rcode=0, ancount=2, return value=92
07-14 21:05:56.671  3117  3220 E MDD     : DownloadProgressMonitor: Can't find file group for uri: android://com.google.android.apps.messaging/files/datadownload/shared/public/datadownloadfile_1784077547656
07-14 21:05:56.671   385  4078 I resolv  : res_nsend: used send_dg 104 terrno: 0
07-14 21:05:56.671   385  4078 I resolv  : doQuery: rcode=0, ancount=2, return value=104
07-14 21:05:56.672  3117  3266 D dasx    : Starting download: https://c.tenor.com/7DechusmE40AAAAk/tenor.gif
07-14 21:05:56.673  3117  3266 V dasx    : Is http uri, downloading (uri: https://c.tenor.com/7DechusmE40AAAAk/tenor.gif)
07-14 21:05:56.673  3117  3933 D TrafficStats: tagSocket(163) with statsTag=0xffffffff, statsUid=-1
07-14 21:05:56.674  3117  3865 D TrafficStats: tagSocket(168) with statsTag=0xffffffff, statsUid=-1
07-14 21:05:56.674  3962  4001 I RustStdoutStderr: s_glBindAttribLocation: bind attrib 0 name inPosition
07-14 21:05:56.674  3962  4001 I RustStdoutStderr: s_glBindAttribLocation: bind attrib 1 name inTextureCoords
07-14 21:05:56.707  3962  4001 I RustStdoutStderr: s_glBindAttribLocation: bind attrib 0 name position
07-14 21:05:56.707  3962  4001 I RustStdoutStderr: s_glBindAttribLocation: bind attrib 1 name color
07-14 21:05:56.707  3962  4001 I RustStdoutStderr: s_glBindAttribLocation: bind attrib 2 name localCoord
07-14 21:05:56.744  3962  4001 I RustStdoutStderr: s_glBindAttribLocation: bind attrib 0 name position
07-14 21:05:56.744  3962  4001 I RustStdoutStderr: s_glBindAttribLocation: bind attrib 1 name color
07-14 21:05:56.744  3962  4001 I RustStdoutStderr: s_glBindAttribLocation: bind attrib 2 name localCoord
07-14 21:05:56.783  3962  4001 I RustStdoutStderr: s_glBindAttribLocation: bind attrib 0 name position
07-14 21:05:56.783  3962  4001 I RustStdoutStderr: s_glBindAttribLocation: bind attrib 1 name color
07-14 21:05:56.783  3962  4001 I RustStdoutStderr: s_glBindAttribLocation: bind attrib 2 name localCoord
07-14 21:05:56.813  3962  4001 I RustStdoutStderr: s_glBindAttribLocation: bind attrib 0 name inPosition
07-14 21:05:56.813  3962  4001 I RustStdoutStderr: s_glBindAttribLocation: bind attrib 1 name inColor
07-14 21:05:56.813  3962  4001 I RustStdoutStderr: s_glBindAttribLocation: bind attrib 2 name inCircleEdge
07-14 21:05:56.817   584  1784 D ShortcutService: Getting shortcuts for launcher= com.google.android.asuser=0 pkg=com.google.android.youtube
07-14 21:05:56.818   584  1784 D ShortcutService: Getting shortcuts for launcher= com.google.android.asuser=0 pkg=com.google.android.apps.messaging
07-14 21:05:56.819   584  1784 D ShortcutService: Getting shortcuts for launcher= com.google.android.asuser=0 pkg=com.google.android.apps.maps
07-14 21:05:56.820   584   689 D ShortcutService: Getting shortcuts for launcher= com.google.android.asuser=0 pkg=com.google.android.youtube
07-14 21:05:56.821   584   689 D ShortcutService: Getting shortcuts for launcher= com.google.android.asuser=0 pkg=com.google.android.gms
07-14 21:05:56.823   584   689 D ShortcutService: Getting shortcuts for launcher= com.google.android.asuser=0 pkg=com.google.android.apps.messaging
07-14 21:05:56.823   584   689 D ShortcutService: Getting shortcuts for launcher= com.google.android.asuser=0 pkg=com.google.android.apps.maps
07-14 21:05:56.837  3962  4001 I RustStdoutStderr: s_glBindAttribLocation: bind attrib 0 name resolveLevel_and_idx
07-14 21:05:56.837  3962  4001 I RustStdoutStderr: s_glBindAttribLocation: bind attrib 1 name p01
07-14 21:05:56.837  3962  4001 I RustStdoutStderr: s_glBindAttribLocation: bind attrib 2 name p23
07-14 21:05:56.837  3962  4001 I RustStdoutStderr: s_glBindAttribLocation: bind attrib 3 name fanPointAttrib
07-14 21:05:56.914  3962  4001 I RustStdoutStderr: s_glBindAttribLocation: bind attrib 0 name position
07-14 21:05:56.914  3962  4001 I RustStdoutStderr: s_glBindAttribLocation: bind attrib 1 name color
07-14 21:05:56.960  3962  4001 I RustStdoutStderr: s_glBindAttribLocation: bind attrib 0 name fillBounds
07-14 21:05:56.960  3962  4001 I RustStdoutStderr: s_glBindAttribLocation: bind attrib 1 name color
07-14 21:05:56.960  3962  4001 I RustStdoutStderr: s_glBindAttribLocation: bind attrib 2 name locations
07-14 21:05:56.999  3962  4001 I RustStdoutStderr: s_glBindAttribLocation: bind attrib 0 name fillBounds
07-14 21:05:56.999  3962  4001 I RustStdoutStderr: s_glBindAttribLocation: bind attrib 1 name color
07-14 21:05:56.999  3962  4001 I RustStdoutStderr: s_glBindAttribLocation: bind attrib 2 name locations
07-14 21:05:57.030  3962  4001 I RustStdoutStderr: s_glBindAttribLocation: bind attrib 0 name inPosition
07-14 21:05:57.030  3962  4001 I RustStdoutStderr: s_glBindAttribLocation: bind attrib 1 name inColor
07-14 21:05:57.030  3962  4001 I RustStdoutStderr: s_glBindAttribLocation: bind attrib 2 name inCircleEdge
07-14 21:05:57.030  3962  4001 I RustStdoutStderr: s_glBindAttribLocation: bind attrib 3 name inDashParams
07-14 21:05:57.091  3962  4001 I RustStdoutStderr: s_glBindAttribLocation: bind attrib 0 name fillBounds
07-14 21:05:57.091  3962  4001 I RustStdoutStderr: s_glBindAttribLocation: bind attrib 1 name color
07-14 21:05:57.091  3962  4001 I RustStdoutStderr: s_glBindAttribLocation: bind attrib 2 name locations
07-14 21:05:57.141  3962  4001 I RustStdoutStderr: s_glBindAttribLocation: bind attrib 0 name fillBounds
07-14 21:05:57.141  3962  4001 I RustStdoutStderr: s_glBindAttribLocation: bind attrib 1 name color
07-14 21:05:57.141  3962  4001 I RustStdoutStderr: s_glBindAttribLocation: bind attrib 2 name locations
07-14 21:05:57.141  3962  4001 I RustStdoutStderr: s_glBindAttribLocation: bind attrib 3 name sizeInAtlas
07-14 21:05:57.178  3962  4001 I RustStdoutStderr: s_glBindAttribLocation: bind attrib 0 name position
07-14 21:05:57.178  3962  4001 I RustStdoutStderr: s_glBindAttribLocation: bind attrib 1 name localCoord
07-14 21:05:57.217  3962  4001 I RustStdoutStderr: s_glBindAttribLocation: bind attrib 0 name position
07-14 21:05:57.217  3962  4001 I RustStdoutStderr: s_glBindAttribLocation: bind attrib 1 name color
07-14 21:05:57.371  1472  1472 D BoundBrokerSvc: onBind: Intent { act=com.google.android.gms.notifications.registration.service.NotificationsRegistrationTaskBoundService.ACTION_TASK_READY dat=chimera-action:/... cmp=com.google.android.gms/.chimera.GmsInternalBoundBrokerService }
07-14 21:05:57.371  1472  1472 D BoundBrokerSvc: Loading bound service for intent: Intent { act=com.google.android.gms.notifications.registration.service.NotificationsRegistrationTaskBoundService.ACTION_TASK_READY dat=chimera-action:/... cmp=com.google.android.gms/.chimera.GmsInternalBoundBrokerService }
07-14 21:05:57.384  1650  2175 E BistoWorker: Couldn't get logged in Google account.
07-14 21:05:57.385  1472  1472 I GmsCoreXrpcWrapper: Returning a channel provider with trafficStatsTag=67175169 trafficStatsUid=-1
07-14 21:05:57.385   159   159 I lowmemorykiller: Kill 'com.google.android.federatedcompute' (2781), uid 10193, oom_score_adj 985 to free 45640kB rss, 34348kB swap; reason: low watermark is breached
07-14 21:05:57.390   159   159 I lowmemorykiller: Kill 'com.google.android.ondevicepersonalization.services' (2812), uid 10192, oom_score_adj 975 to free 45956kB rss, 34224kB swap; reason: low watermark is breached
07-14 21:05:57.396   159   159 I lowmemorykiller: Kill 'com.android.bluetooth' (1206), uid 1002, oom_score_adj 975 to free 48716kB rss, 32512kB swap; reason: low watermark is breached
07-14 21:05:57.396   386   386 I Zygote  : Process 2781 exited due to signal 9 (Killed)
07-14 21:05:57.397   386   386 I Zygote  : Process 2812 exited due to signal 9 (Killed)
07-14 21:05:57.399   584  1784 I ActivityManager: Process com.google.android.federatedcompute (pid 2781) has died: cch+85 CEM 
07-14 21:05:57.399   386   386 I Zygote  : Process 1206 exited due to signal 9 (Killed)
07-14 21:05:57.399   159   159 I lowmemorykiller: Kill 'com.android.cellbroadcastreceiver' (1710), uid 10108, oom_score_adj 965 to free 45012kB rss, 34688kB swap; reason: low watermark is breached
07-14 21:05:57.400   584   628 D DisplayManagerService: Drop pending events for gone uid 10193
07-14 21:05:57.403   386   386 I Zygote  : Process 1710 exited due to signal 9 (Killed)
07-14 21:05:57.404   584  1919 I ActivityManager: Process com.google.android.ondevicepersonalization.services (pid 2812) has died: cch+75 CEM 
07-14 21:05:57.405   584  1786 I ActivityManager: Process com.android.bluetooth (pid 1206) has died: cch+75 CEM 
07-14 21:05:57.406   584   688 I ActivityManager: Process com.android.cellbroadcastreceiver (pid 1710) has died: cch+65 CEM 
07-14 21:05:57.409   159   173 W lowmemorykiller: Failed to open /proc/2781/task; errno=2: process pid(2781) might have died
07-14 21:05:57.409   159   173 E lowmemorykiller: process_mrelease 2781 failed: No such process
07-14 21:05:57.409   159   174 W lowmemorykiller: Failed to open /proc/2812/task; errno=2: process pid(2812) might have died
07-14 21:05:57.409   159   174 E lowmemorykiller: process_mrelease 2812 failed: No such process
07-14 21:05:57.409   584   628 D DisplayManagerService: Drop pending events for gone uid 10192
07-14 21:05:57.409   584   628 D DisplayManagerService: Drop pending events for gone uid 10108
07-14 21:05:57.410   584   641 I libprocessgroup: Removed cgroup /sys/fs/cgroup/uid_10193/pid_2781
07-14 21:05:57.410   584   641 I libprocessgroup: Removed cgroup /sys/fs/cgroup/uid_10192/pid_2812
07-14 21:05:57.410   584   641 I libprocessgroup: Removed cgroup /sys/fs/cgroup/uid_1002/pid_1206
07-14 21:05:57.410   584   641 I libprocessgroup: Removed cgroup /sys/fs/cgroup/uid_10108/pid_1710
07-14 21:05:57.421   385   385 I netd    : tetherGetStats() -> {[]} <0.21ms>
07-14 21:05:57.425  1297  2428 I NetworkScheduler.Stats: Task com.google.android.gms/com.google.android.gms.notifications.registration.service.NotificationsRegistrationTaskBoundService started execution. cause:4 exec_start_elapsed_seconds: 54 [CONTEXT service_id=218 ]
07-14 21:05:57.430  1561  1959 I BistoIntentUtil: (REDACTED) isGrpcDeviceIntent: %s
07-14 21:05:57.442  1472  1595 I Checkin : [CheckinApiChimeraService] onGetService
07-14 21:05:57.452  1472  1472 D BoundBrokerSvc: onBind: Intent { act=com.google.android.gms.auth.service.START pkg=com.google.android.gms }
07-14 21:05:57.452  1472  1472 D BoundBrokerSvc: Loading bound service for intent: Intent { act=com.google.android.gms.auth.service.START pkg=com.google.android.gms }
07-14 21:05:57.460  1297  1615 W GLSUser : [DeviceKeyStore] Cannot load key: Device key file not found.
07-14 21:05:57.460  1297  1615 W GLSUser : [DeviceKeyStore] Cannot load key: Device key file not found.
07-14 21:05:57.478  1472  2322 D nativeloader: Configuring clns-10 for other apk . target_sdk_version=34, uses_libraries=ALL, library_path=/data/user_de/0/com.google.android.gms/app_chimera/m/00000001/CronetDynamite.uncompressed.apk!/lib/x86_64:/data/user_de/0/com.google.android.gms/app_chimera/m/00000001/CronetDynamite.uncompressed.apk!/lib/arm64-v8a, permitted_path=/data:/mnt/expand
07-14 21:05:57.482  1472  2322 D nativeloader: Load /data/user_de/0/com.google.android.gms/app_chimera/m/00000001/CronetDynamite.uncompressed.apk!/lib/x86_64/libcronet.126.0.6452.4.so using isolated ns clns-10 (caller=/data/user_de/0/com.google.android.gms/app_chimera/m/00000001/CronetDynamite.uncompressed.apk): ok
07-14 21:05:57.484  1472  2322 I cr_CronetLibraryLoader: Cronet version: 126.0.6452.4, arch: x86_64
07-14 21:05:57.487   584  1140 D ConnectivityService: requestNetwork for uid/pid:10143/1472 activeRequest: null callbackRequest: 139 [NetworkRequest [ REQUEST id=140, [ Capabilities: INTERNET&NOT_RESTRICTED&TRUSTED&NOT_VCN_MANAGED&NOT_BANDWIDTH_CONSTRAINED Uid: 10143 RequestorUid: 10143 RequestorPkg: com.google.android.gms UnderlyingNetworks: Null] ]] callback flags: 0 order: 2147483647 isUidTracked: false
07-14 21:05:57.489   584  1140 D CompatChangeReporter: Compat change id reported: 319212206; UID 10143; state: ENABLED
07-14 21:05:57.492   584   914 D ConnectivityService: NetReassign [140 : null → 100] [c 1] [a 1] [i 2]
07-14 21:05:57.492   584   914 D ConnectivityService: NetReassign [no changes] [c 0] [a 1] [i 0]
07-14 21:05:57.492   584   907 D OemPaidWifiNetworkFactory: got request NetworkRequest [ REQUEST id=140, [ Capabilities: INTERNET&NOT_RESTRICTED&TRUSTED&NOT_VCN_MANAGED&NOT_BANDWIDTH_CONSTRAINED Uid: 10143 RequestorUid: 10143 RequestorPkg: com.google.android.gms UnderlyingNetworks: Null] ]
07-14 21:05:57.493   584   907 D MultiInternetWifiNetworkFactory: got request NetworkRequest [ REQUEST id=140, [ Capabilities: INTERNET&NOT_RESTRICTED&TRUSTED&NOT_VCN_MANAGED&NOT_BANDWIDTH_CONSTRAINED Uid: 10143 RequestorUid: 10143 RequestorPkg: com.google.android.gms UnderlyingNetworks: Null] ]
07-14 21:05:57.493   584   907 D WifiNetworkFactory: got request NetworkRequest [ REQUEST id=140, [ Capabilities: INTERNET&NOT_RESTRICTED&TRUSTED&NOT_VCN_MANAGED&NOT_BANDWIDTH_CONSTRAINED Uid: 10143 RequestorUid: 10143 RequestorPkg: com.google.android.gms UnderlyingNetworks: Null] ]
07-14 21:05:57.493   584   907 D UntrustedWifiNetworkFactory: got request NetworkRequest [ REQUEST id=140, [ Capabilities: INTERNET&NOT_RESTRICTED&TRUSTED&NOT_VCN_MANAGED&NOT_BANDWIDTH_CONSTRAINED Uid: 10143 RequestorUid: 10143 RequestorPkg: com.google.android.gms UnderlyingNetworks: Null] ]
07-14 21:05:57.504   159   159 I lowmemorykiller: Kill 'com.google.android.googlesdksetup' (1645), uid 10171, oom_score_adj 965 to free 47828kB rss, 37120kB swap; reason: low watermark is breached
07-14 21:05:57.505   385  4090 I resolv  : GetAddrInfoHandler::run: {100 786532 100 983140 10143 0}
07-14 21:05:57.505   385  4091 I resolv  : res_nmkquery: (QUERY, IN, AAAA)
07-14 21:05:57.505   385  4092 I resolv  : res_nmkquery: (QUERY, IN, A)
07-14 21:05:57.511   584  1786 I ActivityManager: Process com.google.android.googlesdksetup (pid 1645) has died: cch+65 CEM 
07-14 21:05:57.512   584  1919 I StatusBarManagerService: binder died for pkg=com.google.android.googlesdksetup
07-14 21:05:57.513   159   159 I lowmemorykiller: Kill 'com.android.carrierdefaultapp' (3363), uid 10112, oom_score_adj 955 to free 44220kB rss, 36088kB swap; reason: low watermark is breached
07-14 21:05:57.514   584   628 D DisplayManagerService: Drop pending events for gone uid 10171
07-14 21:05:57.514   386   386 I Zygote  : Process 1645 exited due to signal 9 (Killed)
07-14 21:05:57.517   584  1785 I ActivityManager: Process com.android.carrierdefaultapp (pid 3363) has died: cch+55 CEM 
07-14 21:05:57.541     0     0 W binder_debug: 16 callbacks suppressed
07-14 21:05:57.541     0     0 I binder  : undelivered transaction 221299, process died.
07-14 21:05:57.542     0     0 I binder  : undelivered transaction 221571, process died.
07-14 21:05:57.542     0     0 I binder  : undelivered transaction 223804, process died.
07-14 21:05:57.542     0     0 I binder  : undelivered transaction 224434, process died.
07-14 21:05:57.542     0     0 I binder  : undelivered transaction 224508, process died.
07-14 21:05:57.542     0     0 I binder  : undelivered transaction 224559, process died.
07-14 21:05:57.543     0     0 I binder  : undelivered transaction 224600, process died.
07-14 21:05:57.543     0     0 I binder  : undelivered transaction 224648, process died.
07-14 21:05:57.543     0     0 I binder  : undelivered transaction 224747, process died.
07-14 21:05:57.543     0     0 I binder  : undelivered transaction 224783, process died.
07-14 21:05:57.517   584   628 D DisplayManagerService: Drop pending events for gone uid 10112
