07-14 21:05:57.517   159   159 I lowmemorykiller: Kill 'com.android.externalstorage' (2391), uid 10104, oom_score_adj 955 to free 44756kB rss, 35840kB swap; reason: low watermark is breached
07-14 21:05:57.518   386   386 I Zygote  : Process 3363 exited due to signal 9 (Killed)
07-14 21:05:57.521   584  1785 I ActivityManager: Process com.android.externalstorage (pid 2391) has died: cch+55 CEM 
07-14 21:05:57.521   159   173 W lowmemorykiller: Failed to open /proc/1645/task; errno=2: process pid(1645) might have died
07-14 21:05:57.521   159   173 E lowmemorykiller: process_mrelease 1645 failed: No such process
07-14 21:05:57.521   584   628 D DisplayManagerService: Drop pending events for gone uid 10104
07-14 21:05:57.521   159   174 W lowmemorykiller: Failed to open /proc/3363/task; errno=2: process pid(3363) might have died
07-14 21:05:57.521   159   174 E lowmemorykiller: process_mrelease 3363 failed: No such process
07-14 21:05:57.521   584   641 I libprocessgroup: Removed cgroup /sys/fs/cgroup/uid_10171/pid_1645
07-14 21:05:57.521   584   641 I libprocessgroup: Removed cgroup /sys/fs/cgroup/uid_10112/pid_3363
07-14 21:05:57.522   386   386 I Zygote  : Process 2391 exited due to signal 9 (Killed)
07-14 21:05:57.533   584   641 I libprocessgroup: Removed cgroup /sys/fs/cgroup/uid_10104/pid_2391
07-14 21:05:57.591   584   617 I system_server: Background concurrent mark compact GC freed 24MB AllocSpace bytes, 39(3532KB) LOS objects, 48% free, 25MB/49MB, paused 380us,879us total 101.719ms
07-14 21:05:57.593   584   618 I BpBinder: onLastStrongRef automatically unlinking death recipients: 
07-14 21:05:57.594   584   618 I BpBinder: onLastStrongRef automatically unlinking death recipients: 
07-14 21:05:57.594   584   618 I BpBinder: onLastStrongRef automatically unlinking death recipients: 
07-14 21:05:57.596   584   619 W system_server: ApkAssets: Deleting an ApkAssets object '<empty> and /product/app/LatinIMEGooglePrebuilt/LatinIMEGooglePrebuilt.apk' with 1 weak references
07-14 21:05:57.597   584   619 W system_server: ApkAssets: Deleting an ApkAssets object '<empty> and /product/priv-app/PrebuiltGmsCore/PrebuiltGmsCore.apk' with 1 weak references
07-14 21:05:57.598   584   619 W system_server: ApkAssets: Deleting an ApkAssets object '<empty> and /product/priv-app/Velvet/Velvet.apk' with 1 weak references
07-14 21:05:57.598   584   619 W system_server: ApkAssets: Deleting an ApkAssets object '<empty> and /product/app/PrebuiltGmail/PrebuiltGmail.apk' with 1 weak references
07-14 21:05:57.599   584   619 W system_server: ApkAssets: Deleting an ApkAssets object '<empty> and /product/app/Maps/Maps.apk' with 1 weak references
07-14 21:05:57.599   584   619 W system_server: ApkAssets: Deleting an ApkAssets object '<empty> and /product/app/Drive/Drive.apk' with 1 weak references
07-14 21:05:57.599   584   619 W system_server: ApkAssets: Deleting an ApkAssets object '<empty> and /product/app/CalendarGooglePrebuilt/CalendarGooglePrebuilt.apk' with 1 weak references
07-14 21:05:57.600   584   619 W system_server: ApkAssets: Deleting an ApkAssets object '<empty> and /system_ext/app/AccessibilityMenu/AccessibilityMenu.apk' with 1 weak references
07-14 21:05:57.600   584   619 W system_server: ApkAssets: Deleting an ApkAssets object '/product/overlay/AccessibilityMenu__sdk_gphone64_x86_64__auto_generated_rro_product.apk' with 1 weak references
07-14 21:05:57.600   584   619 W system_server: ApkAssets: Deleting an ApkAssets object '<empty> and /product/app/talkback/talkback.apk' with 1 weak references
07-14 21:05:57.600   584   619 W system_server: ApkAssets: Deleting an ApkAssets object '/vendor/overlay/EmulatorTalkBackOverlay/EmulatorTalkBackOverlay.apk' with 1 weak references
07-14 21:05:57.600   584   619 W system_server: ApkAssets: Deleting an ApkAssets object '<empty> and /product/app/GoogleTTS/GoogleTTS.apk' with 1 weak references
07-14 21:05:57.604   584   629 I DropBoxManagerService: add tag=system_server_strictmode isTagEnabled=true flags=0x2
07-14 21:05:57.671  3159  3178 W System  : A resource failed to call AbstractCursor.close. 
07-14 21:05:57.674   385  4092 I resolv  : res_nsend: used send_dg 177 terrno: 0
07-14 21:05:57.674   385  4092 I resolv  : doQuery: rcode=0, ancount=8, return value=177
07-14 21:05:57.674   385  4091 I resolv  : res_nsend: used send_dg 273 terrno: 0
07-14 21:05:57.674   385  4091 I resolv  : doQuery: rcode=0, ancount=8, return value=273
07-14 21:05:57.675  1472  4086 D TrafficStats: tagSocket(220) with statsTag=0x3c010301, statsUid=-1
07-14 21:05:57.725     0     0 I servicemanager: Notifying artd they don't (previously: do) have clients when we now have no record of a client
07-14 21:05:57.697   745   751 I AidlLazyServiceRegistrar: Process has 0 (of 1 available) client(s) in use after notification artd has clients: 0
07-14 21:05:57.697   745   751 I AidlLazyServiceRegistrar: Trying to shut down the service. No clients in use for any service in process.
07-14 21:05:57.698   745   751 I AidlLazyServiceRegistrar: Unregistered all clients and exiting
07-14 21:05:57.727     0     0 I servicemanager: Caller(pid=745,uid=1082,sid=u:r:artd:s0) Unregistering artd
07-14 21:05:57.727     0     0 I BpBinder: onLastStrongRef automatically unlinking death recipients:
07-14 21:05:57.703  3117  3266 E MDD     : DownloadProgressMonitor: Can't find file group for uri: android://com.google.android.apps.messaging/files/datadownload/shared/public/datadownloadfile_1784077547658
07-14 21:05:57.737     0     0 I init    : Service 'artd' (pid 745) exited with status 0 oneshot service took 36.355999 seconds in background
07-14 21:05:57.711  3117  3292 E MDD     : DownloadProgressMonitor: Can't find file group for uri: android://com.google.android.apps.messaging/files/datadownload/shared/public/datadownloadfile_1784077547657
07-14 21:05:57.711  3117  3220 D dasx    : Starting download: https://c.tenor.com/BznTK02srIsAAAAk/tenor.gif
07-14 21:05:57.711  3117  3220 V dasx    : Is http uri, downloading (uri: https://c.tenor.com/BznTK02srIsAAAAk/tenor.gif)
07-14 21:05:57.740     0     0 I init    : Sending signal 9 to service 'artd' (pid 745) process group...
07-14 21:05:57.741     0     0 I libprocessgroup: Removed cgroup /sys/fs/cgroup/uid_1082/pid_745
07-14 21:05:57.714   584  2566 E TaskPersister: File error accessing recents directory (directory doesn't exist?).
07-14 21:05:57.722  3117  3266 D dasx    : Starting download: https://c.tenor.com/p1qEArGuSoEAAAAk/tenor.gif
07-14 21:05:57.722  3117  3266 V dasx    : Is http uri, downloading (uri: https://c.tenor.com/p1qEArGuSoEAAAAk/tenor.gif)
07-14 21:05:57.724  3117  3220 E MDD     : DownloadProgressMonitor: Can't find file group for uri: android://com.google.android.apps.messaging/files/datadownload/shared/public/datadownloadfile_1784077547659
07-14 21:05:57.725  3117  3292 D dasx    : Starting download: https://c.tenor.com/QBIzxcCFhAQAAAAk/tenor.gif
07-14 21:05:57.725  3117  3292 V dasx    : Is http uri, downloading (uri: https://c.tenor.com/QBIzxcCFhAQAAAAk/tenor.gif)
07-14 21:05:57.733  3117  3266 E MDD     : DownloadProgressMonitor: Can't find file group for uri: android://com.google.android.apps.messaging/files/datadownload/shared/public/datadownloadfile_1784077547660
07-14 21:05:57.739  3117  3220 D dasx    : Starting download: https://c.tenor.com/SNToRS841A4AAAAk/tenor.gif
07-14 21:05:57.739  3117  3220 V dasx    : Is http uri, downloading (uri: https://c.tenor.com/SNToRS841A4AAAAk/tenor.gif)
07-14 21:05:57.744  3117  3292 E MDD     : DownloadProgressMonitor: Can't find file group for uri: android://com.google.android.apps.messaging/files/datadownload/shared/public/datadownloadfile_1784077547661
07-14 21:05:57.748  3117  3266 D dasx    : Starting download: https://c.tenor.com/QT8fTQhWDdEAAAAk/tenor.gif
07-14 21:05:57.748  3117  3266 V dasx    : Is http uri, downloading (uri: https://c.tenor.com/QT8fTQhWDdEAAAAk/tenor.gif)
07-14 21:05:57.756  3117  3220 E MDD     : DownloadProgressMonitor: Can't find file group for uri: android://com.google.android.apps.messaging/files/datadownload/shared/public/datadownloadfile_1784077547662
07-14 21:05:57.766  3117  3292 D dasx    : Starting download: https://c.tenor.com/qeiyevOg_1gAAAAk/tenor.gif
07-14 21:05:57.766  3117  3292 V dasx    : Is http uri, downloading (uri: https://c.tenor.com/qeiyevOg_1gAAAAk/tenor.gif)
07-14 21:05:57.769  3117  3266 E MDD     : DownloadProgressMonitor: Can't find file group for uri: android://com.google.android.apps.messaging/files/datadownload/shared/public/datadownloadfile_1784077547663
07-14 21:05:57.770  3117  3220 D dasx    : Starting download: https://c.tenor.com/JJO64sVq9MsAAAAk/tenor.gif
07-14 21:05:57.770  3117  3220 V dasx    : Is http uri, downloading (uri: https://c.tenor.com/JJO64sVq9MsAAAAk/tenor.gif)
07-14 21:05:57.783  3117  3292 E MDD     : DownloadProgressMonitor: Can't find file group for uri: android://com.google.android.apps.messaging/files/datadownload/shared/public/datadownloadfile_1784077547664
07-14 21:05:57.784  3117  3266 D dasx    : Starting download: https://c.tenor.com/xGYeqMr6cS8AAAAk/tenor.gif
07-14 21:05:57.784  3117  3266 V dasx    : Is http uri, downloading (uri: https://c.tenor.com/xGYeqMr6cS8AAAAk/tenor.gif)
07-14 21:05:57.794  3117  3220 E MDD     : DownloadProgressMonitor: Can't find file group for uri: android://com.google.android.apps.messaging/files/datadownload/shared/public/datadownloadfile_1784077547665
07-14 21:05:57.799  3117  3292 D dasx    : Starting download: https://c.tenor.com/FgmbVOiuvTwAAAAk/tenor.gif
07-14 21:05:57.799  3117  3292 V dasx    : Is http uri, downloading (uri: https://c.tenor.com/FgmbVOiuvTwAAAAk/tenor.gif)
07-14 21:05:57.800  3117  3266 E MDD     : DownloadProgressMonitor: Can't find file group for uri: android://com.google.android.apps.messaging/files/datadownload/shared/public/datadownloadfile_1784077547666
07-14 21:05:57.816  3117  3292 E MDD     : DownloadProgressMonitor: Can't find file group for uri: android://com.google.android.apps.messaging/files/datadownload/shared/public/datadownloadfile_1784077547667
07-14 21:05:57.817  3117  3220 D dasx    : Starting download: https://c.tenor.com/WQQfCdGdB6UAAAAk/tenor.gif
07-14 21:05:57.817  3117  3220 V dasx    : Is http uri, downloading (uri: https://c.tenor.com/WQQfCdGdB6UAAAAk/tenor.gif)
07-14 21:05:57.820  3117  3266 D dasx    : Starting download: https://c.tenor.com/xij-pBxXlXAAAAAk/tenor.gif
07-14 21:05:57.820  3117  3266 V dasx    : Is http uri, downloading (uri: https://c.tenor.com/xij-pBxXlXAAAAAk/tenor.gif)
07-14 21:05:57.822   584  1785 W JobInfo : Job 'com.google.android.settings.intelligence/.modules.routines.impl.RoutinesJobIntentService#1728' has a deadline with no functional constraints. The deadline won't improve job execution latency. Consider removing the deadline.
07-14 21:05:57.831  3117  3220 E MDD     : DownloadProgressMonitor: Can't find file group for uri: android://com.google.android.apps.messaging/files/datadownload/shared/public/datadownloadfile_1784077547668
07-14 21:05:57.834  3117  3292 D dasx    : Starting download: https://c.tenor.com/CHyCK8Tx4GYAAAAk/tenor.gif
07-14 21:05:57.834  3117  3292 V dasx    : Is http uri, downloading (uri: https://c.tenor.com/CHyCK8Tx4GYAAAAk/tenor.gif)
07-14 21:05:57.843  3117  3117 W JobService: onNetworkChanged() not implemented in androidx.work.impl.background.systemjob.SystemJobService. Must override in a subclass.
07-14 21:05:57.843  3117  3117 W JobService: onNetworkChanged() not implemented in androidx.work.impl.background.systemjob.SystemJobService. Must override in a subclass.
07-14 21:05:57.850  3496  3540 I BugleRcsEngine: Connected state: [1], networkType: [WIFI] [CONTEXT thread_id=60 ]
07-14 21:05:57.850  3117  3266 E MDD     : DownloadProgressMonitor: Can't find file group for uri: android://com.google.android.apps.messaging/files/datadownload/shared/public/datadownloadfile_1784077547669
07-14 21:05:57.852  3117  3249 D dasx    : Starting download: https://c.tenor.com/FG7ZEoYk73IAAAAk/tenor.gif
07-14 21:05:57.852  3117  3249 V dasx    : Is http uri, downloading (uri: https://c.tenor.com/FG7ZEoYk73IAAAAk/tenor.gif)
07-14 21:05:57.852  3117  3292 E MDD     : DownloadProgressMonitor: Can't find file group for uri: android://com.google.android.apps.messaging/files/datadownload/shared/public/datadownloadfile_1784077547670
07-14 21:05:57.853  3496  3755 I BugleRcsEngine: handleMessage processing message:[NOTIFY_UPTIME_IGNORE_STATE_CHANGED] with [non-null]:RcsEngineImpl reference [CONTEXT log_prefix="RcsEngineImpl[DUAL_REG]:[ed5fc70c-c9b7]>Handler" thread_id=77 ]
07-14 21:05:57.856  1297  2245 I ChimeraSrvcProxy: NullBinder for android.net.action.RECOMMEND_NETWORKS triggering remote TransactionTooLargeException due to Service without Chimera impl
07-14 21:05:57.856  1297  2245 W .gms.persistent: Large reply transaction of 1056768 bytes, interface descriptor , code 1
07-14 21:05:57.857  3496  3755 I BugleRcsEngine: No RCS Configuration was found in Bugle for simID: redacted-pii:sim_id[chars:20,last3:897] [CONTEXT log_prefix="ProvisioningEngineDataRetriever" thread_id=77 ]
07-14 21:05:57.864  3117  3291 D dasx    : Starting download: https://c.tenor.com/GMf50kiNLC8AAAAk/tenor.gif
07-14 21:05:57.864  3117  3291 V dasx    : Is http uri, downloading (uri: https://c.tenor.com/GMf50kiNLC8AAAAk/tenor.gif)
07-14 21:05:57.869  3117  3249 E MDD     : DownloadProgressMonitor: Can't find file group for uri: android://com.google.android.apps.messaging/files/datadownload/shared/public/datadownloadfile_1784077547671
07-14 21:05:57.872  3117  3292 D dasx    : Starting download: https://c.tenor.com/zMoc55x_4u0AAAAk/tenor.gif
07-14 21:05:57.872  3117  3292 V dasx    : Is http uri, downloading (uri: https://c.tenor.com/zMoc55x_4u0AAAAk/tenor.gif)
07-14 21:05:57.883  3117  3291 E MDD     : DownloadProgressMonitor: Can't find file group for uri: android://com.google.android.apps.messaging/files/datadownload/shared/public/datadownloadfile_1784077547672
07-14 21:05:57.887  3117  3249 D dasx    : Starting download: https://c.tenor.com/_vp7nxsOURoAAAAk/tenor.gif
07-14 21:05:57.887  3117  3249 V dasx    : Is http uri, downloading (uri: https://c.tenor.com/_vp7nxsOURoAAAAk/tenor.gif)
07-14 21:05:57.928  1472  4086 D TrafficStats: tagSocket(135) with statsTag=0x3c010301, statsUid=-1
07-14 21:05:57.977  1472  4086 D TrafficStats: tagSocket(221) with statsTag=0x3c010301, statsUid=-1
07-14 21:05:58.013  3117  3292 E MDD     : DownloadProgressMonitor: Can't find file group for uri: android://com.google.android.apps.messaging/files/datadownload/shared/public/datadownloadfile_1784077547673
07-14 21:05:58.021  3117  3249 E MDD     : DownloadProgressMonitor: Can't find file group for uri: android://com.google.android.apps.messaging/files/datadownload/shared/public/datadownloadfile_1784077547674
07-14 21:05:58.023  3117  3291 D dasx    : Starting download: https://c.tenor.com/tMK5vWgS8OsAAAAk/tenor.gif
07-14 21:05:58.023  3117  3291 V dasx    : Is http uri, downloading (uri: https://c.tenor.com/tMK5vWgS8OsAAAAk/tenor.gif)
07-14 21:05:58.028  3117  3292 D dasx    : Starting download: https://c.tenor.com/1tJHYEz-rOUAAAAk/tenor.gif
07-14 21:05:58.028  3117  3292 V dasx    : Is http uri, downloading (uri: https://c.tenor.com/1tJHYEz-rOUAAAAk/tenor.gif)
07-14 21:05:58.232  1472  4086 D TrafficStats: tagSocket(220) with statsTag=0x3c010301, statsUid=-1
07-14 21:05:58.381  3117  3291 E MDD     : DownloadProgressMonitor: Can't find file group for uri: android://com.google.android.apps.messaging/files/datadownload/shared/public/datadownloadfile_1784077547675
07-14 21:05:58.387  3117  3249 D dasx    : Starting download: https://c.tenor.com/mHn8qmF0jd8AAAAk/tenor.gif
07-14 21:05:58.387  3117  3249 V dasx    : Is http uri, downloading (uri: https://c.tenor.com/mHn8qmF0jd8AAAAk/tenor.gif)
07-14 21:05:58.387  3117  3292 E MDD     : DownloadProgressMonitor: Can't find file group for uri: android://com.google.android.apps.messaging/files/datadownload/shared/public/datadownloadfile_1784077547676
07-14 21:05:58.390  3117  3291 D dasx    : Starting download: https://c.tenor.com/L-cr_zEMUKIAAAAk/tenor.gif
07-14 21:05:58.390  3117  3291 V dasx    : Is http uri, downloading (uri: https://c.tenor.com/L-cr_zEMUKIAAAAk/tenor.gif)
07-14 21:05:58.400  3117  3122 W .apps.messaging: Missing inline cache for java.lang.Object cxvx.apply(java.lang.Object)
07-14 21:05:58.400  3117  3122 W .apps.messaging: Missing inline cache for java.lang.Object cxvx.apply(java.lang.Object)
07-14 21:05:58.400  3117  3122 W .apps.messaging: Missing inline cache for java.lang.Object cxvx.apply(java.lang.Object)
07-14 21:05:58.408  3117  3249 E MDD     : DownloadProgressMonitor: Can't find file group for uri: android://com.google.android.apps.messaging/files/datadownload/shared/public/datadownloadfile_1784077547677
07-14 21:05:58.409  3117  3291 E MDD     : DownloadProgressMonitor: Can't find file group for uri: android://com.google.android.apps.messaging/files/datadownload/shared/public/datadownloadfile_1784077547678
07-14 21:05:58.410  3117  3292 D dasx    : Starting download: https://c.tenor.com/d9jjVFcaM88AAAAk/tenor.gif
07-14 21:05:58.410  3117  3292 V dasx    : Is http uri, downloading (uri: https://c.tenor.com/d9jjVFcaM88AAAAk/tenor.gif)
07-14 21:05:58.410  3117  3249 D dasx    : Starting download: https://c.tenor.com/CAwnO7U1PuUAAAAk/tenor.gif
07-14 21:05:58.410  3117  3249 V dasx    : Is http uri, downloading (uri: https://c.tenor.com/CAwnO7U1PuUAAAAk/tenor.gif)
07-14 21:05:58.441  3117  3249 E MDD     : DownloadProgressMonitor: Can't find file group for uri: android://com.google.android.apps.messaging/files/datadownload/shared/public/datadownloadfile_1784077547680
07-14 21:05:58.445  3117  3292 E MDD     : DownloadProgressMonitor: Can't find file group for uri: android://com.google.android.apps.messaging/files/datadownload/shared/public/datadownloadfile_1784077547679
07-14 21:05:58.446  3117  3291 D dasx    : Starting download: https://c.tenor.com/MNVpjI3peqUAAAAk/tenor.gif
07-14 21:05:58.446  3117  3291 V dasx    : Is http uri, downloading (uri: https://c.tenor.com/MNVpjI3peqUAAAAk/tenor.gif)
07-14 21:05:58.450  3117  3249 D dasx    : Starting download: https://c.tenor.com/AUCaj-n1RScAAAAk/tenor.gif
07-14 21:05:58.451  3117  3249 V dasx    : Is http uri, downloading (uri: https://c.tenor.com/AUCaj-n1RScAAAAk/tenor.gif)
07-14 21:05:58.474  1472  4086 I cr_CronetUrlRequestContext: destroyNativeStreamLocked org.chromium.net.impl.CronetBidirectionalStream@d94e6c8
07-14 21:05:58.476  1472  2322 I NotificationsModuleTask: Registering accounts to Chime Failed & Rescheduled for later. [CONTEXT service_id=358 ]
07-14 21:05:58.477  1472  1472 D BoundBrokerSvc: onUnbind: Intent { act=com.google.android.gms.notifications.registration.service.NotificationsRegistrationTaskBoundService.ACTION_TASK_READY dat=chimera-action:/... cmp=com.google.android.gms/.chimera.GmsInternalBoundBrokerService }
07-14 21:05:58.477  1297  2358 I NetworkScheduler.Stats: Task com.google.android.gms/com.google.android.gms.notifications.registration.service.NotificationsRegistrationTaskBoundService finished executing. cause:4 result: 3 elapsed_millis: 1107 uptime_millis: 1107 exec_start_elapsed_seconds: 54 [CONTEXT service_id=218 ]
07-14 21:05:58.493  3117  3291 E MDD     : DownloadProgressMonitor: Can't find file group for uri: android://com.google.android.apps.messaging/files/datadownload/shared/public/datadownloadfile_1784077547681
07-14 21:05:58.502  3117  3249 E MDD     : DownloadProgressMonitor: Can't find file group for uri: android://com.google.android.apps.messaging/files/datadownload/shared/public/datadownloadfile_1784077547682
07-14 21:05:58.503  3117  3292 D dasx    : Starting download: https://c.tenor.com/MdGCDaD6Wa8AAAAk/tenor.gif
07-14 21:05:58.503  3117  3292 V dasx    : Is http uri, downloading (uri: https://c.tenor.com/MdGCDaD6Wa8AAAAk/tenor.gif)
07-14 21:05:58.503  3117  3249 D dasx    : Starting download: https://c.tenor.com/RQcrdyXkM2YAAAAk/tenor.gif
07-14 21:05:58.504  3117  3249 V dasx    : Is http uri, downloading (uri: https://c.tenor.com/RQcrdyXkM2YAAAAk/tenor.gif)
07-14 21:05:58.521  3117  3292 E MDD     : DownloadProgressMonitor: Can't find file group for uri: android://com.google.android.apps.messaging/files/datadownload/shared/public/datadownloadfile_1784077547683
07-14 21:05:58.523  3117  3249 E MDD     : DownloadProgressMonitor: Can't find file group for uri: android://com.google.android.apps.messaging/files/datadownload/shared/public/datadownloadfile_1784077547684
07-14 21:05:58.524  3117  3291 D dasx    : Starting download: https://c.tenor.com/GEfom6TUKQIAAAAk/tenor.gif
07-14 21:05:58.524  3117  3291 V dasx    : Is http uri, downloading (uri: https://c.tenor.com/GEfom6TUKQIAAAAk/tenor.gif)
07-14 21:05:58.526  3117  3292 D dasx    : Starting download: https://c.tenor.com/jPgPgvg4CjoAAAAk/tenor.gif
07-14 21:05:58.526  3117  3292 V dasx    : Is http uri, downloading (uri: https://c.tenor.com/jPgPgvg4CjoAAAAk/tenor.gif)
07-14 21:05:58.707  1472  1472 I NearbySharing: SharingTileService destroyed [CONTEXT service_id=194 ]
07-14 21:05:58.762  3117  3291 E MDD     : DownloadProgressMonitor: Can't find file group for uri: android://com.google.android.apps.messaging/files/datadownload/shared/public/datadownloadfile_1784077547685
07-14 21:05:58.765  3117  3292 E MDD     : DownloadProgressMonitor: Can't find file group for uri: android://com.google.android.apps.messaging/files/datadownload/shared/public/datadownloadfile_1784077547686
07-14 21:05:58.766  3117  3249 D dasx    : Starting download: https://c.tenor.com/CSkw57W8v1wAAAAk/tenor.gif
07-14 21:05:58.766  3117  3249 V dasx    : Is http uri, downloading (uri: https://c.tenor.com/CSkw57W8v1wAAAAk/tenor.gif)
07-14 21:05:58.769  3117  3291 D dasx    : Starting download: https://c.tenor.com/gOG397-puAsAAAAk/tenor.gif
07-14 21:05:58.769  3117  3291 V dasx    : Is http uri, downloading (uri: https://c.tenor.com/gOG397-puAsAAAAk/tenor.gif)
07-14 21:05:58.787  3117  3249 E MDD     : DownloadProgressMonitor: Can't find file group for uri: android://com.google.android.apps.messaging/files/datadownload/shared/public/datadownloadfile_1784077547687
07-14 21:05:58.790  3117  3292 D dasx    : Starting download: https://c.tenor.com/fynlBjSoN7kAAAAk/tenor.gif
07-14 21:05:58.791  3117  3292 V dasx    : Is http uri, downloading (uri: https://c.tenor.com/fynlBjSoN7kAAAAk/tenor.gif)
07-14 21:05:58.806  3117  3291 E MDD     : DownloadProgressMonitor: Can't find file group for uri: android://com.google.android.apps.messaging/files/datadownload/shared/public/datadownloadfile_1784077547688
07-14 21:05:58.809  3117  3249 D dasx    : Starting download: https://c.tenor.com/wCB5JtcL9k4AAAAk/tenor.gif
07-14 21:05:58.809  3117  3249 V dasx    : Is http uri, downloading (uri: https://c.tenor.com/wCB5JtcL9k4AAAAk/tenor.gif)
07-14 21:05:58.821  3117  3292 E MDD     : DownloadProgressMonitor: Can't find file group for uri: android://com.google.android.apps.messaging/files/datadownload/shared/public/datadownloadfile_1784077547689
07-14 21:05:58.822  3117  3291 D dasx    : Starting download: https://c.tenor.com/1NpGDEgyc98AAAAk/tenor.gif
07-14 21:05:58.822  3117  3291 V dasx    : Is http uri, downloading (uri: https://c.tenor.com/1NpGDEgyc98AAAAk/tenor.gif)
07-14 21:05:58.838  3117  3249 E MDD     : DownloadProgressMonitor: Can't find file group for uri: android://com.google.android.apps.messaging/files/datadownload/shared/public/datadownloadfile_1784077547690
07-14 21:05:58.841  3117  3292 D dasx    : Starting download: https://c.tenor.com/Aq48a65922EAAAAk/tenor.gif
07-14 21:05:58.841  3117  3292 V dasx    : Is http uri, downloading (uri: https://c.tenor.com/Aq48a65922EAAAAk/tenor.gif)
07-14 21:05:58.856  3117  3291 E MDD     : DownloadProgressMonitor: Can't find file group for uri: android://com.google.android.apps.messaging/files/datadownload/shared/public/datadownloadfile_1784077547691
07-14 21:05:58.862  3117  3249 D dasx    : Starting download: https://c.tenor.com/ef41wTywedgAAAAk/tenor.gif
07-14 21:05:58.862  3117  3249 V dasx    : Is http uri, downloading (uri: https://c.tenor.com/ef41wTywedgAAAAk/tenor.gif)
07-14 21:05:58.875  3117  3292 E MDD     : DownloadProgressMonitor: Can't find file group for uri: android://com.google.android.apps.messaging/files/datadownload/shared/public/datadownloadfile_1784077547692
07-14 21:05:58.877  3117  3291 D dasx    : Starting download: https://c.tenor.com/Q-QaNnhrdpMAAAAk/tenor.gif
07-14 21:05:58.877  3117  3291 V dasx    : Is http uri, downloading (uri: https://c.tenor.com/Q-QaNnhrdpMAAAAk/tenor.gif)
07-14 21:05:58.879  3117  3249 E MDD     : DownloadProgressMonitor: Can't find file group for uri: android://com.google.android.apps.messaging/files/datadownload/shared/public/datadownloadfile_1784077547693
07-14 21:05:58.882  3117  3292 D dasx    : Starting download: https://c.tenor.com/XL-Oqt3d6NcAAAAk/tenor.gif
07-14 21:05:58.882  3117  3292 V dasx    : Is http uri, downloading (uri: https://c.tenor.com/XL-Oqt3d6NcAAAAk/tenor.gif)
07-14 21:05:58.893  3117  3291 E MDD     : DownloadProgressMonitor: Can't find file group for uri: android://com.google.android.apps.messaging/files/datadownload/shared/public/datadownloadfile_1784077547694
07-14 21:05:58.895  3117  3249 D dasx    : Starting download: https://c.tenor.com/IjU5mwLSBB8AAAAk/tenor.gif
07-14 21:05:58.895  3117  3249 V dasx    : Is http uri, downloading (uri: https://c.tenor.com/IjU5mwLSBB8AAAAk/tenor.gif)
07-14 21:05:58.897  3117  3292 E MDD     : DownloadProgressMonitor: Can't find file group for uri: android://com.google.android.apps.messaging/files/datadownload/shared/public/datadownloadfile_1784077547695
07-14 21:05:58.900  3117  3291 D dasx    : Starting download: https://c.tenor.com/z-FczidyrWEAAAAk/tenor.gif
07-14 21:05:58.900  3117  3291 V dasx    : Is http uri, downloading (uri: https://c.tenor.com/z-FczidyrWEAAAAk/tenor.gif)
07-14 21:05:58.909  3117  3249 E MDD     : DownloadProgressMonitor: Can't find file group for uri: android://com.google.android.apps.messaging/files/datadownload/shared/public/datadownloadfile_1784077547696
07-14 21:05:58.913  3117  3292 D dasx    : Starting download: https://c.tenor.com/sRGmaFiObpEAAAAk/tenor.gif
07-14 21:05:58.913  3117  3292 V dasx    : Is http uri, downloading (uri: https://c.tenor.com/sRGmaFiObpEAAAAk/tenor.gif)
07-14 21:05:58.913  3117  3291 E MDD     : DownloadProgressMonitor: Can't find file group for uri: android://com.google.android.apps.messaging/files/datadownload/shared/public/datadownloadfile_1784077547697
07-14 21:05:58.916  3117  3249 D dasx    : Starting download: https://c.tenor.com/99ocPzxp960AAAAk/tenor.gif
07-14 21:05:58.916  3117  3249 V dasx    : Is http uri, downloading (uri: https://c.tenor.com/99ocPzxp960AAAAk/tenor.gif)
07-14 21:05:58.930  3117  3292 E MDD     : DownloadProgressMonitor: Can't find file group for uri: android://com.google.android.apps.messaging/files/datadownload/shared/public/datadownloadfile_1784077547698
07-14 21:05:58.932  3117  3291 D dasx    : Starting download: https://c.tenor.com/CqsQZ7nURzQAAAAk/tenor.gif
07-14 21:05:58.932  3117  3291 V dasx    : Is http uri, downloading (uri: https://c.tenor.com/CqsQZ7nURzQAAAAk/tenor.gif)
07-14 21:05:58.935  3117  3249 E MDD     : DownloadProgressMonitor: Can't find file group for uri: android://com.google.android.apps.messaging/files/datadownload/shared/public/datadownloadfile_1784077547699
07-14 21:05:58.937  3117  3292 D dasx    : Starting download: https://c.tenor.com/vTq_MrD5b1kAAAAk/tenor.gif
07-14 21:05:58.937  3117  3292 V dasx    : Is http uri, downloading (uri: https://c.tenor.com/vTq_MrD5b1kAAAAk/tenor.gif)
07-14 21:05:58.950  3117  3291 E MDD     : DownloadProgressMonitor: Can't find file group for uri: android://com.google.android.apps.messaging/files/datadownload/shared/public/datadownloadfile_1784077547700
07-14 21:05:58.952  3117  3249 D dasx    : Starting download: https://c.tenor.com/agHN4oO4YH8AAAAk/tenor.gif
07-14 21:05:58.952  3117  3249 V dasx    : Is http uri, downloading (uri: https://c.tenor.com/agHN4oO4YH8AAAAk/tenor.gif)
07-14 21:05:58.971  3117  3292 E MDD     : DownloadProgressMonitor: Can't find file group for uri: android://com.google.android.apps.messaging/files/datadownload/shared/public/datadownloadfile_1784077547701
07-14 21:05:58.980  3117  3291 D dasx    : Starting download: https://c.tenor.com/RZuBKuhsZ38AAAAk/tenor.gif
07-14 21:05:58.980  3117  3291 V dasx    : Is http uri, downloading (uri: https://c.tenor.com/RZuBKuhsZ38AAAAk/tenor.gif)
07-14 21:05:58.988  3117  3249 E MDD     : DownloadProgressMonitor: Can't find file group for uri: android://com.google.android.apps.messaging/files/datadownload/shared/public/datadownloadfile_1784077547702
07-14 21:05:58.991  3117  3292 D dasx    : Starting download: https://c.tenor.com/luqCk8KoEe0AAAAk/tenor.gif
07-14 21:05:58.991  3117  3292 V dasx    : Is http uri, downloading (uri: https://c.tenor.com/luqCk8KoEe0AAAAk/tenor.gif)
07-14 21:05:59.008  3117  3291 E MDD     : DownloadProgressMonitor: Can't find file group for uri: android://com.google.android.apps.messaging/files/datadownload/shared/public/datadownloadfile_1784077547703
07-14 21:05:59.010  3117  3249 D dasx    : Starting download: https://c.tenor.com/3Tn6HUzAc4YAAAAk/tenor.gif
07-14 21:05:59.011  3117  3249 V dasx    : Is http uri, downloading (uri: https://c.tenor.com/3Tn6HUzAc4YAAAAk/tenor.gif)
07-14 21:05:59.012  3117  3292 E MDD     : DownloadProgressMonitor: Can't find file group for uri: android://com.google.android.apps.messaging/files/datadownload/shared/public/datadownloadfile_1784077547704
07-14 21:05:59.014  3117  3291 D dasx    : Starting download: https://c.tenor.com/l1-dLn8nwooAAAAk/tenor.gif
07-14 21:05:59.014  3117  3291 V dasx    : Is http uri, downloading (uri: https://c.tenor.com/l1-dLn8nwooAAAAk/tenor.gif)
07-14 21:05:59.026  3117  3249 E MDD     : DownloadProgressMonitor: Can't find file group for uri: android://com.google.android.apps.messaging/files/datadownload/shared/public/datadownloadfile_1784077547705
07-14 21:05:59.029  3117  3292 D dasx    : Starting download: https://c.tenor.com/STreKj-4BGcAAAAk/tenor.gif
07-14 21:05:59.029  3117  3292 V dasx    : Is http uri, downloading (uri: https://c.tenor.com/STreKj-4BGcAAAAk/tenor.gif)
07-14 21:05:59.029  3117  3291 E MDD     : DownloadProgressMonitor: Can't find file group for uri: android://com.google.android.apps.messaging/files/datadownload/shared/public/datadownloadfile_1784077547706
07-14 21:05:59.031  3117  3249 D dasx    : Starting download: https://c.tenor.com/_Maixn5KBNwAAAAk/tenor.gif
07-14 21:05:59.031  3117  3249 V dasx    : Is http uri, downloading (uri: https://c.tenor.com/_Maixn5KBNwAAAAk/tenor.gif)
07-14 21:05:59.049  3117  3292 E MDD     : DownloadProgressMonitor: Can't find file group for uri: android://com.google.android.apps.messaging/files/datadownload/shared/public/datadownloadfile_1784077547707
07-14 21:05:59.052  3117  3291 D dasx    : Starting download: https://c.tenor.com/hzhDGN_TxvsAAAAk/tenor.gif
07-14 21:05:59.052  3117  3291 V dasx    : Is http uri, downloading (uri: https://c.tenor.com/hzhDGN_TxvsAAAAk/tenor.gif)
07-14 21:05:59.159   584   709 D ActivityManager: freezing 2529 com.google.android.documentsui
07-14 21:05:59.161   584   914 D InetDiagMessage: Destroyed 0 sockets, proto=IPPROTO_TCP, family=AF_INET, states=14
07-14 21:05:59.161   584   914 D InetDiagMessage: Destroyed 0 sockets, proto=IPPROTO_TCP, family=AF_INET6, states=14
07-14 21:05:59.161   584   914 D InetDiagMessage: Destroyed live tcp sockets for uids={10096} in 1ms
07-14 21:05:59.233  3117  3249 E MDD     : DownloadProgressMonitor: Can't find file group for uri: android://com.google.android.apps.messaging/files/datadownload/shared/public/datadownloadfile_1784077547708
07-14 21:05:59.236  3117  3292 D dasx    : Starting download: https://c.tenor.com/VD1rHu4QFj8AAAAk/tenor.gif
07-14 21:05:59.236  3117  3292 V dasx    : Is http uri, downloading (uri: https://c.tenor.com/VD1rHu4QFj8AAAAk/tenor.gif)
07-14 21:05:59.252  3117  3291 E MDD     : DownloadProgressMonitor: Can't find file group for uri: android://com.google.android.apps.messaging/files/datadownload/shared/public/datadownloadfile_1784077547709
07-14 21:05:59.255  3117  3249 D dasx    : Starting download: https://c.tenor.com/EcqqMuywqtYAAAAk/tenor.gif
07-14 21:05:59.256  3117  3249 V dasx    : Is http uri, downloading (uri: https://c.tenor.com/EcqqMuywqtYAAAAk/tenor.gif)
07-14 21:05:59.267  3117  3292 E MDD     : DownloadProgressMonitor: Can't find file group for uri: android://com.google.android.apps.messaging/files/datadownload/shared/public/datadownloadfile_1784077547710
07-14 21:05:59.270  3117  3291 D dasx    : Starting download: https://c.tenor.com/W-Iql1HiBmMAAAAk/tenor.gif
07-14 21:05:59.270  3117  3291 V dasx    : Is http uri, downloading (uri: https://c.tenor.com/W-Iql1HiBmMAAAAk/tenor.gif)
07-14 21:05:59.276  3117  3249 E MDD     : DownloadProgressMonitor: Can't find file group for uri: android://com.google.android.apps.messaging/files/datadownload/shared/public/datadownloadfile_1784077547711
07-14 21:05:59.278  3117  3292 D dasx    : Starting download: https://c.tenor.com/MHwuNDTmeV8AAAAk/tenor.gif
07-14 21:05:59.278  3117  3292 V dasx    : Is http uri, downloading (uri: https://c.tenor.com/MHwuNDTmeV8AAAAk/tenor.gif)
07-14 21:05:59.294  3117  3291 E MDD     : DownloadProgressMonitor: Can't find file group for uri: android://com.google.android.apps.messaging/files/datadownload/shared/public/datadownloadfile_1784077547712
07-14 21:05:59.297  3117  3249 D dasx    : Starting download: https://c.tenor.com/ail0OXAQNjIAAAAk/tenor.gif
07-14 21:05:59.297  3117  3249 V dasx    : Is http uri, downloading (uri: https://c.tenor.com/ail0OXAQNjIAAAAk/tenor.gif)
07-14 21:05:59.308  3117  3292 E MDD     : DownloadProgressMonitor: Can't find file group for uri: android://com.google.android.apps.messaging/files/datadownload/shared/public/datadownloadfile_1784077547713
07-14 21:05:59.310  3117  3291 D dasx    : Starting download: https://c.tenor.com/zgUM2urQsFwAAAAk/tenor.gif
07-14 21:05:59.310  3117  3291 V dasx    : Is http uri, downloading (uri: https://c.tenor.com/zgUM2urQsFwAAAAk/tenor.gif)
07-14 21:05:59.327  3117  3249 E MDD     : DownloadProgressMonitor: Can't find file group for uri: android://com.google.android.apps.messaging/files/datadownload/shared/public/datadownloadfile_1784077547714
07-14 21:05:59.330  3117  3292 D dasx    : Starting download: https://c.tenor.com/KWSi_2egDKAAAAAk/tenor.gif
07-14 21:05:59.330  3117  3292 V dasx    : Is http uri, downloading (uri: https://c.tenor.com/KWSi_2egDKAAAAAk/tenor.gif)
07-14 21:05:59.344  3117  3291 E MDD     : DownloadProgressMonitor: Can't find file group for uri: android://com.google.android.apps.messaging/files/datadownload/shared/public/datadownloadfile_1784077547715
07-14 21:05:59.346  3117  3249 D dasx    : Starting download: https://c.tenor.com/XbcbbNJsF_4AAAAk/tenor.gif
07-14 21:05:59.346  3117  3249 V dasx    : Is http uri, downloading (uri: https://c.tenor.com/XbcbbNJsF_4AAAAk/tenor.gif)
07-14 21:05:59.361  3117  3292 E MDD     : DownloadProgressMonitor: Can't find file group for uri: android://com.google.android.apps.messaging/files/datadownload/shared/public/datadownloadfile_1784077547716
07-14 21:05:59.363  3117  3291 D dasx    : Starting download: https://c.tenor.com/1HV4B3GCV6UAAAAk/tenor.gif
07-14 21:05:59.363  3117  3291 V dasx    : Is http uri, downloading (uri: https://c.tenor.com/1HV4B3GCV6UAAAAk/tenor.gif)
07-14 21:05:59.380  3117  3249 E MDD     : DownloadProgressMonitor: Can't find file group for uri: android://com.google.android.apps.messaging/files/datadownload/shared/public/datadownloadfile_1784077547717
07-14 21:05:59.382  3117  3292 D dasx    : Starting download: https://c.tenor.com/lngU4P3JhMMAAAAk/tenor.gif
07-14 21:05:59.382  3117  3292 V dasx    : Is http uri, downloading (uri: https://c.tenor.com/lngU4P3JhMMAAAAk/tenor.gif)
07-14 21:05:59.399  3117  3291 E MDD     : DownloadProgressMonitor: Can't find file group for uri: android://com.google.android.apps.messaging/files/datadownload/shared/public/datadownloadfile_1784077547718
07-14 21:05:59.401  3117  3249 D dasx    : Starting download: https://c.tenor.com/Gm7MRQex2zYAAAAk/tenor.gif
07-14 21:05:59.401  3117  3249 V dasx    : Is http uri, downloading (uri: https://c.tenor.com/Gm7MRQex2zYAAAAk/tenor.gif)
07-14 21:05:59.411  1472  1472 D BoundBrokerSvc: onUnbind: Intent { act=com.google.android.gms.ocr.service.internal.START dat=chimera-action:/... cmp=com.google.android.gms/.chimera.GmsInternalApiService }
07-14 21:05:59.431  3117  3292 E MDD     : DownloadProgressMonitor: Can't find file group for uri: android://com.google.android.apps.messaging/files/datadownload/shared/public/datadownloadfile_1784077547719
07-14 21:05:59.432  3117  3291 D dasx    : Starting download: https://c.tenor.com/Jg2C1zZb53EAAAAk/tenor.gif
07-14 21:05:59.432  3117  3291 V dasx    : Is http uri, downloading (uri: https://c.tenor.com/Jg2C1zZb53EAAAAk/tenor.gif)
07-14 21:05:59.447  3117  3249 E MDD     : DownloadProgressMonitor: Can't find file group for uri: android://com.google.android.apps.messaging/files/datadownload/shared/public/datadownloadfile_1784077547720
07-14 21:05:59.450  3117  3292 D dasx    : Starting download: https://c.tenor.com/SRM0gCmGM7IAAAAk/tenor.gif
07-14 21:05:59.450  3117  3292 V dasx    : Is http uri, downloading (uri: https://c.tenor.com/SRM0gCmGM7IAAAAk/tenor.gif)
07-14 21:05:59.463  3117  3291 E MDD     : DownloadProgressMonitor: Can't find file group for uri: android://com.google.android.apps.messaging/files/datadownload/shared/public/datadownloadfile_1784077547721
07-14 21:05:59.466  3117  3249 D dasx    : Starting download: https://c.tenor.com/sdy4GldL-VAAAAAk/tenor.gif
07-14 21:05:59.466  3117  3249 V dasx    : Is http uri, downloading (uri: https://c.tenor.com/sdy4GldL-VAAAAAk/tenor.gif)
07-14 21:05:59.467  1472  1472 D BoundBrokerSvc: onUnbind: Intent { act=com.google.android.gms.audit.service.START dat=chimera-action:/... cmp=com.google.android.gms/.chimera.GmsBoundBrokerService }
07-14 21:05:59.480  3117  3292 E MDD     : DownloadProgressMonitor: Can't find file group for uri: android://com.google.android.apps.messaging/files/datadownload/shared/public/datadownloadfile_1784077547722
07-14 21:05:59.482  3117  3291 D dasx    : Starting download: https://c.tenor.com/uwVXJKa4zPAAAAAk/tenor.gif
07-14 21:05:59.482  3117  3291 V dasx    : Is http uri, downloading (uri: https://c.tenor.com/uwVXJKa4zPAAAAAk/tenor.gif)
07-14 21:05:59.495  3117  3249 E MDD     : DownloadProgressMonitor: Can't find file group for uri: android://com.google.android.apps.messaging/files/datadownload/shared/public/datadownloadfile_1784077547723
07-14 21:05:59.499  3117  3292 D dasx    : Starting download: https://c.tenor.com/yo4EXUSX8TkAAAAk/tenor.gif
07-14 21:05:59.499  3117  3292 V dasx    : Is http uri, downloading (uri: https://c.tenor.com/yo4EXUSX8TkAAAAk/tenor.gif)
07-14 21:05:59.513  3117  3291 E MDD     : DownloadProgressMonitor: Can't find file group for uri: android://com.google.android.apps.messaging/files/datadownload/shared/public/datadownloadfile_1784077547724
07-14 21:05:59.516  3117  3249 D dasx    : Starting download: https://c.tenor.com/1Uxfz02VWCAAAAAk/tenor.gif
07-14 21:05:59.516  3117  3249 V dasx    : Is http uri, downloading (uri: https://c.tenor.com/1Uxfz02VWCAAAAAk/tenor.gif)
07-14 21:05:59.542  3117  3292 E MDD     : DownloadProgressMonitor: Can't find file group for uri: android://com.google.android.apps.messaging/files/datadownload/shared/public/datadownloadfile_1784077547725
07-14 21:05:59.545  3117  3291 D dasx    : Starting download: https://c.tenor.com/97HoAIHO_TMAAAAk/tenor.gif
07-14 21:05:59.545  3117  3291 V dasx    : Is http uri, downloading (uri: https://c.tenor.com/97HoAIHO_TMAAAAk/tenor.gif)
07-14 21:05:59.552  3117  3249 E MDD     : DownloadProgressMonitor: Can't find file group for uri: android://com.google.android.apps.messaging/files/datadownload/shared/public/datadownloadfile_1784077547726
07-14 21:05:59.553  3117  3292 D dasx    : Starting download: https://c.tenor.com/P64ts_1-2CIAAAAk/tenor.gif
07-14 21:05:59.553  3117  3292 V dasx    : Is http uri, downloading (uri: https://c.tenor.com/P64ts_1-2CIAAAAk/tenor.gif)
07-14 21:05:59.570  3117  3291 E MDD     : DownloadProgressMonitor: Can't find file group for uri: android://com.google.android.apps.messaging/files/datadownload/shared/public/datadownloadfile_1784077547727
07-14 21:05:59.571  3117  3249 D dasx    : Starting download: https://c.tenor.com/qK25DszMmeMAAAAk/tenor.gif
07-14 21:05:59.571  3117  3249 V dasx    : Is http uri, downloading (uri: https://c.tenor.com/qK25DszMmeMAAAAk/tenor.gif)
07-14 21:05:59.588  3117  3292 E MDD     : DownloadProgressMonitor: Can't find file group for uri: android://com.google.android.apps.messaging/files/datadownload/shared/public/datadownloadfile_1784077547728
07-14 21:05:59.589  3117  3291 D dasx    : Starting download: https://c.tenor.com/PBQeETKZ-wsAAAAk/tenor.gif
07-14 21:05:59.589  3117  3291 V dasx    : Is http uri, downloading (uri: https://c.tenor.com/PBQeETKZ-wsAAAAk/tenor.gif)
07-14 21:05:59.601  3117  3249 E MDD     : DownloadProgressMonitor: Can't find file group for uri: android://com.google.android.apps.messaging/files/datadownload/shared/public/datadownloadfile_1784077547729
07-14 21:05:59.602  3117  3292 D dasx    : Starting download: https://c.tenor.com/C6qHm6990aoAAAAk/tenor.gif
07-14 21:05:59.602  3117  3292 V dasx    : Is http uri, downloading (uri: https://c.tenor.com/C6qHm6990aoAAAAk/tenor.gif)
07-14 21:05:59.617  3117  3291 E MDD     : DownloadProgressMonitor: Can't find file group for uri: android://com.google.android.apps.messaging/files/datadownload/shared/public/datadownloadfile_1784077547730
07-14 21:05:59.624  3117  3249 D dasx    : Starting download: https://c.tenor.com/oQG3LFZ5CIUAAAAk/tenor.gif
07-14 21:05:59.624  3117  3249 V dasx    : Is http uri, downloading (uri: https://c.tenor.com/oQG3LFZ5CIUAAAAk/tenor.gif)
07-14 21:05:59.633   584  1072 W JobScheduler: Job didn't exist in JobStore: 9d95726 #u0a136/1 com.google.android.configupdater/.MainJobService
07-14 21:05:59.635  3117  3292 E MDD     : DownloadProgressMonitor: Can't find file group for uri: android://com.google.android.apps.messaging/files/datadownload/shared/public/datadownloadfile_1784077547731
07-14 21:05:59.638  3117  3291 D dasx    : Starting download: https://c.tenor.com/NF4F60jCiIgAAAAk/tenor.gif
07-14 21:05:59.638  3117  3291 V dasx    : Is http uri, downloading (uri: https://c.tenor.com/NF4F60jCiIgAAAAk/tenor.gif)
07-14 21:05:59.641  2759  3703 I ConfigUpdater: Update started
07-14 21:05:59.645  1472  1472 D BoundBrokerSvc: onUnbind: Intent { act=com.google.android.gms.pay.service.BIND dat=chimera-action:/... cmp=com.google.android.gms/.chimera.GmsApiService }
07-14 21:05:59.654   385   385 I netd    : tetherGetStats() -> {[]} <0.73ms>
07-14 21:05:59.655  3974  3978 W gs.intelligence: Cleared Reference was only reachable from finalizer (only reported once)
07-14 21:05:59.657  3117  3249 E MDD     : DownloadProgressMonitor: Can't find file group for uri: android://com.google.android.apps.messaging/files/datadownload/shared/public/datadownloadfile_1784077547732
07-14 21:05:59.658  3117  3291 E MDD     : DownloadProgressMonitor: Can't find file group for uri: android://com.google.android.apps.messaging/files/datadownload/shared/public/datadownloadfile_1784077547733
07-14 21:05:59.659  3117  3292 D dasx    : Starting download: https://c.tenor.com/0BP-FJexCAMAAAAk/tenor.gif
07-14 21:05:59.659  3117  3292 V dasx    : Is http uri, downloading (uri: https://c.tenor.com/0BP-FJexCAMAAAAk/tenor.gif)
07-14 21:05:59.660  3117  3249 D dasx    : Starting download: https://c.tenor.com/R9feEfMw9HsAAAAk/tenor.gif
07-14 21:05:59.660  3117  3249 V dasx    : Is http uri, downloading (uri: https://c.tenor.com/R9feEfMw9HsAAAAk/tenor.gif)
07-14 21:05:59.662  3974  3980 W gs.intelligence: ApkAssets: Deleting an ApkAssets object '<empty> and /product/priv-app/Velvet/Velvet.apk' with 1 weak references
07-14 21:05:59.663  3974  3980 W gs.intelligence: ApkAssets: Deleting an ApkAssets object '<empty> and /product/priv-app/WellbeingPrebuilt/WellbeingPrebuilt.apk' with 1 weak references
07-14 21:05:59.663  3974  3980 W gs.intelligence: ApkAssets: Deleting an ApkAssets object '<empty> and /apex/com.android.cellbroadcast/priv-app/GoogleCellBroadcastApp@350820300/GoogleCellBroadcastApp.apk' with 1 weak references
07-14 21:05:59.663  3974  3980 W gs.intelligence: ApkAssets: Deleting an ApkAssets object '<empty> and /product/priv-app/PrebuiltGmsCore/PrebuiltGmsCore.apk' with 1 weak references
07-14 21:05:59.664  3974  3980 W gs.intelligence: ApkAssets: Deleting an ApkAssets object '<empty> and /system_ext/priv-app/NexusLauncherRelease/NexusLauncherRelease.apk' with 1 weak references
07-14 21:05:59.664  3974  3980 W gs.intelligence: ApkAssets: Deleting an ApkAssets object '<empty> and /product/priv-app/SafetyHubPrebuilt/SafetyHubPrebuilt.apk' with 1 weak references
07-14 21:05:59.664  3974  3980 W gs.intelligence: ApkAssets: Deleting an ApkAssets object '<empty> and /system_ext/priv-app/SettingsGoogle/SettingsGoogle.apk' with 1 weak references
07-14 21:05:59.664  3974  3980 W gs.intelligence: ApkAssets: Deleting an ApkAssets object '/product/overlay/SettingsGoogle__sdk_gphone64_x86_64__auto_generated_rro_product.apk' with 1 weak references
07-14 21:05:59.666  3974  3980 W gs.intelligence: ApkAssets: Deleting an ApkAssets object '<empty> and /product/priv-app/PrebuiltBugle/PrebuiltBugle.apk' with 1 weak references
07-14 21:05:59.666  3974  3980 W gs.intelligence: ApkAssets: Deleting an ApkAssets object '<empty> and /product/app/LatinIMEGooglePrebuilt/LatinIMEGooglePrebuilt.apk' with 1 weak references
07-14 21:05:59.667  1833  4095 D DownloadManager: [7] Starting
07-14 21:05:59.672  2759  3703 I ConfigUpdater: Update started
07-14 21:05:59.677  3117  3249 E MDD     : DownloadProgressMonitor: Can't find file group for uri: android://com.google.android.apps.messaging/files/datadownload/shared/public/datadownloadfile_1784077547735
07-14 21:05:59.681   385  4096 I resolv  : GetAddrInfoHandler::run: {100 983140 100 983140 10095 0}
07-14 21:05:59.681   385  4098 I resolv  : res_nmkquery: (QUERY, IN, A)
07-14 21:05:59.681   385  4097 I resolv  : res_nmkquery: (QUERY, IN, AAAA)
07-14 21:05:59.682   385  4098 I resolv  : resolv_cache_lookup: FOUND IN CACHE entry=0x794bb89156d0
07-14 21:05:59.682   385  4098 I resolv  : doQuery: rcode=0, ancount=1, return value=49
07-14 21:05:59.683  3117  3291 D dasx    : Starting download: https://c.tenor.com/YhRVyP8wgIIAAAAk/tenor.gif
07-14 21:05:59.683  3117  3291 V dasx    : Is http uri, downloading (uri: https://c.tenor.com/YhRVyP8wgIIAAAAk/tenor.gif)
07-14 21:05:59.697   385  4097 I resolv  : res_nsend: used send_dg 61 terrno: 0
07-14 21:05:59.697   385  4097 I resolv  : doQuery: rcode=0, ancount=1, return value=61
07-14 21:05:59.698  1833  4095 D TrafficStats: tagSocket(94) with statsTag=0xffffff01, statsUid=10136
07-14 21:05:59.698  3117  3291 E MDD     : DownloadProgressMonitor: Can't find file group for uri: android://com.google.android.apps.messaging/files/datadownload/shared/public/datadownloadfile_1784077547736
07-14 21:05:59.703  3117  3249 D dasx    : Starting download: https://c.tenor.com/rdXxVEqOYlgAAAAk/tenor.gif
07-14 21:05:59.703  3117  3249 V dasx    : Is http uri, downloading (uri: https://c.tenor.com/rdXxVEqOYlgAAAAk/tenor.gif)
07-14 21:05:59.705   584   709 D ActivityManager: freezing 2682 com.android.imsserviceentitlement
07-14 21:05:59.705   584   914 D InetDiagMessage: Destroyed 0 sockets, proto=IPPROTO_TCP, family=AF_INET, states=14
07-14 21:05:59.705   584   914 D InetDiagMessage: Destroyed 0 sockets, proto=IPPROTO_TCP, family=AF_INET6, states=14
07-14 21:05:59.705   584   914 D InetDiagMessage: Destroyed live tcp sockets for uids={10138} in 0ms
07-14 21:05:59.721  3117  3249 E MDD     : DownloadProgressMonitor: Can't find file group for uri: android://com.google.android.apps.messaging/files/datadownload/shared/public/datadownloadfile_1784077547737
07-14 21:05:59.748  3117  3292 E MDD     : DownloadProgressMonitor: Can't find file group for uri: android://com.google.android.apps.messaging/files/datadownload/shared/public/datadownloadfile_1784077547734
07-14 21:05:59.748  3117  3291 D dasx    : Starting download: https://c.tenor.com/Tb3VRYTHdt4AAAAk/tenor.gif
07-14 21:05:59.748  3117  3291 V dasx    : Is http uri, downloading (uri: https://c.tenor.com/Tb3VRYTHdt4AAAAk/tenor.gif)
07-14 21:05:59.749  3117  3249 D dasx    : Starting download: https://c.tenor.com/KwC7gpNPTDUAAAAk/tenor.gif
07-14 21:05:59.749  3117  3249 V dasx    : Is http uri, downloading (uri: https://c.tenor.com/KwC7gpNPTDUAAAAk/tenor.gif)
07-14 21:05:59.778  3117  3291 E MDD     : DownloadProgressMonitor: Can't find file group for uri: android://com.google.android.apps.messaging/files/datadownload/shared/public/datadownloadfile_1784077547738
07-14 21:05:59.779  3117  3249 E MDD     : DownloadProgressMonitor: Can't find file group for uri: android://com.google.android.apps.messaging/files/datadownload/shared/public/datadownloadfile_1784077547739
07-14 21:05:59.779  3117  3292 D dasx    : Starting download: https://c.tenor.com/9DY4NT9R_YMAAAAk/tenor.gif
07-14 21:05:59.779  3117  3292 V dasx    : Is http uri, downloading (uri: https://c.tenor.com/9DY4NT9R_YMAAAAk/tenor.gif)
07-14 21:05:59.783  3117  3291 D dasx    : Starting download: https://c.tenor.com/-dHADrq1XfMAAAAk/tenor.gif
07-14 21:05:59.783  3117  3291 V dasx    : Is http uri, downloading (uri: https://c.tenor.com/-dHADrq1XfMAAAAk/tenor.gif)
